
> healthcare-data-validation@1.0.0 test:e2e
> playwright test

≡ƒôª Global setup: resetting shared report state and query log
[DatabaseConnection] Initialized in DEMO MODE ONLY
[DatabaseConnection] Initialized in DEMO MODE ONLY
[DatabaseConnection] Initialized in DEMO MODE ONLY
[DatabaseConnection] Initialized in DEMO MODE ONLY

Running 52 tests using 4 workers

[1A[2K[DatabaseConnection] Initialized in DEMO MODE ONLY

[1A[2K[DatabaseConnection] Initialized in DEMO MODE ONLY

[1A[2K[1/52] [chromium] ΓÇ║ tests\e2e\transformation.test.ts:25:9 ΓÇ║ Data Transformation & Truncation ΓÇ║ Transformation: Verify source data is completely transformed to target
[1A[2K[DatabaseConnection] Initialized in DEMO MODE ONLY

[1A[2K[2/52] [chromium] ΓÇ║ tests\e2e\schema-validation.test.ts:38:9 ΓÇ║ Great Expectations Schema Validation ΓÇ║ Patients Table Schema ΓÇ║ should validate patients source table schema
[1A[2K[3/52] [chromium] ΓÇ║ tests\e2e\automation.test.ts:39:5 ΓÇ║ Validate Patients Data - Mandatory Fields & Consistency
[1A[2K[chromium] ΓÇ║ tests\e2e\transformation.test.ts:25:9 ΓÇ║ Data Transformation & Truncation ΓÇ║ Transformation: Verify source data is completely transformed to target

[Transformation Tests] Initializing transformation validation suite

[1A[2K[chromium] ΓÇ║ tests\e2e\schema-validation.test.ts:38:9 ΓÇ║ Great Expectations Schema Validation ΓÇ║ Patients Table Schema ΓÇ║ should validate patients source table schema
[Schema Validation Tests] Initializing

[1A[2K[DatabaseConnection] Demo mode: Skipping database connection

[1A[2K[DatabaseConnection] Initialized in DEMO MODE ONLY

node.exe : [1A[2K[chromium] ΓÇ║ tests\e2e\transformation.test.ts:25:9 ΓÇ║ 
Data Transformation & Truncation ΓÇ║ Transformation: Verify source data is 
completely transformed to target
At C:\Program Files\nodejs\npm.ps1:29 char:3
+   & $NODE_EXE $NPM_CLI_JS $args
+   ~~~~~~~~~~~~~~~~~~~~~~~~~~~~~
    + CategoryInfo          : NotSpecified: ([1A[2K[chromi...ormed to target 
   :String) [], RemoteException
    + FullyQualifiedErrorId : NativeCommandError
 
Could not read query file: ../sql/source/patients.sql


[1A[2KError persisting query: SyntaxError: Unexpected non-whitespace 
character after JSON at position 69227 (line 1188 column 2)
    at JSON.parse (<anonymous>)
    at QueryStore.persistQuery [90m(C:\Largescale_Data-Demo\healthcare-data-va
lidation\[39msrc\queryStore.ts:51:35[90m)[39m
    at QueryStore.captureQuery [90m(C:\Largescale_Data-Demo\healthcare-data-va
lidation\[39msrc\queryStore.ts:44:14[90m)[39m
    at Repository.fetchSourceData [90m(C:\Largescale_Data-Demo\healthcare-data
-validation\[39msrc\db\repository.ts:22:25[90m)[39m
    at loadSourceData [90m(C:\Largescale_Data-Demo\healthcare-data-validation\
[39mutils\dataLoader.ts:4:23[90m)[39m
    at [90mC:\Largescale_Data-Demo\healthcare-data-validation\[39mtests\e2e\t
ransformation.test.ts:28:52
    at [90mC:\Largescale_Data-Demo\healthcare-data-validation\[39mnode_module
s\[4mplaywright[24m\lib\worker\workerMain.js:326:15
    at [90mC:\Largescale_Data-Demo\healthcare-data-validation\[39mnode_module
s\[4mplaywright[24m\lib\worker\testInfo.js:320:17
    at TimeoutManager.withRunnable [90m(C:\Largescale_Data-Demo\healthcare-dat
a-validation\[39mnode_modules\[4mplaywright[24m\lib\worker\timeoutManager.js
:76:9[90m)[39m
    at TestInfoImpl._runWithTimeout [90m(C:\Largescale_Data-Demo\healthcare-da
ta-validation\[39mnode_modules\[4mplaywright[24m\lib\worker\testInfo.js:318:
34[90m)[39m
    at [90mC:\Largescale_Data-Demo\healthcare-data-validation\[39mnode_module
s\[4mplaywright[24m\lib\worker\workerMain.js:324:22
    at WorkerMain._runTest [90m(C:\Largescale_Data-Demo\healthcare-data-valida
tion\[39mnode_modules\[4mplaywright[24m\lib\worker\workerMain.js:297:5[90m)
[39m
    at WorkerMain.runTestGroup [90m(C:\Largescale_Data-Demo\healthcare-data-va
lidation\[39mnode_modules\[4mplaywright[24m\lib\worker\workerMain.js:203:9[
90m)[39m
    at process.<anonymous> [90m(C:\Largescale_Data-Demo\healthcare-data-valida
tion\[39mnode_modules\[4mplaywright[24m\lib\common\process.js:73:22[90m)[3
9m
[1A[2K[QueryStore] Captured repository query for patients_source

[1A[2K[Repository] Generated 10 mock records for patients

[1A[2KCould not read query file: ../sql/target/patients.sql

[1A[2K[chromium] ΓÇ║ tests\e2e\schema-validation.test.ts:38:9 ΓÇ║ Great 
Expectations Schema Validation ΓÇ║ Patients Table Schema ΓÇ║ should validate 
patients source table schema
Could not read query file: ../sql/source/patients.sql

[1A[2K[chromium] ΓÇ║ tests\e2e\automation.test.ts:39:5 ΓÇ║ Validate Patients Data - Mandatory Fields & Consistency
[Test Suite] Initializing in DEMO MODE ONLY

[1A[2K[chromium] ΓÇ║ tests\e2e\transformation.test.ts:25:9 ΓÇ║ Data 
Transformation & Truncation ΓÇ║ Transformation: Verify source data is 
completely transformed to target
Error persisting query: SyntaxError: Unexpected non-whitespace character after 
JSON at position 69227 (line 1188 column 2)
    at JSON.parse (<anonymous>)
    at QueryStore.persistQuery [90m(C:\Largescale_Data-Demo\healthcare-data-va
lidation\[39msrc\queryStore.ts:51:35[90m)[39m
    at QueryStore.captureQuery [90m(C:\Largescale_Data-Demo\healthcare-data-va
lidation\[39msrc\queryStore.ts:44:14[90m)[39m
    at Repository.fetchTargetData [90m(C:\Largescale_Data-Demo\healthcare-data
-validation\[39msrc\db\repository.ts:28:25[90m)[39m
    at loadTargetData [90m(C:\Largescale_Data-Demo\healthcare-data-validation\
[39mutils\dataLoader.ts:8:23[90m)[39m
    at [90mC:\Largescale_Data-Demo\healthcare-data-validation\[39mtests\e2e\t
ransformation.test.ts:29:52
    at [90mC:\Largescale_Data-Demo\healthcare-data-validation\[39mnode_module
s\[4mplaywright[24m\lib\worker\workerMain.js:326:9
    at [90mC:\Largescale_Data-Demo\healthcare-data-validation\[39mnode_module
s\[4mplaywright[24m\lib\worker\testInfo.js:320:11
    at TimeoutManager.withRunnable [90m(C:\Largescale_Data-Demo\healthcare-dat
a-validation\[39mnode_modules\[4mplaywright[24m\lib\worker\timeoutManager.js
:75:14[90m)[39m
    at TestInfoImpl._runWithTimeout [90m(C:\Largescale_Data-Demo\healthcare-da
ta-validation\[39mnode_modules\[4mplaywright[24m\lib\worker\testInfo.js:318:
7[90m)[39m
    at [90mC:\Largescale_Data-Demo\healthcare-data-validation\[39mnode_module
s\[4mplaywright[24m\lib\worker\workerMain.js:324:7
    at WorkerMain._runTest [90m(C:\Largescale_Data-Demo\healthcare-data-valida
tion\[39mnode_modules\[4mplaywright[24m\lib\worker\workerMain.js:297:5[90m)
[39m
    at WorkerMain.runTestGroup [90m(C:\Largescale_Data-Demo\healthcare-data-va
lidation\[39mnode_modules\[4mplaywright[24m\lib\worker\workerMain.js:203:9[
90m)[39m
    at process.<anonymous> [90m(C:\Largescale_Data-Demo\healthcare-data-valida
tion\[39mnode_modules\[4mplaywright[24m\lib\common\process.js:73:22[90m)[3
9m

[1A[2K[chromium] ΓÇ║ tests\e2e\automation.test.ts:39:5 ΓÇ║ Validate Patients Data - Mandatory Fields & Consistency
[Test Suite] All queries will be captured centrally

[1A[2K[chromium] ΓÇ║ tests\e2e\transformation.test.ts:25:9 ΓÇ║ Data Transformation & Truncation ΓÇ║ Transformation: Verify source data is completely transformed to target
[QueryStore] Captured repository query for patients_target

[1A[2K[chromium] ΓÇ║ tests\e2e\automation.test.ts:39:5 ΓÇ║ Validate Patients Data - Mandatory Fields & Consistency
[DatabaseConnection] Demo mode: Skipping database connection

[1A[2K[chromium] ΓÇ║ tests\e2e\schema-validation.test.ts:38:9 ΓÇ║ Great 
Expectations Schema Validation ΓÇ║ Patients Table Schema ΓÇ║ should validate 
patients source table schema
Error persisting query: SyntaxError: Unexpected non-whitespace character after 
JSON at position 69227 (line 1188 column 2)
    at JSON.parse (<anonymous>)
    at QueryStore.persistQuery [90m(C:\Largescale_Data-Demo\healthcare-data-va
lidation\[39msrc\queryStore.ts:51:35[90m)[39m
    at QueryStore.captureQuery [90m(C:\Largescale_Data-Demo\healthcare-data-va
lidation\[39msrc\queryStore.ts:44:14[90m)[39m
    at Repository.fetchSourceData [90m(C:\Largescale_Data-Demo\healthcare-data
-validation\[39msrc\db\repository.ts:22:25[90m)[39m
    at [90mC:\Largescale_Data-Demo\healthcare-data-validation\[39mtests\e2e\s
chema-validation.test.ts:44:49
    at [90mC:\Largescale_Data-Demo\healthcare-data-validation\[39mnode_module
s\[4mplaywright[24m\lib\worker\workerMain.js:326:15
    at [90mC:\Largescale_Data-Demo\healthcare-data-validation\[39mnode_module
s\[4mplaywright[24m\lib\worker\testInfo.js:320:17
    at TimeoutManager.withRunnable [90m(C:\Largescale_Data-Demo\healthcare-dat
a-validation\[39mnode_modules\[4mplaywright[24m\lib\worker\timeoutManager.js
:76:9[90m)[39m
    at TestInfoImpl._runWithTimeout [90m(C:\Largescale_Data-Demo\healthcare-da
ta-validation\[39mnode_modules\[4mplaywright[24m\lib\worker\testInfo.js:318:
34[90m)[39m
    at [90mC:\Largescale_Data-Demo\healthcare-data-validation\[39mnode_module
s\[4mplaywright[24m\lib\worker\workerMain.js:324:22
    at WorkerMain._runTest [90m(C:\Largescale_Data-Demo\healthcare-data-valida
tion\[39mnode_modules\[4mplaywright[24m\lib\worker\workerMain.js:297:5[90m)
[39m
    at WorkerMain.runTestGroup [90m(C:\Largescale_Data-Demo\healthcare-data-va
lidation\[39mnode_modules\[4mplaywright[24m\lib\worker\workerMain.js:203:9[
90m)[39m

[1A[2K[QueryStore] Captured repository query for patients_source

    at process.<anonymous> [90m(C:\Largescale_Data-Demo\healthcare-data-valida
tion\[39mnode_modules\[4mplaywright[24m\lib\common\process.js:73:22[90m)[3
9m
[1A[2K[Repository] Generated 10 mock records for patients

[1A[2K[4/52] [chromium] ΓÇ║ tests\e2e\baseline-comparison.test.ts:40:9 ΓÇ║ Enhanced Healthcare Data Validation Framework ΓÇ║ Validate Patients: Schema, Mandatory Fields & Domain Rules
[1A[2K[chromium] ΓÇ║ tests\e2e\transformation.test.ts:25:9 ΓÇ║ Data Transformation & Truncation ΓÇ║ Transformation: Verify source data is completely transformed to target
Γ£à Patients: All 10 source records transformed to target

[1A[2K[5/52] [chromium] ΓÇ║ tests\e2e\transformation.test.ts:63:9 ΓÇ║ Data Transformation & Truncation ΓÇ║ Transformation: Field mapping validation - Patients
[1A[2K[chromium] ΓÇ║ tests\e2e\automation.test.ts:39:5 ΓÇ║ Validate Patients 
Data - Mandatory Fields & Consistency
Could not read query file: ../sql/source/patients.sql

[1A[2KError persisting query: SyntaxError: Unexpected non-whitespace 
character after JSON at position 69227 (line 1188 column 2)
    at JSON.parse (<anonymous>)
    at QueryStore.persistQuery [90m(C:\Largescale_Data-Demo\healthcare-data-va
lidation\[39msrc\queryStore.ts:51:35[90m)[39m
    at QueryStore.captureQuery [90m(C:\Largescale_Data-Demo\healthcare-data-va
lidation\[39msrc\queryStore.ts:44:14[90m)[39m
    at Repository.fetchSourceData [90m(C:\Largescale_Data-Demo\healthcare-data
-validation\[39msrc\db\repository.ts:22:25[90m)[39m
    at loadSourceData [90m(C:\Largescale_Data-Demo\healthcare-data-validation\
[39mutils\dataLoader.ts:4:23[90m)[39m
    at [90mC:\Largescale_Data-Demo\healthcare-data-validation\[39mtests\e2e\a
utomation.test.ts:46:52
    at [90mC:\Largescale_Data-Demo\healthcare-data-validation\[39mnode_module
s\[4mplaywright[24m\lib\worker\workerMain.js:326:15
    at [90mC:\Largescale_Data-Demo\healthcare-data-validation\[39mnode_module
s\[4mplaywright[24m\lib\worker\testInfo.js:320:17
    at TimeoutManager.withRunnable [90m(C:\Largescale_Data-Demo\healthcare-dat
a-validation\[39mnode_modules\[4mplaywright[24m\lib\worker\timeoutManager.js
:76:9[90m)[39m
    at TestInfoImpl._runWithTimeout [90m(C:\Largescale_Data-Demo\healthcare-da
ta-validation\[39mnode_modules\[4mplaywright[24m\lib\worker\testInfo.js:318:
34[90m)[39m
    at [90mC:\Largescale_Data-Demo\healthcare-data-validation\[39mnode_module
s\[4mplaywright[24m\lib\worker\workerMain.js:324:22
    at WorkerMain._runTest [90m(C:\Largescale_Data-Demo\healthcare-data-valida
tion\[39mnode_modules\[4mplaywright[24m\lib\worker\workerMain.js:297:5[90m)
[39m
    at WorkerMain.runTestGroup [90m(C:\Largescale_Data-Demo\healthcare-data-va
lidation\[39mnode_modules\[4mplaywright[24m\lib\worker\workerMain.js:203:9[
90m)[39m
    at process.<anonymous> [90m(C:\Largescale_Data-Demo\healthcare-data-valida
tion\[39mnode_modules\[4mplaywright[24m\lib\common\process.js:73:22[90m)[3
9m

[1A[2K[QueryStore] Captured repository query for patients_source

[1A[2K[Repository] Generated 10 mock records for patients

[1A[2K[chromium] ΓÇ║ tests\e2e\baseline-comparison.test.ts:40:9 ΓÇ║ Enhanced Healthcare Data Validation Framework ΓÇ║ Validate Patients: Schema, Mandatory Fields & Domain Rules
[DatabaseConnection] Demo mode: Skipping database connection

[1A[2K[chromium] ΓÇ║ tests\e2e\transformation.test.ts:63:9 ΓÇ║ Data 
Transformation & Truncation ΓÇ║ Transformation: Field mapping validation - 
Patients
Could not read query file: ../sql/source/patients.sql

[1A[2K[chromium] ΓÇ║ tests\e2e\automation.test.ts:39:5 ΓÇ║ Validate Patients 
Data - Mandatory Fields & Consistency

Could not read query file: ../sql/target/patients.sql
[1A[2K[chromium] ΓÇ║ tests\e2e\transformation.test.ts:63:9 ΓÇ║ Data 
Transformation & Truncation ΓÇ║ Transformation: Field mapping validation - 
Patients
Error persisting query: SyntaxError: Unexpected non-whitespace character after 
JSON at position 69227 (line 1188 column 2)
    at JSON.parse (<anonymous>)
    at QueryStore.persistQuery [90m(C:\Largescale_Data-Demo\healthcare-data-va
lidation\[39msrc\queryStore.ts:51:35[90m)[39m
    at QueryStore.captureQuery [90m(C:\Largescale_Data-Demo\healthcare-data-va
lidation\[39msrc\queryStore.ts:44:14[90m)[39m
    at Repository.fetchSourceData [90m(C:\Largescale_Data-Demo\healthcare-data
-validation\[39msrc\db\repository.ts:22:25[90m)[39m

    at loadSourceData [90m(C:\Largescale_Data-Demo\healthcare-data-validation\
[39mutils\dataLoader.ts:4:23[90m)[39m
    at [90mC:\Largescale_Data-Demo\healthcare-data-validation\[39mtests\e2e\t
ransformation.test.ts:66:52
    at [90mC:\Largescale_Data-Demo\healthcare-data-validation\[39mnode_module
s\[4mplaywright[24m\lib\worker\workerMain.js:326:15
    at [90mC:\Largescale_Data-Demo\healthcare-data-validation\[39mnode_module
s\[4mplaywright[24m\lib\worker\testInfo.js:320:17
    at TimeoutManager.withRunnable [90m(C:\Largescale_Data-Demo\healthcare-dat
a-validation\[39mnode_modules\[4mplaywright[24m\lib\worker\timeoutManager.js
:76:9[90m)[39m
    at TestInfoImpl._runWithTimeout [90m(C:\Largescale_Data-Demo\healthcare-da
ta-validation\[39mnode_modules\[4mplaywright[24m\lib\worker\testInfo.js:318:
34[90m)[39m
    at [90mC:\Largescale_Data-Demo\healthcare-data-validation\[39mnode_module
s\[4mplaywright[24m\lib\worker\workerMain.js:324:22
    at WorkerMain._runTest [90m(C:\Largescale_Data-Demo\healthcare-data-valida
tion\[39mnode_modules\[4mplaywright[24m\lib\worker\workerMain.js:297:5[90m)
[39m
    at WorkerMain.runTestGroup [90m(C:\Largescale_Data-Demo\healthcare-data-va
lidation\[39mnode_modules\[4mplaywright[24m\lib\worker\workerMain.js:203:9[
90m)[39m
[1A[2K[QueryStore] Captured repository query for patients_source

[1A[2K[Repository] Generated 10 mock records for patients

    at process.<anonymous> [90m(C:\Largescale_Data-Demo\healthcare-data-valida
tion\[39mnode_modules\[4mplaywright[24m\lib\common\process.js:73:22[90m)[3
9m
[1A[2KCould not read query file: ../sql/target/patients.sql
[1A[2K[chromium] ΓÇ║ tests\e2e\automation.test.ts:39:5 ΓÇ║ Validate Patients 
Data - Mandatory Fields & Consistency


Error persisting query: SyntaxError: Unexpected non-whitespace character after 
JSON at position 69227 (line 1188 column 2)
[1A[2K[QueryStore] Captured repository query for patients_target
    at JSON.parse (<anonymous>)

    at QueryStore.persistQuery [90m(C:\Largescale_Data-Demo\healthcare-data-va
lidation\[39msrc\queryStore.ts:51:35[90m)[39m

    at QueryStore.captureQuery [90m(C:\Largescale_Data-Demo\healthcare-data-va
lidation\[39msrc\queryStore.ts:44:14[90m)[39m

    at Repository.fetchTargetData [90m(C:\Largescale_Data-Demo\healthcare-data
-validation\[39msrc\db\repository.ts:28:25[90m)[39m
[1A[2K[chromium] ΓÇ║ tests\e2e\transformation.test.ts:63:9 ΓÇ║ Data Transformation & Truncation ΓÇ║ Transformation: Field mapping validation - Patients
[QueryStore] Captured repository query for patients_target



[1A[2K[chromium] ΓÇ║ tests\e2e\schema-validation.test.ts:38:9 ΓÇ║ Great Expectations Schema Validation ΓÇ║ Patients Table Schema ΓÇ║ should validate patients source table schema
Patients Source Schema Validation: {
    at loadTargetData [90m(C:\Largescale_Data-Demo\healthcare-data-validation\
[39mutils\dataLoader.ts:8:23[90m)[39m
    at [90mC:\Largescale_Data-Demo\healthcare-data-validation\[39mtests\e2e\a
utomation.test.ts:56:52
  error: [33mtrue[39m,
  message: [32m'Python was not found; run without arguments to install from the Microsoft Store, or disable this shortcut from Settings > Apps > Advanced app settings > App execution aliases.\r\n'[39m,
  table: [32m'patients'[39m,
  valid: [33mfalse[39m,
  errors: [
    at [90mC:\Largescale_Data-Demo\healthcare-data-validation\[39mnode_module
s\[4mplaywright[24m\lib\worker\workerMain.js:326:9
    at [90mC:\Largescale_Data-Demo\healthcare-data-validation\[39mnode_module
s\[4mplaywright[24m\lib\worker\testInfo.js:320:11
    at TimeoutManager.withRunnable [90m(C:\Largescale_Data-Demo\healthcare-dat
a-validation\[39mnode_modules\[4mplaywright[24m\lib\worker\timeoutManager.js
:75:14[90m)[39m
    [32m'Python was not found; run without arguments to install from the Microsoft Store, or disable this shortcut from Settings > Apps > Advanced app settings > App execution aliases.\r\n'[39m
  ],
  warnings: [],
    at TestInfoImpl._runWithTimeout [90m(C:\Largescale_Data-Demo\healthcare-da
ta-validation\[39mnode_modules\[4mplaywright[24m\lib\worker\testInfo.js:318:
7[90m)[39m
  summary: {
    at [90mC:\Largescale_Data-Demo\healthcare-data-validation\[39mnode_module
s\[4mplaywright[24m\lib\worker\workerMain.js:324:7
    column_count_match: [33mfalse[39m,
    at WorkerMain._runTest [90m(C:\Largescale_Data-Demo\healthcare-data-valida
tion\[39mnode_modules\[4mplaywright[24m\lib\worker\workerMain.js:297:5[90m)
[39m
    all_mandatory_present: [33mfalse[39m,
    at WorkerMain.runTestGroup [90m(C:\Largescale_Data-Demo\healthcare-data-va
lidation\[39mnode_modules\[4mplaywright[24m\lib\worker\workerMain.js:203:9[
90m)[39m
    type_mismatches: [33m0[39m,
    at process.<anonymous> [90m(C:\Largescale_Data-Demo\healthcare-data-valida
tion\[39mnode_modules\[4mplaywright[24m\lib\common\process.js:73:22[90m)[3
9m
[1A[2K[chromium] ΓÇ║ tests\e2e\transformation.test.ts:63:9 ΓÇ║ Data 
Transformation & Truncation ΓÇ║ Transformation: Field mapping validation - 
Patients
Error persisting query: SyntaxError: Unexpected non-whitespace character after 
JSON at position 69227 (line 1188 column 2)
    at JSON.parse (<anonymous>)
    at QueryStore.persistQuery [90m(C:\Largescale_Data-Demo\healthcare-data-va
lidation\[39msrc\queryStore.ts:51:35[90m)[39m
    at QueryStore.captureQuery [90m(C:\Largescale_Data-Demo\healthcare-data-va
lidation\[39msrc\queryStore.ts:44:14[90m)[39m
    at Repository.fetchTargetData [90m(C:\Largescale_Data-Demo\healthcare-data
-validation\[39msrc\db\repository.ts:28:25[90m)[39m
    at loadTargetData [90m(C:\Largescale_Data-Demo\healthcare-data-validation\
[39mutils\dataLoader.ts:8:23[90m)[39m
    at [90mC:\Largescale_Data-Demo\healthcare-data-validation\[39mtests\e2e\t
ransformation.test.ts:67:52
    at [90mC:\Largescale_Data-Demo\healthcare-data-validation\[39mnode_module
s\[4mplaywright[24m\lib\worker\workerMain.js:326:9
    at [90mC:\Largescale_Data-Demo\healthcare-data-validation\[39mnode_module
s\[4mplaywright[24m\lib\worker\testInfo.js:320:11
    extra_columns: [],
    missing_columns: []
  }
    at TimeoutManager.withRunnable [90m(C:\Largescale_Data-Demo\healthcare-dat
a-validation\[39mnode_modules\[4mplaywright[24m\lib\worker\timeoutManager.js
:75:14[90m)[39m
    at TestInfoImpl._runWithTimeout [90m(C:\Largescale_Data-Demo\healthcare-da
ta-validation\[39mnode_modules\[4mplaywright[24m\lib\worker\testInfo.js:318:
7[90m)[39m
}
    at [90mC:\Largescale_Data-Demo\healthcare-data-validation\[39mnode_module
s\[4mplaywright[24m\lib\worker\workerMain.js:324:7

    at WorkerMain._runTest [90m(C:\Largescale_Data-Demo\healthcare-data-valida
tion\[39mnode_modules\[4mplaywright[24m\lib\worker\workerMain.js:297:5[90m)
[39m

    at WorkerMain.runTestGroup [90m(C:\Largescale_Data-Demo\healthcare-data-va
lidation\[39mnode_modules\[4mplaywright[24m\lib\worker\workerMain.js:203:9[
90m)[39m
[1A[2K[QueryStore] Captured repository query for patients_source
    at process.<anonymous> [90m(C:\Largescale_Data-Demo\healthcare-data-valida
tion\[39mnode_modules\[4mplaywright[24m\lib\common\process.js:73:22[90m)[3
9m

[1A[2K[Repository] Generated 10 mock records for patients


[1A[2K[chromium] ΓÇ║ tests\e2e\schema-validation.test.ts:38:9 ΓÇ║ Great 
Expectations Schema Validation ΓÇ║ Patients Table Schema ΓÇ║ should validate 
patients source table schema
[1A[2K[chromium] ΓÇ║ tests\e2e\automation.test.ts:39:5 ΓÇ║ Validate Patients Data - Mandatory Fields & Consistency
[DatabaseConnection] Demo mode: Skipping database disconnection


[1A[2K[chromium] ΓÇ║ tests\e2e\automation.test.ts:39:5 ΓÇ║ Validate Patients Data - Mandatory Fields & Consistency

========== Query Capture Report ==========
Python was not found; run without arguments to install from the Microsoft 
Store, or disable this shortcut from Settings > Apps > Advanced app settings > 
App execution aliases.
[1A[2K[chromium] ΓÇ║ tests\e2e\schema-validation.test.ts:38:9 ΓÇ║ Great 
Expectations Schema Validation ΓÇ║ Patients Table Schema ΓÇ║ should validate 
patients source table schema
GE Schema Validator Error: Python was not found; run without arguments to 
install from the Microsoft Store, or disable this shortcut from Settings > 
Apps > Advanced app settings > App execution aliases.


[1A[2K[chromium] ΓÇ║ tests\e2e\baseline-comparison.test.ts:40:9 ΓÇ║ Enhanced Healthcare Data Validation Framework ΓÇ║ Validate Patients: Schema, Mandatory Fields & Domain Rules
[QueryStore] Captured repository query for patients_target
[1A[2K[chromium] ΓÇ║ tests\e2e\baseline-comparison.test.ts:40:9 ΓÇ║ Enhanced 
Healthcare Data Validation Framework ΓÇ║ Validate Patients: Schema, Mandatory 
Fields & Domain Rules
Could not read query file: ../sql/source/patients.sql

[1A[2K[chromium] ΓÇ║ tests\e2e\baseline-comparison.test.ts:40:9 ΓÇ║ Enhanced 
Healthcare Data Validation Framework ΓÇ║ Validate Patients: Schema, Mandatory 
Fields & Domain Rules
[1A[2K  1) [chromium] ΓÇ║ tests\e2e\transformation.test.ts:63:9 ΓÇ║ Data Transformation & Truncation ΓÇ║ Transformation: Field mapping validation - Patients 
Error persisting query: SyntaxError: Unexpected non-whitespace character after 
JSON at position 69227 (line 1188 column 2)

    at JSON.parse (<anonymous>)
    Error: [2mexpect([22m[31mreceived[39m[2m).[22mtoHaveProperty[2m([22m[32mpath[39m[2m)[22m
    at QueryStore.persistQuery [90m(C:\Largescale_Data-Demo\healthcare-data-va
lidation\[39msrc\queryStore.ts:51:35[90m)[39m

    Expected path: [32m"id"[39m
    Received path: [31m[][39m

    Received value: [31m{"dob": "1981-02-01", "gender": "F", "name": "Patient 1", "patient_id": 1}[39m

      74 |
      75 |             requiredFields.forEach(field => {
    > 76 |                 expect(sourceRecord).toHaveProperty(field);
    at QueryStore.captureQuery [90m(C:\Largescale_Data-Demo\healthcare-data-va
lidation\[39msrc\queryStore.ts:44:14[90m)[39m
    at Repository.fetchSourceData [90m(C:\Largescale_Data-Demo\healthcare-data
-validation\[39msrc\db\repository.ts:22:25[90m)[39m
    at loadSourceData [90m(C:\Largescale_Data-Demo\healthcare-data-validation\
[39mutils\dataLoader.ts:4:23[90m)[39m
    at Object.executor [90m(C:\Largescale_Data-Demo\healthcare-data-validation
\[39mtests\e2e\baseline-comparison.test.ts:46:60[90m)[39m
    at runValidationTest [90m(C:\Largescale_Data-Demo\healthcare-data-validati
on\[39mutils\testRunner.ts:19:23[90m)[39m
         |                                      ^
      77 |             });
    at [90mC:\Largescale_Data-Demo\healthcare-data-validation\[39mtests\e2e\b
aseline-comparison.test.ts:41:32
    at [90mC:\Largescale_Data-Demo\healthcare-data-validation\[39mnode_module
s\[4mplaywright[24m\lib\worker\workerMain.js:326:15
    at [90mC:\Largescale_Data-Demo\healthcare-data-validation\[39mnode_module
s\[4mplaywright[24m\lib\worker\testInfo.js:320:17
      78 |
      79 |             const targetRecord = targetData.find(t => t.id === sourceRecord.id);
        at forEach (C:\Largescale_Data-Demo\healthcare-data-validation\tests\e2e\transformation.test.ts:76:38)
        at C:\Largescale_Data-Demo\healthcare-data-validation\tests\e2e\transformation.test.ts:75:28
    at TimeoutManager.withRunnable [90m(C:\Largescale_Data-Demo\healthcare-dat
a-validation\[39mnode_modules\[4mplaywright[24m\lib\worker\timeoutManager.js
:76:9[90m)[39m

    at TestInfoImpl._runWithTimeout [90m(C:\Largescale_Data-Demo\healthcare-da
ta-validation\[39mnode_modules\[4mplaywright[24m\lib\worker\testInfo.js:318:
34[90m)[39m
    Error Context: test-results\transformation-Data-Transf-63d02-pping-validation---Patients-chromium\error-context.md
    at [90mC:\Largescale_Data-Demo\healthcare-data-validation\[39mnode_module
s\[4mplaywright[24m\lib\worker\workerMain.js:324:22

    at WorkerMain._runTest [90m(C:\Largescale_Data-Demo\healthcare-data-valida
tion\[39mnode_modules\[4mplaywright[24m\lib\worker\workerMain.js:297:5[90m)
[39m

[1A[2K[chromium] ΓÇ║ tests\e2e\automation.test.ts:39:5 ΓÇ║ Validate Patients Data - Mandatory Fields & Consistency
{
  "totalQueries": 2,
  "queriesBySource": {
    at WorkerMain.runTestGroup [90m(C:\Largescale_Data-Demo\healthcare-data-va
lidation\[39mnode_modules\[4mplaywright[24m\lib\worker\workerMain.js:203:9[
90m)[39m
    at process.<anonymous> [90m(C:\Largescale_Data-Demo\healthcare-data-valida
tion\[39mnode_modules\[4mplaywright[24m\lib\common\process.js:73:22[90m)[3
9m
[1A[2KCould not read query file: ../sql/target/patients.sql
[1A[2K[chromium] ΓÇ║ tests\e2e\baseline-comparison.test.ts:40:9 ΓÇ║ Enhanced 
Healthcare Data Validation Framework ΓÇ║ Validate Patients: Schema, Mandatory 
Fields & Domain Rules
Error persisting query: SyntaxError: Unexpected non-whitespace character after 
JSON at position 69227 (line 1188 column 2)
    "repository": 2,
    "connection": 0
  },
  "queriesByTable": {
    "patients_source": 1,
    "patients_target": 1
    at JSON.parse (<anonymous>)
    at QueryStore.persistQuery [90m(C:\Largescale_Data-Demo\healthcare-data-va
lidation\[39msrc\queryStore.ts:51:35[90m)[39m
    at QueryStore.captureQuery [90m(C:\Largescale_Data-Demo\healthcare-data-va
lidation\[39msrc\queryStore.ts:44:14[90m)[39m
    at Repository.fetchTargetData [90m(C:\Largescale_Data-Demo\healthcare-data
-validation\[39msrc\db\repository.ts:28:25[90m)[39m
    at loadTargetData [90m(C:\Largescale_Data-Demo\healthcare-data-validation\
[39mutils\dataLoader.ts:8:23[90m)[39m
    at Object.executor [90m(C:\Largescale_Data-Demo\healthcare-data-validation
\[39mtests\e2e\baseline-comparison.test.ts:47:60[90m)[39m
    at runValidationTest [90m(C:\Largescale_Data-Demo\healthcare-data-validati
on\[39mutils\testRunner.ts:19:9[90m)[39m
    at [90mC:\Largescale_Data-Demo\healthcare-data-validation\[39mtests\e2e\b
aseline-comparison.test.ts:41:9
    at [90mC:\Largescale_Data-Demo\healthcare-data-validation\[39mnode_module
s\[4mplaywright[24m\lib\worker\workerMain.js:326:9
  },
  "timestamp": "2026-04-09T17:22:45.704Z"
    at [90mC:\Largescale_Data-Demo\healthcare-data-validation\[39mnode_module
s\[4mplaywright[24m\lib\worker\testInfo.js:320:11
}

[1A[2K
========== Validation Report ==========

    at TimeoutManager.withRunnable [90m(C:\Largescale_Data-Demo\healthcare-dat
a-validation\[39mnode_modules\[4mplaywright[24m\lib\worker\timeoutManager.js
:75:14[90m)[39m
[1A[2K[chromium] ΓÇ║ tests\e2e\schema-validation.test.ts:38:9 ΓÇ║ Great Expectations Schema Validation ΓÇ║ Patients Table Schema ΓÇ║ should validate patients source table schema
    at TestInfoImpl._runWithTimeout [90m(C:\Largescale_Data-Demo\healthcare-da
ta-validation\[39mnode_modules\[4mplaywright[24m\lib\worker\testInfo.js:318:
7[90m)[39m
    at [90mC:\Largescale_Data-Demo\healthcare-data-validation\[39mnode_module
s\[4mplaywright[24m\lib\worker\workerMain.js:324:7
    at WorkerMain._runTest [90m(C:\Largescale_Data-Demo\healthcare-data-valida
tion\[39mnode_modules\[4mplaywright[24m\lib\worker\workerMain.js:297:5[90m)
[39m
    at WorkerMain.runTestGroup [90m(C:\Largescale_Data-Demo\healthcare-data-va
lidation\[39mnode_modules\[4mplaywright[24m\lib\worker\workerMain.js:203:9[
90m)[39m
[DatabaseConnection] Demo mode: Skipping database disconnection

    at process.<anonymous> [90m(C:\Largescale_Data-Demo\healthcare-data-valida
tion\[39mnode_modules\[4mplaywright[24m\lib\common\process.js:73:22[90m)[3
9m
[1A[2K[chromium] ΓÇ║ tests\e2e\automation.test.ts:39:5 ΓÇ║ Validate Patients Data - Mandatory Fields & Consistency
Anomaly Report



[1A[2K[chromium] ΓÇ║ tests\e2e\schema-validation.test.ts:38:9 ΓÇ║ Great Expectations Schema Validation ΓÇ║ Patients Table Schema ΓÇ║ should validate patients source table schema

Γ£à Schema Validation Report generated: reports/schema-validation-report.html

[1A[2K[chromium] ΓÇ║ tests\e2e\baseline-comparison.test.ts:40:9 ΓÇ║ Enhanced Healthcare Data Validation Framework ΓÇ║ Validate Patients: Schema, Mandatory Fields & Domain Rules
[DatabaseConnection] Demo mode: Skipping database disconnection

[1A[2K  2) [chromium] ΓÇ║ tests\e2e\automation.test.ts:39:5 ΓÇ║ Validate Patients Data - Mandatory Fields & Consistency 

    Error: [2mexpect([22m[31mreceived[39m[2m).[22mtoBe[2m([22m[32mexpected[39m[2m) // Object.is equality[22m

    Expected: [32m0[39m
    Received: [31m7[39m

      66 |         const patientsValidator = new PatientsValidator();
      67 |         const anomalies = patientsValidator.validate(sourcePatients, targetPatients);
    > 68 |         expect(anomalies.length).toBe(0);
         |                                  ^
      69 |         const anomalyLog = formatAnomalySummary(anomalies);
      70 |         steps.push({
      71 |             name: 'Run validation',
        at C:\Largescale_Data-Demo\healthcare-data-validation\tests\e2e\automation.test.ts:68:34

    Error Context: test-results\automation-Validate-Patien-acf8e-andatory-Fields-Consistency-chromium\error-context.md

    Error Context: test-results\automation-Validate-Patien-acf8e-andatory-Fields-Consistency-chromium\error-context.md


[1A[2K  3) [chromium] ΓÇ║ tests\e2e\schema-validation.test.ts:38:9 ΓÇ║ Great Expectations Schema Validation ΓÇ║ Patients Table Schema ΓÇ║ should validate patients source table schema 

    Error: [2mexpect([22m[31mreceived[39m[2m).[22mtoBe[2m([22m[32mexpected[39m[2m) // Object.is equality[22m

    Expected: [32mtrue[39m
    Received: [31mfalse[39m

      65 |         // Assertions
      66 |         expect(result.table).toBe('patients');
    > 67 |         expect(result.summary.column_count_match).toBe(true);
         |                                                   ^
      68 |         expect(result.errors.length).toBe(0);
      69 |         expect(result.summary.all_mandatory_present).toBe(true);
      70 |
        at C:\Largescale_Data-Demo\healthcare-data-validation\tests\e2e\schema-validation.test.ts:67:51

    Error Context: test-results\schema-validation-Great-Ex-faf38-atients-source-table-schema-chromium\error-context.md

    Error Context: test-results\schema-validation-Great-Ex-faf38-atients-source-table-schema-chromium\error-context.md

    Error Context: test-results\schema-validation-Great-Ex-faf38-atients-source-table-schema-chromium\error-context.md


[1A[2K  4) [chromium] ΓÇ║ tests\e2e\baseline-comparison.test.ts:40:9 ΓÇ║ Enhanced Healthcare Data Validation Framework ΓÇ║ Validate Patients: Schema, Mandatory Fields & Domain Rules 

    Error: [2mexpect([22m[31mreceived[39m[2m).[22mtoBe[2m([22m[32mexpected[39m[2m) // Object.is equality[22m

    Expected: [32mtrue[39m
    Received: [31mfalse[39m

      69 |
      70 |                 expect(anomalies.length).toBeGreaterThan(0);
    > 71 |                 expect(anomalies.some(a => a.rule.includes('schema mismatch'))).toBe(true);
         |                                                                                 ^
      72 |                 expect(anomalies.some(a => a.rule.includes('row count mismatch'))).toBe(true);
      73 |                 expect(anomalies.some(a => a.rule.includes('validation failed'))).toBe(true);
      74 |             }
        at Object.executor (C:\Largescale_Data-Demo\healthcare-data-validation\tests\e2e\baseline-comparison.test.ts:71:81)
        at runValidationTest (C:\Largescale_Data-Demo\healthcare-data-validation\utils\testRunner.ts:19:9)
        at C:\Largescale_Data-Demo\healthcare-data-validation\tests\e2e\baseline-comparison.test.ts:41:9

    Error Context: test-results\baseline-comparison-Enhanc-984b8-ndatory-Fields-Domain-Rules-chromium\error-context.md

    Error Context: test-results\baseline-comparison-Enhanc-984b8-ndatory-Fields-Domain-Rules-chromium\error-context.md


[1A[2K[DatabaseConnection] Initialized in DEMO MODE ONLY

[1A[2K[DatabaseConnection] Initialized in DEMO MODE ONLY

[1A[2K[6/52] [chromium] ΓÇ║ tests\e2e\transformation.test.ts:110:9 ΓÇ║ Data Transformation & Truncation ΓÇ║ Transformation: Field mapping validation - Visits
[1A[2K[chromium] ΓÇ║ tests\e2e\transformation.test.ts:110:9 ΓÇ║ Data Transformation & Truncation ΓÇ║ Transformation: Field mapping validation - Visits

[Transformation Tests] Initializing transformation validation suite

[1A[2K[7/52] [chromium] ΓÇ║ tests\e2e\automation.test.ts:126:5 ΓÇ║ Validate Providers Data - Mandatory Fields & Consistency
[1A[2K[DatabaseConnection] Initialized in DEMO MODE ONLY

[1A[2KCould not read query file: ../sql/source/visits.sql

[1A[2K[chromium] ΓÇ║ tests\e2e\automation.test.ts:126:5 ΓÇ║ Validate Providers Data - Mandatory Fields & Consistency
[Test Suite] Initializing in DEMO MODE ONLY

[1A[2K[Test Suite] All queries will be captured centrally

[1A[2K[DatabaseConnection] Demo mode: Skipping database connection


[1A[2K[QueryStore] Captured repository query for visits_source

[1A[2K[chromium] ΓÇ║ tests\e2e\transformation.test.ts:110:9 ΓÇ║ Data 
Transformation & Truncation ΓÇ║ Transformation: Field mapping validation - 
Visits
Error persisting query: SyntaxError: Unexpected non-whitespace character after 
JSON at position 69227 (line 1188 column 2)
    at JSON.parse (<anonymous>)
    at QueryStore.persistQuery [90m(C:\Largescale_Data-Demo\healthcare-data-va
lidation\[39msrc\queryStore.ts:51:35[90m)[39m
    at QueryStore.captureQuery [90m(C:\Largescale_Data-Demo\healthcare-data-va
lidation\[39msrc\queryStore.ts:44:14[90m)[39m
    at Repository.fetchSourceData [90m(C:\Largescale_Data-Demo\healthcare-data
-validation\[39msrc\db\repository.ts:22:25[90m)[39m
    at loadSourceData [90m(C:\Largescale_Data-Demo\healthcare-data-validation\
[39mutils\dataLoader.ts:4:23[90m)[39m
    at [90mC:\Largescale_Data-Demo\healthcare-data-validation\[39mtests\e2e\t
ransformation.test.ts:113:52
    at [90mC:\Largescale_Data-Demo\healthcare-data-validation\[39mnode_module
s\[4mplaywright[24m\lib\worker\workerMain.js:326:15
    at [90mC:\Largescale_Data-Demo\healthcare-data-validation\[39mnode_module
s\[4mplaywright[24m\lib\worker\testInfo.js:320:17
    at TimeoutManager.withRunnable [90m(C:\Largescale_Data-Demo\healthcare-dat
a-validation\[39mnode_modules\[4mplaywright[24m\lib\worker\timeoutManager.js
:76:9[90m)[39m
    at TestInfoImpl._runWithTimeout [90m(C:\Largescale_Data-Demo\healthcare-da
ta-validation\[39mnode_modules\[4mplaywright[24m\lib\worker\testInfo.js:318:
34[90m)[39m
    at [90mC:\Largescale_Data-Demo\healthcare-data-validation\[39mnode_module
s\[4mplaywright[24m\lib\worker\workerMain.js:324:22
    at WorkerMain._runTest [90m(C:\Largescale_Data-Demo\healthcare-data-valida
tion\[39mnode_modules\[4mplaywright[24m\lib\worker\workerMain.js:297:5[90m)
[39m
    at WorkerMain.runTestGroup [90m(C:\Largescale_Data-Demo\healthcare-data-va
lidation\[39mnode_modules\[4mplaywright[24m\lib\worker\workerMain.js:203:9[
90m)[39m
    at process.<anonymous> [90m(C:\Largescale_Data-Demo\healthcare-data-valida
tion\[39mnode_modules\[4mplaywright[24m\lib\common\process.js:73:22[90m)[3
9m
[1A[2K[Repository] Generated 20 mock records for visits

[1A[2KCould not read query file: ../sql/target/visits.sql

[1A[2K[8/52] [chromium] ΓÇ║ tests\e2e\schema-validation.test.ts:103:9 ΓÇ║ Great Expectations Schema Validation ΓÇ║ Patients Table Schema ΓÇ║ should validate patients target table schema
[1A[2KError persisting query: SyntaxError: Unexpected non-whitespace 
character after JSON at position 69227 (line 1188 column 2)
    at JSON.parse (<anonymous>)
    at QueryStore.persistQuery [90m(C:\Largescale_Data-Demo\healthcare-data-va
lidation\[39msrc\queryStore.ts:51:35[90m)[39m
    at QueryStore.captureQuery [90m(C:\Largescale_Data-Demo\healthcare-data-va
lidation\[39msrc\queryStore.ts:44:14[90m)[39m
    at Repository.fetchTargetData [90m(C:\Largescale_Data-Demo\healthcare-data
-validation\[39msrc\db\repository.ts:28:25[90m)[39m
    at loadTargetData [90m(C:\Largescale_Data-Demo\healthcare-data-validation\
[39mutils\dataLoader.ts:8:23[90m)[39m
    at [90mC:\Largescale_Data-Demo\healthcare-data-validation\[39mtests\e2e\t
ransformation.test.ts:114:52
    at [90mC:\Largescale_Data-Demo\healthcare-data-validation\[39mnode_module
s\[4mplaywright[24m\lib\worker\workerMain.js:326:9
    at [90mC:\Largescale_Data-Demo\healthcare-data-validation\[39mnode_module
s\[4mplaywright[24m\lib\worker\testInfo.js:320:11
    at TimeoutManager.withRunnable [90m(C:\Largescale_Data-Demo\healthcare-dat
a-validation\[39mnode_modules\[4mplaywright[24m\lib\worker\timeoutManager.js
:75:14[90m)[39m
    at TestInfoImpl._runWithTimeout [90m(C:\Largescale_Data-Demo\healthcare-da
ta-validation\[39mnode_modules\[4mplaywright[24m\lib\worker\testInfo.js:318:
7[90m)[39m
    at [90mC:\Largescale_Data-Demo\healthcare-data-validation\[39mnode_module
s\[4mplaywright[24m\lib\worker\workerMain.js:324:7
    at WorkerMain._runTest [90m(C:\Largescale_Data-Demo\healthcare-data-valida
tion\[39mnode_modules\[4mplaywright[24m\lib\worker\workerMain.js:297:5[90m)
[39m
    at WorkerMain.runTestGroup [90m(C:\Largescale_Data-Demo\healthcare-data-va
lidation\[39mnode_modules\[4mplaywright[24m\lib\worker\workerMain.js:203:9[
90m)[39m
    at process.<anonymous> [90m(C:\Largescale_Data-Demo\healthcare-data-valida
tion\[39mnode_modules\[4mplaywright[24m\lib\common\process.js:73:22[90m)[3
9m

[1A[2K[QueryStore] Captured repository query for visits_target

[1A[2K[chromium] ΓÇ║ tests\e2e\schema-validation.test.ts:103:9 ΓÇ║ Great Expectations Schema Validation ΓÇ║ Patients Table Schema ΓÇ║ should validate patients target table schema
[Schema Validation Tests] Initializing

[1A[2K[DatabaseConnection] Demo mode: Skipping database connection

[1A[2K[chromium] ΓÇ║ tests\e2e\automation.test.ts:126:5 ΓÇ║ Validate 
Providers Data - Mandatory Fields & Consistency
Could not read query file: ../sql/source/providers.sql

[1A[2K[DatabaseConnection] Initialized in DEMO MODE ONLY

[1A[2K  5) [chromium] ΓÇ║ tests\e2e\transformation.test.ts:110:9 ΓÇ║ Data Transformation & Truncation ΓÇ║ Transformation: Field mapping validation - Visits 

    Error: [2mexpect([22m[31mreceived[39m[2m).[22mtoHaveProperty[2m([22m[32mpath[39m[2m)[22m

    Expected path: [32m"id"[39m
    Received path: [31m[][39m

    Received value: [31m{"patient_id": 2, "provider_id": 2, "visit_date": "2023-02-01", "visit_id": 1}[39m

      120 |
      121 |             requiredFields.forEach(field => {
    > 122 |                 expect(sourceRecord).toHaveProperty(field);
          |                                      ^
      123 |             });
      124 |
      125 |             const targetRecord = targetData.find(t => t.id === sourceRecord.id);
        at forEach (C:\Largescale_Data-Demo\healthcare-data-validation\tests\e2e\transformation.test.ts:122:38)
        at C:\Largescale_Data-Demo\healthcare-data-validation\tests\e2e\transformation.test.ts:121:28

    Error Context: test-results\transformation-Data-Transf-da916-mapping-validation---Visits-chromium\error-context.md


[1A[2KError persisting query: SyntaxError: Unexpected non-whitespace 
character after JSON at position 69227 (line 1188 column 2)
    at JSON.parse (<anonymous>)
    at QueryStore.persistQuery [90m(C:\Largescale_Data-Demo\healthcare-data-va
lidation\[39msrc\queryStore.ts:51:35[90m)[39m
    at QueryStore.captureQuery [90m(C:\Largescale_Data-Demo\healthcare-data-va
lidation\[39msrc\queryStore.ts:44:14[90m)[39m
    at Repository.fetchSourceData [90m(C:\Largescale_Data-Demo\healthcare-data
-validation\[39msrc\db\repository.ts:22:25[90m)[39m
    at loadSourceData [90m(C:\Largescale_Data-Demo\healthcare-data-validation\
[39mutils\dataLoader.ts:4:23[90m)[39m
    at [90mC:\Largescale_Data-Demo\healthcare-data-validation\[39mtests\e2e\a
utomation.test.ts:130:53
    at [90mC:\Largescale_Data-Demo\healthcare-data-validation\[39mnode_module
s\[4mplaywright[24m\lib\worker\workerMain.js:326:15
    at [90mC:\Largescale_Data-Demo\healthcare-data-validation\[39mnode_module
s\[4mplaywright[24m\lib\worker\testInfo.js:320:17
    at TimeoutManager.withRunnable [90m(C:\Largescale_Data-Demo\healthcare-dat
a-validation\[39mnode_modules\[4mplaywright[24m\lib\worker\timeoutManager.js
:76:9[90m)[39m
    at TestInfoImpl._runWithTimeout [90m(C:\Largescale_Data-Demo\healthcare-da
ta-validation\[39mnode_modules\[4mplaywright[24m\lib\worker\testInfo.js:318:
34[90m)[39m
    at [90mC:\Largescale_Data-Demo\healthcare-data-validation\[39mnode_module
s\[4mplaywright[24m\lib\worker\workerMain.js:324:22
    at WorkerMain._runTest [90m(C:\Largescale_Data-Demo\healthcare-data-valida
tion\[39mnode_modules\[4mplaywright[24m\lib\worker\workerMain.js:297:5[90m)
[39m
    at WorkerMain.runTestGroup [90m(C:\Largescale_Data-Demo\healthcare-data-va
lidation\[39mnode_modules\[4mplaywright[24m\lib\worker\workerMain.js:203:9[
90m)[39m
    at process.<anonymous> [90m(C:\Largescale_Data-Demo\healthcare-data-valida
tion\[39mnode_modules\[4mplaywright[24m\lib\common\process.js:73:22[90m)[3
9m

[1A[2K[QueryStore] Captured repository query for providers_source

[1A[2K[Repository] Generated 5 mock records for providers

[1A[2K[chromium] ΓÇ║ tests\e2e\schema-validation.test.ts:103:9 ΓÇ║ Great 
Expectations Schema Validation ΓÇ║ Patients Table Schema ΓÇ║ should validate 
patients target table schema
Could not read query file: ../sql/target/patients.sql

[1A[2K[chromium] ΓÇ║ tests\e2e\automation.test.ts:126:5 ΓÇ║ Validate 
Providers Data - Mandatory Fields & Consistency
Could not read query file: ../sql/target/providers.sql

[1A[2KError persisting query: SyntaxError: Unexpected non-whitespace 
character after JSON at position 69227 (line 1188 column 2)
    at JSON.parse (<anonymous>)
    at QueryStore.persistQuery [90m(C:\Largescale_Data-Demo\healthcare-data-va
lidation\[39msrc\queryStore.ts:51:35[90m)[39m

    at QueryStore.captureQuery [90m(C:\Largescale_Data-Demo\healthcare-data-va
lidation\[39msrc\queryStore.ts:44:14[90m)[39m
    at Repository.fetchTargetData [90m(C:\Largescale_Data-Demo\healthcare-data
-validation\[39msrc\db\repository.ts:28:25[90m)[39m
    at loadTargetData [90m(C:\Largescale_Data-Demo\healthcare-data-validation\
[39mutils\dataLoader.ts:8:23[90m)[39m
    at [90mC:\Largescale_Data-Demo\healthcare-data-validation\[39mtests\e2e\a
utomation.test.ts:134:53
    at [90mC:\Largescale_Data-Demo\healthcare-data-validation\[39mnode_module
s\[4mplaywright[24m\lib\worker\workerMain.js:326:9
    at [90mC:\Largescale_Data-Demo\healthcare-data-validation\[39mnode_module
s\[4mplaywright[24m\lib\worker\testInfo.js:320:11
    at TimeoutManager.withRunnable [90m(C:\Largescale_Data-Demo\healthcare-dat
a-validation\[39mnode_modules\[4mplaywright[24m\lib\worker\timeoutManager.js
:75:14[90m)[39m
    at TestInfoImpl._runWithTimeout [90m(C:\Largescale_Data-Demo\healthcare-da
ta-validation\[39mnode_modules\[4mplaywright[24m\lib\worker\testInfo.js:318:
7[90m)[39m
    at [90mC:\Largescale_Data-Demo\healthcare-data-validation\[39mnode_module
s\[4mplaywright[24m\lib\worker\workerMain.js:324:7
    at WorkerMain._runTest [90m(C:\Largescale_Data-Demo\healthcare-data-valida
tion\[39mnode_modules\[4mplaywright[24m\lib\worker\workerMain.js:297:5[90m)
[39m
    at WorkerMain.runTestGroup [90m(C:\Largescale_Data-Demo\healthcare-data-va
lidation\[39mnode_modules\[4mplaywright[24m\lib\worker\workerMain.js:203:9[
90m)[39m
    at process.<anonymous> [90m(C:\Largescale_Data-Demo\healthcare-data-valida
tion\[39mnode_modules\[4mplaywright[24m\lib\common\process.js:73:22[90m)[3
9m
[1A[2K[QueryStore] Captured repository query for providers_target

[1A[2K[chromium] ΓÇ║ tests\e2e\schema-validation.test.ts:103:9 ΓÇ║ Great 
Expectations Schema Validation ΓÇ║ Patients Table Schema ΓÇ║ should validate 
patients target table schema

Error persisting query: SyntaxError: Unexpected non-whitespace character after 
JSON at position 69227 (line 1188 column 2)
    at JSON.parse (<anonymous>)
    at QueryStore.persistQuery [90m(C:\Largescale_Data-Demo\healthcare-data-va
lidation\[39msrc\queryStore.ts:51:35[90m)[39m
    at QueryStore.captureQuery [90m(C:\Largescale_Data-Demo\healthcare-data-va
lidation\[39msrc\queryStore.ts:44:14[90m)[39m
    at Repository.fetchTargetData [90m(C:\Largescale_Data-Demo\healthcare-data
-validation\[39msrc\db\repository.ts:28:25[90m)[39m
    at [90mC:\Largescale_Data-Demo\healthcare-data-validation\[39mtests\e2e\s
chema-validation.test.ts:109:49
    at [90mC:\Largescale_Data-Demo\healthcare-data-validation\[39mnode_module
s\[4mplaywright[24m\lib\worker\workerMain.js:326:15
    at [90mC:\Largescale_Data-Demo\healthcare-data-validation\[39mnode_module
s\[4mplaywright[24m\lib\worker\testInfo.js:320:17
    at TimeoutManager.withRunnable [90m(C:\Largescale_Data-Demo\healthcare-dat
a-validation\[39mnode_modules\[4mplaywright[24m\lib\worker\timeoutManager.js
:76:9[90m)[39m
    at TestInfoImpl._runWithTimeout [90m(C:\Largescale_Data-Demo\healthcare-da
ta-validation\[39mnode_modules\[4mplaywright[24m\lib\worker\testInfo.js:318:
34[90m)[39m
    at [90mC:\Largescale_Data-Demo\healthcare-data-validation\[39mnode_module
s\[4mplaywright[24m\lib\worker\workerMain.js:324:22
    at WorkerMain._runTest [90m(C:\Largescale_Data-Demo\healthcare-data-valida
tion\[39mnode_modules\[4mplaywright[24m\lib\worker\workerMain.js:297:5[90m)
[39m
    at WorkerMain.runTestGroup [90m(C:\Largescale_Data-Demo\healthcare-data-va
lidation\[39mnode_modules\[4mplaywright[24m\lib\worker\workerMain.js:203:9[
90m)[39m
    at process.<anonymous> [90m(C:\Largescale_Data-Demo\healthcare-data-valida
tion\[39mnode_modules\[4mplaywright[24m\lib\common\process.js:73:22[90m)[3
9m
[1A[2K[QueryStore] Captured repository query for patients_target

[1A[2K[9/52] [chromium] ΓÇ║ tests\e2e\baseline-comparison.test.ts:78:9 ΓÇ║ Enhanced Healthcare Data Validation Framework ΓÇ║ Validate Providers: Schema & Data Consistency
[1A[2K[10/52] [chromium] ΓÇ║ tests\e2e\automation.test.ts:160:5 ΓÇ║ Validate Visits Data - Mandatory Fields & Negative Patterns
[1A[2K[chromium] ΓÇ║ tests\e2e\automation.test.ts:160:5 ΓÇ║ Validate Visits 
Data - Mandatory Fields & Negative Patterns

Could not read query file: ../sql/source/visits.sql
[1A[2KError persisting query: SyntaxError: Unexpected non-whitespace 
character after JSON at position 69227 (line 1188 column 2)
    at JSON.parse (<anonymous>)
    at QueryStore.persistQuery [90m(C:\Largescale_Data-Demo\healthcare-data-va
lidation\[39msrc\queryStore.ts:51:35[90m)[39m

[1A[2K[QueryStore] Captured repository query for visits_source
    at QueryStore.captureQuery [90m(C:\Largescale_Data-Demo\healthcare-data-va
lidation\[39msrc\queryStore.ts:44:14[90m)[39m

    at Repository.fetchSourceData [90m(C:\Largescale_Data-Demo\healthcare-data
-validation\[39msrc\db\repository.ts:22:25[90m)[39m
    at loadSourceData [90m(C:\Largescale_Data-Demo\healthcare-data-validation\
[39mutils\dataLoader.ts:4:23[90m)[39m
    at [90mC:\Largescale_Data-Demo\healthcare-data-validation\[39mtests\e2e\a
utomation.test.ts:164:50
    at [90mC:\Largescale_Data-Demo\healthcare-data-validation\[39mnode_module
s\[4mplaywright[24m\lib\worker\workerMain.js:326:15
    at [90mC:\Largescale_Data-Demo\healthcare-data-validation\[39mnode_module
s\[4mplaywright[24m\lib\worker\testInfo.js:320:17
    at TimeoutManager.withRunnable [90m(C:\Largescale_Data-Demo\healthcare-dat
a-validation\[39mnode_modules\[4mplaywright[24m\lib\worker\timeoutManager.js
:76:9[90m)[39m
[1A[2K[Repository] Generated 20 mock records for visits


    at TestInfoImpl._runWithTimeout [90m(C:\Largescale_Data-Demo\healthcare-da
ta-validation\[39mnode_modules\[4mplaywright[24m\lib\worker\testInfo.js:318:
34[90m)[39m
    at [90mC:\Largescale_Data-Demo\healthcare-data-validation\[39mnode_module
s\[4mplaywright[24m\lib\worker\workerMain.js:324:22

    at WorkerMain._runTest [90m(C:\Largescale_Data-Demo\healthcare-data-valida
tion\[39mnode_modules\[4mplaywright[24m\lib\worker\workerMain.js:297:5[90m)
[39m
[1A[2K[QueryStore] Captured repository query for visits_target
    at WorkerMain.runTestGroup [90m(C:\Largescale_Data-Demo\healthcare-data-va
lidation\[39mnode_modules\[4mplaywright[24m\lib\worker\workerMain.js:203:9[
90m)[39m

    at process.<anonymous> [90m(C:\Largescale_Data-Demo\healthcare-data-valida
tion\[39mnode_modules\[4mplaywright[24m\lib\common\process.js:73:22[90m)[3
9m
[1A[2K[chromium] ΓÇ║ tests\e2e\baseline-comparison.test.ts:78:9 ΓÇ║ Enhanced Healthcare Data Validation Framework ΓÇ║ Validate Providers: Schema & Data Consistency
[1A[2KCould not read query file: ../sql/target/visits.sql
[DatabaseConnection] Demo mode: Skipping database connection
[1A[2KError persisting query: SyntaxError: Unexpected non-whitespace 
character after JSON at position 69227 (line 1188 column 2)
    at JSON.parse (<anonymous>)
    at QueryStore.persistQuery [90m(C:\Largescale_Data-Demo\healthcare-data-va
lidation\[39msrc\queryStore.ts:51:35[90m)[39m
    at QueryStore.captureQuery [90m(C:\Largescale_Data-Demo\healthcare-data-va
lidation\[39msrc\queryStore.ts:44:14[90m)[39m
    at Repository.fetchTargetData [90m(C:\Largescale_Data-Demo\healthcare-data
-validation\[39msrc\db\repository.ts:28:25[90m)[39m


[1A[2K[chromium] ΓÇ║ tests\e2e\automation.test.ts:160:5 ΓÇ║ Validate Visits Data - Mandatory Fields & Negative Patterns
[DatabaseConnection] Demo mode: Skipping database disconnection

[1A[2K
========== Query Capture Report ==========

    at loadTargetData [90m(C:\Largescale_Data-Demo\healthcare-data-validation\
[39mutils\dataLoader.ts:8:23[90m)[39m
    at [90mC:\Largescale_Data-Demo\healthcare-data-validation\[39mtests\e2e\a
utomation.test.ts:168:50
    at [90mC:\Largescale_Data-Demo\healthcare-data-validation\[39mnode_module
s\[4mplaywright[24m\lib\worker\workerMain.js:326:9
    at [90mC:\Largescale_Data-Demo\healthcare-data-validation\[39mnode_module
s\[4mplaywright[24m\lib\worker\testInfo.js:320:11
    at TimeoutManager.withRunnable [90m(C:\Largescale_Data-Demo\healthcare-dat
a-validation\[39mnode_modules\[4mplaywright[24m\lib\worker\timeoutManager.js
:75:14[90m)[39m
[1A[2K{
  "totalQueries": 4,
  "queriesBySource": {
    "repository": 4,
    "connection": 0
  },
  "queriesByTable": {
    "providers_source": 1,
    "providers_target": 1,
    "visits_source": 1,
    "visits_target": 1
  },
  "timestamp": "2026-04-09T17:22:48.600Z"
}

    at TestInfoImpl._runWithTimeout [90m(C:\Largescale_Data-Demo\healthcare-da
ta-validation\[39mnode_modules\[4mplaywright[24m\lib\worker\testInfo.js:318:
7[90m)[39m
    at [90mC:\Largescale_Data-Demo\healthcare-data-validation\[39mnode_module
s\[4mplaywright[24m\lib\worker\workerMain.js:324:7
    at WorkerMain._runTest [90m(C:\Largescale_Data-Demo\healthcare-data-valida
tion\[39mnode_modules\[4mplaywright[24m\lib\worker\workerMain.js:297:5[90m)
[39m
    at WorkerMain.runTestGroup [90m(C:\Largescale_Data-Demo\healthcare-data-va
lidation\[39mnode_modules\[4mplaywright[24m\lib\worker\workerMain.js:203:9[
90m)[39m
    at process.<anonymous> [90m(C:\Largescale_Data-Demo\healthcare-data-valida
tion\[39mnode_modules\[4mplaywright[24m\lib\common\process.js:73:22[90m)[3
9m
[1A[2K
========== Validation Report ==========
[1A[2KCould not read query file: ../sql/source/providers.sql
[1A[2K[chromium] ΓÇ║ tests\e2e\baseline-comparison.test.ts:78:9 ΓÇ║ Enhanced 
Healthcare Data Validation Framework ΓÇ║ Validate Providers: Schema & Data 
Consistency

Error persisting query: SyntaxError: Unexpected non-whitespace character after 
JSON at position 69227 (line 1188 column 2)
[1A[2KAnomaly Report
    at JSON.parse (<anonymous>)

    at QueryStore.persistQuery [90m(C:\Largescale_Data-Demo\healthcare-data-va
lidation\[39msrc\queryStore.ts:51:35[90m)[39m

    at QueryStore.captureQuery [90m(C:\Largescale_Data-Demo\healthcare-data-va
lidation\[39msrc\queryStore.ts:44:14[90m)[39m


[1A[2K[QueryStore] Captured repository query for providers_source

[1A[2K[Repository] Generated 5 mock records for providers

    at Repository.fetchSourceData [90m(C:\Largescale_Data-Demo\healthcare-data
-validation\[39msrc\db\repository.ts:22:25[90m)[39m
    at loadSourceData [90m(C:\Largescale_Data-Demo\healthcare-data-validation\
[39mutils\dataLoader.ts:4:23[90m)[39m
    at Object.executor [90m(C:\Largescale_Data-Demo\healthcare-data-validation
\[39mtests\e2e\baseline-comparison.test.ts:84:61[90m)[39m
    at runValidationTest [90m(C:\Largescale_Data-Demo\healthcare-data-validati
on\[39mutils\testRunner.ts:19:23[90m)[39m
    at [90mC:\Largescale_Data-Demo\healthcare-data-validation\[39mtests\e2e\b
aseline-comparison.test.ts:79:32


[1A[2K[QueryStore] Captured repository query for providers_target
    at [90mC:\Largescale_Data-Demo\healthcare-data-validation\[39mnode_module
s\[4mplaywright[24m\lib\worker\workerMain.js:326:15
    at [90mC:\Largescale_Data-Demo\healthcare-data-validation\[39mnode_module
s\[4mplaywright[24m\lib\worker\testInfo.js:320:17
    at TimeoutManager.withRunnable [90m(C:\Largescale_Data-Demo\healthcare-dat
a-validation\[39mnode_modules\[4mplaywright[24m\lib\worker\timeoutManager.js
:76:9[90m)[39m

[1A[2K  6) [chromium] ΓÇ║ tests\e2e\automation.test.ts:160:5 ΓÇ║ Validate Visits Data - Mandatory Fields & Negative Patterns 
    at TestInfoImpl._runWithTimeout [90m(C:\Largescale_Data-Demo\healthcare-da
ta-validation\[39mnode_modules\[4mplaywright[24m\lib\worker\testInfo.js:318:
34[90m)[39m

    at [90mC:\Largescale_Data-Demo\healthcare-data-validation\[39mnode_module
s\[4mplaywright[24m\lib\worker\workerMain.js:324:22
    Error: [2mexpect([22m[31mreceived[39m[2m).[22mtoBe[2m([22m[32mexpected[39m[2m) // Object.is equality[22m
    at WorkerMain._runTest [90m(C:\Largescale_Data-Demo\healthcare-data-valida
tion\[39mnode_modules\[4mplaywright[24m\lib\worker\workerMain.js:297:5[90m)
[39m

    at WorkerMain.runTestGroup [90m(C:\Largescale_Data-Demo\healthcare-data-va
lidation\[39mnode_modules\[4mplaywright[24m\lib\worker\workerMain.js:203:9[
90m)[39m
    Expected: [32m0[39m
    at process.<anonymous> [90m(C:\Largescale_Data-Demo\healthcare-data-valida
tion\[39mnode_modules\[4mplaywright[24m\lib\common\process.js:73:22[90m)[3
9m
[1A[2KCould not read query file: ../sql/target/providers.sql
[1A[2KError persisting query: SyntaxError: Unexpected non-whitespace 
character after JSON at position 69227 (line 1188 column 2)
    at JSON.parse (<anonymous>)
    Received: [31m7[39m

      172 |         const visitsValidator = new VisitsValidator();
    at QueryStore.persistQuery [90m(C:\Largescale_Data-Demo\healthcare-data-va
lidation\[39msrc\queryStore.ts:51:35[90m)[39m
    at QueryStore.captureQuery [90m(C:\Largescale_Data-Demo\healthcare-data-va
lidation\[39msrc\queryStore.ts:44:14[90m)[39m
      173 |         const anomalies = visitsValidator.validate(sourceVisits, targetVisits);
    at Repository.fetchTargetData [90m(C:\Largescale_Data-Demo\healthcare-data
-validation\[39msrc\db\repository.ts:28:25[90m)[39m
    > 174 |         expect(anomalies.length).toBe(0);
    at loadTargetData [90m(C:\Largescale_Data-Demo\healthcare-data-validation\
[39mutils\dataLoader.ts:8:23[90m)[39m
          |                                  ^
    at Object.executor [90m(C:\Largescale_Data-Demo\healthcare-data-validation
\[39mtests\e2e\baseline-comparison.test.ts:85:61[90m)[39m
      175 |         const anomalyLog = formatAnomalySummary(anomalies);
    at runValidationTest [90m(C:\Largescale_Data-Demo\healthcare-data-validati
on\[39mutils\testRunner.ts:19:9[90m)[39m
      176 |         steps.push({ name: 'Run validation', status: anomalies.length === 0 ? 'pass' : 'fail', log: anomalyLog, timestamp: new Date().toISOString() });
    at [90mC:\Largescale_Data-Demo\healthcare-data-validation\[39mtests\e2e\b
aseline-comparison.test.ts:79:9
    at [90mC:\Largescale_Data-Demo\healthcare-data-validation\[39mnode_module
s\[4mplaywright[24m\lib\worker\workerMain.js:326:9
    at [90mC:\Largescale_Data-Demo\healthcare-data-validation\[39mnode_module
s\[4mplaywright[24m\lib\worker\testInfo.js:320:11
    at TimeoutManager.withRunnable [90m(C:\Largescale_Data-Demo\healthcare-dat
a-validation\[39mnode_modules\[4mplaywright[24m\lib\worker\timeoutManager.js
:75:14[90m)[39m
    at TestInfoImpl._runWithTimeout [90m(C:\Largescale_Data-Demo\healthcare-da
ta-validation\[39mnode_modules\[4mplaywright[24m\lib\worker\testInfo.js:318:
7[90m)[39m
    at [90mC:\Largescale_Data-Demo\healthcare-data-validation\[39mnode_module
s\[4mplaywright[24m\lib\worker\workerMain.js:324:7
    at WorkerMain._runTest [90m(C:\Largescale_Data-Demo\healthcare-data-valida
tion\[39mnode_modules\[4mplaywright[24m\lib\worker\workerMain.js:297:5[90m)
[39m
      177 |         
        at C:\Largescale_Data-Demo\healthcare-data-validation\tests\e2e\automation.test.ts:174:34

    at WorkerMain.runTestGroup [90m(C:\Largescale_Data-Demo\healthcare-data-va
lidation\[39mnode_modules\[4mplaywright[24m\lib\worker\workerMain.js:203:9[
90m)[39m
    at process.<anonymous> [90m(C:\Largescale_Data-Demo\healthcare-data-valida
tion\[39mnode_modules\[4mplaywright[24m\lib\common\process.js:73:22[90m)[3
9m
[1A[2K[chromium] ΓÇ║ tests\e2e\baseline-comparison.test.ts:113:9 ΓÇ║ 
Enhanced Healthcare Data Validation Framework ΓÇ║ Validate Visits: 
Dependencies & Referential Integrity
Could not read query file: ../sql/source/visits.sql
[1A[2KError persisting query: SyntaxError: Unexpected non-whitespace 
character after JSON at position 69227 (line 1188 column 2)
    at JSON.parse (<anonymous>)
    Error Context: test-results\automation-Validate-Visits-0cf79-ry-Fields-Negative-Patterns-chromium\error-context.md
    at QueryStore.persistQuery [90m(C:\Largescale_Data-Demo\healthcare-data-va
lidation\[39msrc\queryStore.ts:51:35[90m)[39m

    at QueryStore.captureQuery [90m(C:\Largescale_Data-Demo\healthcare-data-va
lidation\[39msrc\queryStore.ts:44:14[90m)[39m
    Error Context: test-results\automation-Validate-Visits-0cf79-ry-Fields-Negative-Patterns-chromium\error-context.md


[1A[2K[11/52] [chromium] ΓÇ║ tests\e2e\baseline-comparison.test.ts:113:9 ΓÇ║ Enhanced Healthcare Data Validation Framework ΓÇ║ Validate Visits: Dependencies & Referential Integrity
    at Repository.fetchSourceData [90m(C:\Largescale_Data-Demo\healthcare-data
-validation\[39msrc\db\repository.ts:22:25[90m)[39m


    at loadSourceData [90m(C:\Largescale_Data-Demo\healthcare-data-validation\
[39mutils\dataLoader.ts:4:23[90m)[39m
    at Object.executor [90m(C:\Largescale_Data-Demo\healthcare-data-validation
\[39mtests\e2e\baseline-comparison.test.ts:119:58[90m)[39m

[1A[2K[chromium] ΓÇ║ tests\e2e\baseline-comparison.test.ts:113:9 ΓÇ║ Enhanced Healthcare Data Validation Framework ΓÇ║ Validate Visits: Dependencies & Referential Integrity
    at runValidationTest [90m(C:\Largescale_Data-Demo\healthcare-data-validati
on\[39mutils\testRunner.ts:19:23[90m)[39m
[QueryStore] Captured repository query for visits_source


[1A[2K[chromium] ΓÇ║ tests\e2e\baseline-comparison.test.ts:113:9 ΓÇ║ Enhanced Healthcare Data Validation Framework ΓÇ║ Validate Visits: Dependencies & Referential Integrity
[Repository] Generated 20 mock records for visits
    at [90mC:\Largescale_Data-Demo\healthcare-data-validation\[39mtests\e2e\b
aseline-comparison.test.ts:114:32
    at [90mC:\Largescale_Data-Demo\healthcare-data-validation\[39mnode_module
s\[4mplaywright[24m\lib\worker\workerMain.js:326:15
    at [90mC:\Largescale_Data-Demo\healthcare-data-validation\[39mnode_module
s\[4mplaywright[24m\lib\worker\testInfo.js:320:17

[1A[2K[chromium] ΓÇ║ tests\e2e\schema-validation.test.ts:103:9 ΓÇ║ Great Expectations Schema Validation ΓÇ║ Patients Table Schema ΓÇ║ should validate patients target table schema
Patients Target Schema Validation: {
  error: [33mtrue[39m,
  message: [32m'Python was not found; run without arguments to install from the Microsoft Store, or disable this shortcut from Settings > Apps > Advanced app settings > App execution aliases.\r\n'[39m,
  table: [32m'patients'[39m,
  valid: [33mfalse[39m,
  errors: [
    at TimeoutManager.withRunnable [90m(C:\Largescale_Data-Demo\healthcare-dat
a-validation\[39mnode_modules\[4mplaywright[24m\lib\worker\timeoutManager.js
:76:9[90m)[39m
    [32m'Python was not found; run without arguments to install from the Microsoft Store, or disable this shortcut from Settings > Apps > Advanced app settings > App execution aliases.\r\n'[39m
    at TestInfoImpl._runWithTimeout [90m(C:\Largescale_Data-Demo\healthcare-da
ta-validation\[39mnode_modules\[4mplaywright[24m\lib\worker\testInfo.js:318:
34[90m)[39m
  ],
    at [90mC:\Largescale_Data-Demo\healthcare-data-validation\[39mnode_module
s\[4mplaywright[24m\lib\worker\workerMain.js:324:22
    at WorkerMain._runTest [90m(C:\Largescale_Data-Demo\healthcare-data-valida
tion\[39mnode_modules\[4mplaywright[24m\lib\worker\workerMain.js:297:5[90m)
[39m
    at WorkerMain.runTestGroup [90m(C:\Largescale_Data-Demo\healthcare-data-va
lidation\[39mnode_modules\[4mplaywright[24m\lib\worker\workerMain.js:203:9[
90m)[39m
    at process.<anonymous> [90m(C:\Largescale_Data-Demo\healthcare-data-valida
tion\[39mnode_modules\[4mplaywright[24m\lib\common\process.js:73:22[90m)[3
9m
[1A[2K[chromium] ΓÇ║ tests\e2e\schema-validation.test.ts:103:9 ΓÇ║ Great 
Expectations Schema Validation ΓÇ║ Patients Table Schema ΓÇ║ should validate 
patients target table schema
Python was not found; run without arguments to install from the Microsoft 
Store, or disable this shortcut from Settings > Apps > Advanced app settings > 
App execution aliases.
[1A[2K[chromium] ΓÇ║ tests\e2e\schema-validation.test.ts:103:9 ΓÇ║ Great 
Expectations Schema Validation ΓÇ║ Patients Table Schema ΓÇ║ should validate 
patients target table schema
GE Schema Validator Error: Python was not found; run without arguments to 
install from the Microsoft Store, or disable this shortcut from Settings > 
Apps > Advanced app settings > App execution aliases.

  warnings: [],
  summary: {
    column_count_match: [33mfalse[39m,
    all_mandatory_present: [33mfalse[39m,
    type_mismatches: [33m0[39m,
    extra_columns: [],
    missing_columns: []
[1A[2K[chromium] ΓÇ║ tests\e2e\baseline-comparison.test.ts:113:9 ΓÇ║ 
Enhanced Healthcare Data Validation Framework ΓÇ║ Validate Visits: 
Dependencies & Referential Integrity
  }
Could not read query file: ../sql/target/visits.sql
}
[1A[2KError persisting query: SyntaxError: Unexpected non-whitespace 
character after JSON at position 69227 (line 1188 column 2)
    at JSON.parse (<anonymous>)
    at QueryStore.persistQuery [90m(C:\Largescale_Data-Demo\healthcare-data-va
lidation\[39msrc\queryStore.ts:51:35[90m)[39m
    at QueryStore.captureQuery [90m(C:\Largescale_Data-Demo\healthcare-data-va
lidation\[39msrc\queryStore.ts:44:14[90m)[39m



[1A[2K[QueryStore] Captured repository query for visits_target
    at Repository.fetchTargetData [90m(C:\Largescale_Data-Demo\healthcare-data
-validation\[39msrc\db\repository.ts:28:25[90m)[39m
    at loadTargetData [90m(C:\Largescale_Data-Demo\healthcare-data-validation\
[39mutils\dataLoader.ts:8:23[90m)[39m
    at Object.executor [90m(C:\Largescale_Data-Demo\healthcare-data-validation
\[39mtests\e2e\baseline-comparison.test.ts:120:58[90m)[39m
    at runValidationTest [90m(C:\Largescale_Data-Demo\healthcare-data-validati
on\[39mutils\testRunner.ts:19:9[90m)[39m



[1A[2K[QueryStore] Captured repository query for patients_source

[1A[2K[Repository] Generated 10 mock records for patients


    at [90mC:\Largescale_Data-Demo\healthcare-data-validation\[39mtests\e2e\b
aseline-comparison.test.ts:114:9
[1A[2K[chromium] ΓÇ║ tests\e2e\schema-validation.test.ts:103:9 ΓÇ║ Great Expectations Schema Validation ΓÇ║ Patients Table Schema ΓÇ║ should validate patients target table schema
[DatabaseConnection] Demo mode: Skipping database disconnection
    at [90mC:\Largescale_Data-Demo\healthcare-data-validation\[39mnode_module
s\[4mplaywright[24m\lib\worker\workerMain.js:326:9
    at [90mC:\Largescale_Data-Demo\healthcare-data-validation\[39mnode_module
s\[4mplaywright[24m\lib\worker\testInfo.js:320:11
    at TimeoutManager.withRunnable [90m(C:\Largescale_Data-Demo\healthcare-dat
a-validation\[39mnode_modules\[4mplaywright[24m\lib\worker\timeoutManager.js
:75:14[90m)[39m
    at TestInfoImpl._runWithTimeout [90m(C:\Largescale_Data-Demo\healthcare-da
ta-validation\[39mnode_modules\[4mplaywright[24m\lib\worker\testInfo.js:318:
7[90m)[39m

    at [90mC:\Largescale_Data-Demo\healthcare-data-validation\[39mnode_module
s\[4mplaywright[24m\lib\worker\workerMain.js:324:7
    at WorkerMain._runTest [90m(C:\Largescale_Data-Demo\healthcare-data-valida
tion\[39mnode_modules\[4mplaywright[24m\lib\worker\workerMain.js:297:5[90m)
[39m
    at WorkerMain.runTestGroup [90m(C:\Largescale_Data-Demo\healthcare-data-va
lidation\[39mnode_modules\[4mplaywright[24m\lib\worker\workerMain.js:203:9[
90m)[39m
    at process.<anonymous> [90m(C:\Largescale_Data-Demo\healthcare-data-valida
tion\[39mnode_modules\[4mplaywright[24m\lib\common\process.js:73:22[90m)[3
9m

[1A[2K[QueryStore] Captured repository query for providers_source
[1A[2KCould not read query file: ../sql/source/patients.sql
[1A[2KError persisting query: SyntaxError: Unexpected non-whitespace 
character after JSON at position 69227 (line 1188 column 2)

[1A[2K[Repository] Generated 5 mock records for providers
    at JSON.parse (<anonymous>)

    at QueryStore.persistQuery [90m(C:\Largescale_Data-Demo\healthcare-data-va
lidation\[39msrc\queryStore.ts:51:35[90m)[39m
    at QueryStore.captureQuery [90m(C:\Largescale_Data-Demo\healthcare-data-va
lidation\[39msrc\queryStore.ts:44:14[90m)[39m
    at Repository.fetchSourceData [90m(C:\Largescale_Data-Demo\healthcare-data
-validation\[39msrc\db\repository.ts:22:25[90m)[39m
    at loadSourceData [90m(C:\Largescale_Data-Demo\healthcare-data-validation\
[39mutils\dataLoader.ts:4:23[90m)[39m
[1A[2K[chromium] ΓÇ║ tests\e2e\schema-validation.test.ts:103:9 ΓÇ║ Great Expectations Schema Validation ΓÇ║ Patients Table Schema ΓÇ║ should validate patients target table schema

Γ£à Schema Validation Report generated: reports/schema-validation-report.html

    at Object.executor [90m(C:\Largescale_Data-Demo\healthcare-data-validation
\[39mtests\e2e\baseline-comparison.test.ts:121:54[90m)[39m
    at runValidationTest [90m(C:\Largescale_Data-Demo\healthcare-data-validati
on\[39mutils\testRunner.ts:19:9[90m)[39m
    at [90mC:\Largescale_Data-Demo\healthcare-data-validation\[39mtests\e2e\b
aseline-comparison.test.ts:114:9
    at [90mC:\Largescale_Data-Demo\healthcare-data-validation\[39mnode_module
s\[4mplaywright[24m\lib\worker\workerMain.js:326:9
    at [90mC:\Largescale_Data-Demo\healthcare-data-validation\[39mnode_module
s\[4mplaywright[24m\lib\worker\testInfo.js:320:11
[1A[2K  7) [chromium] ΓÇ║ tests\e2e\schema-validation.test.ts:103:9 ΓÇ║ Great Expectations Schema Validation ΓÇ║ Patients Table Schema ΓÇ║ should validate patients target table schema 
    at TimeoutManager.withRunnable [90m(C:\Largescale_Data-Demo\healthcare-dat
a-validation\[39mnode_modules\[4mplaywright[24m\lib\worker\timeoutManager.js
:75:14[90m)[39m
    at TestInfoImpl._runWithTimeout [90m(C:\Largescale_Data-Demo\healthcare-da
ta-validation\[39mnode_modules\[4mplaywright[24m\lib\worker\testInfo.js:318:
7[90m)[39m
    at [90mC:\Largescale_Data-Demo\healthcare-data-validation\[39mnode_module
s\[4mplaywright[24m\lib\worker\workerMain.js:324:7
    at WorkerMain._runTest [90m(C:\Largescale_Data-Demo\healthcare-data-valida
tion\[39mnode_modules\[4mplaywright[24m\lib\worker\workerMain.js:297:5[90m)
[39m

    at WorkerMain.runTestGroup [90m(C:\Largescale_Data-Demo\healthcare-data-va
lidation\[39mnode_modules\[4mplaywright[24m\lib\worker\workerMain.js:203:9[
90m)[39m
    Error: [2mexpect([22m[31mreceived[39m[2m).[22mtoBe[2m([22m[32mexpected[39m[2m) // Object.is equality[22m
    at process.<anonymous> [90m(C:\Largescale_Data-Demo\healthcare-data-valida
tion\[39mnode_modules\[4mplaywright[24m\lib\common\process.js:73:22[90m)[3
9m

[1A[2KCould not read query file: ../sql/source/providers.sql
    Expected: [32mtrue[39m
    Received: [31mfalse[39m

      130 |         // Assertions
[1A[2K[chromium] ΓÇ║ tests\e2e\baseline-comparison.test.ts:113:9 ΓÇ║ 
Enhanced Healthcare Data Validation Framework ΓÇ║ Validate Visits: 
Dependencies & Referential Integrity
      131 |         expect(result.table).toBe('patients');
    > 132 |         expect(result.summary.column_count_match).toBe(true);
          |                                                   ^
Error persisting query: SyntaxError: Unexpected non-whitespace character after 
JSON at position 69227 (line 1188 column 2)
    at JSON.parse (<anonymous>)
    at QueryStore.persistQuery [90m(C:\Largescale_Data-Demo\healthcare-data-va
lidation\[39msrc\queryStore.ts:51:35[90m)[39m
    at QueryStore.captureQuery [90m(C:\Largescale_Data-Demo\healthcare-data-va
lidation\[39msrc\queryStore.ts:44:14[90m)[39m
    at Repository.fetchSourceData [90m(C:\Largescale_Data-Demo\healthcare-data
-validation\[39msrc\db\repository.ts:22:25[90m)[39m
      133 |         expect(result.summary.all_mandatory_present).toBe(true);
      134 |
      135 |         const duration = Date.now() - startTime;
        at C:\Largescale_Data-Demo\healthcare-data-validation\tests\e2e\schema-validation.test.ts:132:51

    Error Context: test-results\schema-validation-Great-Ex-2f2e7-atients-target-table-schema-chromium\error-context.md

    Error Context: test-results\schema-validation-Great-Ex-2f2e7-atients-target-table-schema-chromium\error-context.md
    at loadSourceData [90m(C:\Largescale_Data-Demo\healthcare-data-validation\
[39mutils\dataLoader.ts:4:23[90m)[39m

    Error Context: test-results\schema-validation-Great-Ex-2f2e7-atients-target-table-schema-chromium\error-context.md


[1A[2K[12/52] [chromium] ΓÇ║ tests\e2e\baseline-comparison.test.ts:152:9 ΓÇ║ Enhanced Healthcare Data Validation Framework ΓÇ║ Validate Medications: Dependencies & Data Quality


[1A[2K[QueryStore] Captured repository query for medications_source

    at Object.executor [90m(C:\Largescale_Data-Demo\healthcare-data-validation
\[39mtests\e2e\baseline-comparison.test.ts:122:55[90m)[39m
[1A[2K[Repository] Generated 15 mock records for medications
    at runValidationTest [90m(C:\Largescale_Data-Demo\healthcare-data-validati
on\[39mutils\testRunner.ts:19:9[90m)[39m
    at [90mC:\Largescale_Data-Demo\healthcare-data-validation\[39mtests\e2e\b
aseline-comparison.test.ts:114:9
    at [90mC:\Largescale_Data-Demo\healthcare-data-validation\[39mnode_module
s\[4mplaywright[24m\lib\worker\workerMain.js:326:9
    at [90mC:\Largescale_Data-Demo\healthcare-data-validation\[39mnode_module
s\[4mplaywright[24m\lib\worker\testInfo.js:320:11
    at TimeoutManager.withRunnable [90m(C:\Largescale_Data-Demo\healthcare-dat
a-validation\[39mnode_modules\[4mplaywright[24m\lib\worker\timeoutManager.js
:75:14[90m)[39m
    at TestInfoImpl._runWithTimeout [90m(C:\Largescale_Data-Demo\healthcare-da
ta-validation\[39mnode_modules\[4mplaywright[24m\lib\worker\testInfo.js:318:
7[90m)[39m
    at [90mC:\Largescale_Data-Demo\healthcare-data-validation\[39mnode_module
s\[4mplaywright[24m\lib\worker\workerMain.js:324:7
    at WorkerMain._runTest [90m(C:\Largescale_Data-Demo\healthcare-data-valida
tion\[39mnode_modules\[4mplaywright[24m\lib\worker\workerMain.js:297:5[90m)
[39m
    at WorkerMain.runTestGroup [90m(C:\Largescale_Data-Demo\healthcare-data-va
lidation\[39mnode_modules\[4mplaywright[24m\lib\worker\workerMain.js:203:9[
90m)[39m


    at process.<anonymous> [90m(C:\Largescale_Data-Demo\healthcare-data-valida
tion\[39mnode_modules\[4mplaywright[24m\lib\common\process.js:73:22[90m)[3
9m

[1A[2K[chromium] ΓÇ║ tests\e2e\baseline-comparison.test.ts:152:9 ΓÇ║ 
Enhanced Healthcare Data Validation Framework ΓÇ║ Validate Medications: 
Dependencies & Data Quality
[1A[2K[DatabaseConnection] Initialized in DEMO MODE ONLY
Could not read query file: ../sql/source/medications.sql

[1A[2K[QueryStore] Captured repository query for medications_target
[1A[2KError persisting query: SyntaxError: Unexpected non-whitespace 
character after JSON at position 69227 (line 1188 column 2)
    at JSON.parse (<anonymous>)


    at QueryStore.persistQuery [90m(C:\Largescale_Data-Demo\healthcare-data-va
lidation\[39msrc\queryStore.ts:51:35[90m)[39m
    at QueryStore.captureQuery [90m(C:\Largescale_Data-Demo\healthcare-data-va
lidation\[39msrc\queryStore.ts:44:14[90m)[39m
    at Repository.fetchSourceData [90m(C:\Largescale_Data-Demo\healthcare-data
-validation\[39msrc\db\repository.ts:22:25[90m)[39m
    at loadSourceData [90m(C:\Largescale_Data-Demo\healthcare-data-validation\
[39mutils\dataLoader.ts:4:23[90m)[39m
    at Object.executor [90m(C:\Largescale_Data-Demo\healthcare-data-validation
\[39mtests\e2e\baseline-comparison.test.ts:158:63[90m)[39m
    at runValidationTest [90m(C:\Largescale_Data-Demo\healthcare-data-validati
on\[39mutils\testRunner.ts:19:23[90m)[39m
    at [90mC:\Largescale_Data-Demo\healthcare-data-validation\[39mtests\e2e\b
aseline-comparison.test.ts:153:32
    at [90mC:\Largescale_Data-Demo\healthcare-data-validation\[39mnode_module
s\[4mplaywright[24m\lib\worker\workerMain.js:326:15
    at [90mC:\Largescale_Data-Demo\healthcare-data-validation\[39mnode_module
s\[4mplaywright[24m\lib\worker\testInfo.js:320:17
    at TimeoutManager.withRunnable [90m(C:\Largescale_Data-Demo\healthcare-dat
a-validation\[39mnode_modules\[4mplaywright[24m\lib\worker\timeoutManager.js
:76:9[90m)[39m
    at TestInfoImpl._runWithTimeout [90m(C:\Largescale_Data-Demo\healthcare-da
ta-validation\[39mnode_modules\[4mplaywright[24m\lib\worker\testInfo.js:318:
34[90m)[39m
    at [90mC:\Largescale_Data-Demo\healthcare-data-validation\[39mnode_module
s\[4mplaywright[24m\lib\worker\workerMain.js:324:22
    at WorkerMain._runTest [90m(C:\Largescale_Data-Demo\healthcare-data-valida
tion\[39mnode_modules\[4mplaywright[24m\lib\worker\workerMain.js:297:5[90m)
[39m
    at WorkerMain.runTestGroup [90m(C:\Largescale_Data-Demo\healthcare-data-va
lidation\[39mnode_modules\[4mplaywright[24m\lib\worker\workerMain.js:203:9[
90m)[39m
    at process.<anonymous> [90m(C:\Largescale_Data-Demo\healthcare-data-valida
tion\[39mnode_modules\[4mplaywright[24m\lib\common\process.js:73:22[90m)[3
9m
[1A[2KCould not read query file: ../sql/target/medications.sql
[1A[2KError persisting query: SyntaxError: Unexpected non-whitespace 
character after JSON at position 69227 (line 1188 column 2)
    at JSON.parse (<anonymous>)
    at QueryStore.persistQuery [90m(C:\Largescale_Data-Demo\healthcare-data-va
lidation\[39msrc\queryStore.ts:51:35[90m)[39m
    at QueryStore.captureQuery [90m(C:\Largescale_Data-Demo\healthcare-data-va
lidation\[39msrc\queryStore.ts:44:14[90m)[39m
    at Repository.fetchTargetData [90m(C:\Largescale_Data-Demo\healthcare-data
-validation\[39msrc\db\repository.ts:28:25[90m)[39m

[1A[2K[13/52] [chromium] ΓÇ║ tests\e2e\transformation.test.ts:154:9 ΓÇ║ Data Transformation & Truncation ΓÇ║ Data Loss: Detect records missing after transformation - Patients
[1A[2K[QueryStore] Captured repository query for patients_source

[1A[2K[Repository] Generated 10 mock records for patients

[1A[2K[chromium] ΓÇ║ tests\e2e\transformation.test.ts:154:9 ΓÇ║ Data Transformation & Truncation ΓÇ║ Data Loss: Detect records missing after transformation - Patients

[Transformation Tests] Initializing transformation validation suite

    at loadTargetData [90m(C:\Largescale_Data-Demo\healthcare-data-validation\
[39mutils\dataLoader.ts:8:23[90m)[39m
    at Object.executor [90m(C:\Largescale_Data-Demo\healthcare-data-validation
\[39mtests\e2e\baseline-comparison.test.ts:159:63[90m)[39m
    at runValidationTest [90m(C:\Largescale_Data-Demo\healthcare-data-validati
on\[39mutils\testRunner.ts:19:9[90m)[39m

    at [90mC:\Largescale_Data-Demo\healthcare-data-validation\[39mtests\e2e\b
aseline-comparison.test.ts:153:9

    at [90mC:\Largescale_Data-Demo\healthcare-data-validation\[39mnode_module
s\[4mplaywright[24m\lib\worker\workerMain.js:326:9
    at [90mC:\Largescale_Data-Demo\healthcare-data-validation\[39mnode_module
s\[4mplaywright[24m\lib\worker\testInfo.js:320:11
[1A[2K[14/52] [chromium] ΓÇ║ tests\e2e\baseline-comparison.test.ts:189:9 ΓÇ║ Enhanced Healthcare Data Validation Framework ΓÇ║ Validate Billing: Dependencies, Amount Validation & Schema
    at TimeoutManager.withRunnable [90m(C:\Largescale_Data-Demo\healthcare-dat
a-validation\[39mnode_modules\[4mplaywright[24m\lib\worker\timeoutManager.js
:75:14[90m)[39m
[1A[2K[QueryStore] Captured repository query for patients_source
    at TestInfoImpl._runWithTimeout [90m(C:\Largescale_Data-Demo\healthcare-da
ta-validation\[39mnode_modules\[4mplaywright[24m\lib\worker\testInfo.js:318:
7[90m)[39m
    at [90mC:\Largescale_Data-Demo\healthcare-data-validation\[39mnode_module
s\[4mplaywright[24m\lib\worker\workerMain.js:324:7
    at WorkerMain._runTest [90m(C:\Largescale_Data-Demo\healthcare-data-valida
tion\[39mnode_modules\[4mplaywright[24m\lib\worker\workerMain.js:297:5[90m)
[39m
    at WorkerMain.runTestGroup [90m(C:\Largescale_Data-Demo\healthcare-data-va
lidation\[39mnode_modules\[4mplaywright[24m\lib\worker\workerMain.js:203:9[
90m)[39m
    at process.<anonymous> [90m(C:\Largescale_Data-Demo\healthcare-data-valida
tion\[39mnode_modules\[4mplaywright[24m\lib\common\process.js:73:22[90m)[3
9m

[1A[2K[Repository] Generated 10 mock records for patients



[1A[2KCould not read query file: ../sql/source/patients.sql
[1A[2KError persisting query: SyntaxError: Unexpected non-whitespace 
character after JSON at position 69227 (line 1188 column 2)
    at JSON.parse (<anonymous>)
    at QueryStore.persistQuery [90m(C:\Largescale_Data-Demo\healthcare-data-va
lidation\[39msrc\queryStore.ts:51:35[90m)[39m
    at QueryStore.captureQuery [90m(C:\Largescale_Data-Demo\healthcare-data-va
lidation\[39msrc\queryStore.ts:44:14[90m)[39m
    at Repository.fetchSourceData [90m(C:\Largescale_Data-Demo\healthcare-data
-validation\[39msrc\db\repository.ts:22:25[90m)[39m
    at loadSourceData [90m(C:\Largescale_Data-Demo\healthcare-data-validation\
[39mutils\dataLoader.ts:4:23[90m)[39m
    at Object.executor [90m(C:\Largescale_Data-Demo\healthcare-data-validation
\[39mtests\e2e\baseline-comparison.test.ts:160:54[90m)[39m
    at runValidationTest [90m(C:\Largescale_Data-Demo\healthcare-data-validati
on\[39mutils\testRunner.ts:19:9[90m)[39m
    at [90mC:\Largescale_Data-Demo\healthcare-data-validation\[39mtests\e2e\b
aseline-comparison.test.ts:153:9
    at [90mC:\Largescale_Data-Demo\healthcare-data-validation\[39mnode_module
s\[4mplaywright[24m\lib\worker\workerMain.js:326:9
    at [90mC:\Largescale_Data-Demo\healthcare-data-validation\[39mnode_module
s\[4mplaywright[24m\lib\worker\testInfo.js:320:11
    at TimeoutManager.withRunnable [90m(C:\Largescale_Data-Demo\healthcare-dat
a-validation\[39mnode_modules\[4mplaywright[24m\lib\worker\timeoutManager.js
:75:14[90m)[39m
    at TestInfoImpl._runWithTimeout [90m(C:\Largescale_Data-Demo\healthcare-da
ta-validation\[39mnode_modules\[4mplaywright[24m\lib\worker\testInfo.js:318:
7[90m)[39m
    at [90mC:\Largescale_Data-Demo\healthcare-data-validation\[39mnode_module
s\[4mplaywright[24m\lib\worker\workerMain.js:324:7
    at WorkerMain._runTest [90m(C:\Largescale_Data-Demo\healthcare-data-valida
tion\[39mnode_modules\[4mplaywright[24m\lib\worker\workerMain.js:297:5[90m)
[39m
    at WorkerMain.runTestGroup [90m(C:\Largescale_Data-Demo\healthcare-data-va
lidation\[39mnode_modules\[4mplaywright[24m\lib\worker\workerMain.js:203:9[
90m)[39m
    at process.<anonymous> [90m(C:\Largescale_Data-Demo\healthcare-data-valida
tion\[39mnode_modules\[4mplaywright[24m\lib\common\process.js:73:22[90m)[3
9m


[1A[2KCould not read query file: ../sql/source/patients.sql
[1A[2KError persisting query: SyntaxError: Unexpected non-whitespace 
character after JSON at position 69227 (line 1188 column 2)
    at JSON.parse (<anonymous>)
    at QueryStore.persistQuery [90m(C:\Largescale_Data-Demo\healthcare-data-va
lidation\[39msrc\queryStore.ts:51:35[90m)[39m
    at QueryStore.captureQuery [90m(C:\Largescale_Data-Demo\healthcare-data-va
lidation\[39msrc\queryStore.ts:44:14[90m)[39m
    at Repository.fetchSourceData [90m(C:\Largescale_Data-Demo\healthcare-data
-validation\[39msrc\db\repository.ts:22:25[90m)[39m
    at loadSourceData [90m(C:\Largescale_Data-Demo\healthcare-data-validation\
[39mutils\dataLoader.ts:4:23[90m)[39m
[1A[2K[chromium] ΓÇ║ tests\e2e\transformation.test.ts:154:9 ΓÇ║ Data Transformation & Truncation ΓÇ║ Data Loss: Detect records missing after transformation - Patients
[QueryStore] Captured repository query for patients_target

[1A[2K[chromium] ΓÇ║ tests\e2e\baseline-comparison.test.ts:189:9 ΓÇ║ Enhanced Healthcare Data Validation Framework ΓÇ║ Validate Billing: Dependencies, Amount Validation & Schema
[QueryStore] Captured repository query for billing_source
    at [90mC:\Largescale_Data-Demo\healthcare-data-validation\[39mtests\e2e\t
ransformation.test.ts:157:52
    at [90mC:\Largescale_Data-Demo\healthcare-data-validation\[39mnode_module
s\[4mplaywright[24m\lib\worker\workerMain.js:326:15

[1A[2K[Repository] Generated 20 mock records for billing

    at [90mC:\Largescale_Data-Demo\healthcare-data-validation\[39mnode_module
s\[4mplaywright[24m\lib\worker\testInfo.js:320:17
    at TimeoutManager.withRunnable [90m(C:\Largescale_Data-Demo\healthcare-dat
a-validation\[39mnode_modules\[4mplaywright[24m\lib\worker\timeoutManager.js
:76:9[90m)[39m
    at TestInfoImpl._runWithTimeout [90m(C:\Largescale_Data-Demo\healthcare-da
ta-validation\[39mnode_modules\[4mplaywright[24m\lib\worker\testInfo.js:318:
34[90m)[39m
    at [90mC:\Largescale_Data-Demo\healthcare-data-validation\[39mnode_module
s\[4mplaywright[24m\lib\worker\workerMain.js:324:22
    at WorkerMain._runTest [90m(C:\Largescale_Data-Demo\healthcare-data-valida
tion\[39mnode_modules\[4mplaywright[24m\lib\worker\workerMain.js:297:5[90m)
[39m
    at WorkerMain.runTestGroup [90m(C:\Largescale_Data-Demo\healthcare-data-va
lidation\[39mnode_modules\[4mplaywright[24m\lib\worker\workerMain.js:203:9[
90m)[39m
    at process.<anonymous> [90m(C:\Largescale_Data-Demo\healthcare-data-valida
tion\[39mnode_modules\[4mplaywright[24m\lib\common\process.js:73:22[90m)[3
9m

[1A[2KCould not read query file: ../sql/target/patients.sql
[1A[2K[chromium] ΓÇ║ tests\e2e\baseline-comparison.test.ts:189:9 ΓÇ║ 
Enhanced Healthcare Data Validation Framework ΓÇ║ Validate Billing: 
Dependencies, Amount Validation & Schema
Could not read query file: ../sql/source/billing.sql
[1A[2K[chromium] ΓÇ║ tests\e2e\transformation.test.ts:154:9 ΓÇ║ Data 
Transformation & Truncation ΓÇ║ Data Loss: Detect records missing after 
transformation - Patients
Error persisting query: SyntaxError: Unexpected non-whitespace character after 
JSON at position 69227 (line 1188 column 2)
    at JSON.parse (<anonymous>)
    at QueryStore.persistQuery [90m(C:\Largescale_Data-Demo\healthcare-data-va
lidation\[39msrc\queryStore.ts:51:35[90m)[39m
    at QueryStore.captureQuery [90m(C:\Largescale_Data-Demo\healthcare-data-va
lidation\[39msrc\queryStore.ts:44:14[90m)[39m
    at Repository.fetchTargetData [90m(C:\Largescale_Data-Demo\healthcare-data
-validation\[39msrc\db\repository.ts:28:25[90m)[39m
    at loadTargetData [90m(C:\Largescale_Data-Demo\healthcare-data-validation\
[39mutils\dataLoader.ts:8:23[90m)[39m
    at [90mC:\Largescale_Data-Demo\healthcare-data-validation\[39mtests\e2e\t
ransformation.test.ts:158:52
    at [90mC:\Largescale_Data-Demo\healthcare-data-validation\[39mnode_module
s\[4mplaywright[24m\lib\worker\workerMain.js:326:9
    at [90mC:\Largescale_Data-Demo\healthcare-data-validation\[39mnode_module
s\[4mplaywright[24m\lib\worker\testInfo.js:320:11
    at TimeoutManager.withRunnable [90m(C:\Largescale_Data-Demo\healthcare-dat
a-validation\[39mnode_modules\[4mplaywright[24m\lib\worker\timeoutManager.js
:75:14[90m)[39m
    at TestInfoImpl._runWithTimeout [90m(C:\Largescale_Data-Demo\healthcare-da
ta-validation\[39mnode_modules\[4mplaywright[24m\lib\worker\testInfo.js:318:
7[90m)[39m

    at [90mC:\Largescale_Data-Demo\healthcare-data-validation\[39mnode_module
s\[4mplaywright[24m\lib\worker\workerMain.js:324:7
[1A[2K[DatabaseConnection] Initialized in DEMO MODE ONLY
    at WorkerMain._runTest [90m(C:\Largescale_Data-Demo\healthcare-data-valida
tion\[39mnode_modules\[4mplaywright[24m\lib\worker\workerMain.js:297:5[90m)
[39m

[1A[2K[QueryStore] Captured repository query for billing_target

    at WorkerMain.runTestGroup [90m(C:\Largescale_Data-Demo\healthcare-data-va
lidation\[39mnode_modules\[4mplaywright[24m\lib\worker\workerMain.js:203:9[
90m)[39m
    at process.<anonymous> [90m(C:\Largescale_Data-Demo\healthcare-data-valida
tion\[39mnode_modules\[4mplaywright[24m\lib\common\process.js:73:22[90m)[3
9m
[1A[2K[chromium] ΓÇ║ tests\e2e\baseline-comparison.test.ts:189:9 ΓÇ║ 
Enhanced Healthcare Data Validation Framework ΓÇ║ Validate Billing: 
Dependencies, Amount Validation & Schema
Error persisting query: SyntaxError: Unexpected non-whitespace character after 
JSON at position 69227 (line 1188 column 2)
[1A[2K[15/52] [chromium] ΓÇ║ tests\e2e\automation.test.ts:194:5 ΓÇ║ Validate Medications Data - Mandatory Fields & Negative Patterns

[1A[2K[16/52] [chromium] ΓÇ║ tests\e2e\transformation.test.ts:194:9 ΓÇ║ Data Transformation & Truncation ΓÇ║ Data Loss: Detect records missing after transformation - All Tables

    at JSON.parse (<anonymous>)
    at QueryStore.persistQuery [90m(C:\Largescale_Data-Demo\healthcare-data-va
lidation\[39msrc\queryStore.ts:51:35[90m)[39m
    at QueryStore.captureQuery [90m(C:\Largescale_Data-Demo\healthcare-data-va
lidation\[39msrc\queryStore.ts:44:14[90m)[39m
    at Repository.fetchSourceData [90m(C:\Largescale_Data-Demo\healthcare-data
-validation\[39msrc\db\repository.ts:22:25[90m)[39m
[1A[2K[QueryStore] Captured repository query for visits_source

    at loadSourceData [90m(C:\Largescale_Data-Demo\healthcare-data-validation\
[39mutils\dataLoader.ts:4:23[90m)[39m
[1A[2K[chromium] ΓÇ║ tests\e2e\automation.test.ts:194:5 ΓÇ║ Validate Medications Data - Mandatory Fields & Negative Patterns
[Test Suite] Initializing in DEMO MODE ONLY
    at Object.executor [90m(C:\Largescale_Data-Demo\healthcare-data-validation
\[39mtests\e2e\baseline-comparison.test.ts:195:59[90m)[39m

    at runValidationTest [90m(C:\Largescale_Data-Demo\healthcare-data-validati
on\[39mutils\testRunner.ts:19:23[90m)[39m
[1A[2K[chromium] ΓÇ║ tests\e2e\baseline-comparison.test.ts:189:9 ΓÇ║ Enhanced Healthcare Data Validation Framework ΓÇ║ Validate Billing: Dependencies, Amount Validation & Schema
    at [90mC:\Largescale_Data-Demo\healthcare-data-validation\[39mtests\e2e\b
aseline-comparison.test.ts:190:32
[Repository] Generated 20 mock records for visits
    at [90mC:\Largescale_Data-Demo\healthcare-data-validation\[39mnode_module
s\[4mplaywright[24m\lib\worker\workerMain.js:326:15

    at [90mC:\Largescale_Data-Demo\healthcare-data-validation\[39mnode_module
s\[4mplaywright[24m\lib\worker\testInfo.js:320:17
    at TimeoutManager.withRunnable [90m(C:\Largescale_Data-Demo\healthcare-dat
a-validation\[39mnode_modules\[4mplaywright[24m\lib\worker\timeoutManager.js
:76:9[90m)[39m
    at TestInfoImpl._runWithTimeout [90m(C:\Largescale_Data-Demo\healthcare-da
ta-validation\[39mnode_modules\[4mplaywright[24m\lib\worker\testInfo.js:318:
34[90m)[39m

[1A[2K[chromium] ΓÇ║ tests\e2e\automation.test.ts:194:5 ΓÇ║ Validate Medications Data - Mandatory Fields & Negative Patterns
    at [90mC:\Largescale_Data-Demo\healthcare-data-validation\[39mnode_module
s\[4mplaywright[24m\lib\worker\workerMain.js:324:22
    at WorkerMain._runTest [90m(C:\Largescale_Data-Demo\healthcare-data-valida
tion\[39mnode_modules\[4mplaywright[24m\lib\worker\workerMain.js:297:5[90m)
[39m
    at WorkerMain.runTestGroup [90m(C:\Largescale_Data-Demo\healthcare-data-va
lidation\[39mnode_modules\[4mplaywright[24m\lib\worker\workerMain.js:203:9[
90m)[39m
    at process.<anonymous> [90m(C:\Largescale_Data-Demo\healthcare-data-valida
tion\[39mnode_modules\[4mplaywright[24m\lib\common\process.js:73:22[90m)[3
9m
[1A[2KCould not read query file: ../sql/target/billing.sql
[1A[2KError persisting query: SyntaxError: Unexpected non-whitespace 
character after JSON at position 69227 (line 1188 column 2)
[Test Suite] All queries will be captured centrally

    at JSON.parse (<anonymous>)
    at QueryStore.persistQuery [90m(C:\Largescale_Data-Demo\healthcare-data-va
lidation\[39msrc\queryStore.ts:51:35[90m)[39m
    at QueryStore.captureQuery [90m(C:\Largescale_Data-Demo\healthcare-data-va
lidation\[39msrc\queryStore.ts:44:14[90m)[39m
    at Repository.fetchTargetData [90m(C:\Largescale_Data-Demo\healthcare-data
-validation\[39msrc\db\repository.ts:28:25[90m)[39m
    at loadTargetData [90m(C:\Largescale_Data-Demo\healthcare-data-validation\
[39mutils\dataLoader.ts:8:23[90m)[39m
    at Object.executor [90m(C:\Largescale_Data-Demo\healthcare-data-validation
\[39mtests\e2e\baseline-comparison.test.ts:196:59[90m)[39m
    at runValidationTest [90m(C:\Largescale_Data-Demo\healthcare-data-validati
on\[39mutils\testRunner.ts:19:9[90m)[39m
    at [90mC:\Largescale_Data-Demo\healthcare-data-validation\[39mtests\e2e\b
aseline-comparison.test.ts:190:9

[1A[2K[chromium] ΓÇ║ tests\e2e\automation.test.ts:194:5 ΓÇ║ Validate Medications Data - Mandatory Fields & Negative Patterns
    at [90mC:\Largescale_Data-Demo\healthcare-data-validation\[39mnode_module
s\[4mplaywright[24m\lib\worker\workerMain.js:326:9
[DatabaseConnection] Demo mode: Skipping database connection

    at [90mC:\Largescale_Data-Demo\healthcare-data-validation\[39mnode_module
s\[4mplaywright[24m\lib\worker\testInfo.js:320:11
    at TimeoutManager.withRunnable [90m(C:\Largescale_Data-Demo\healthcare-dat
a-validation\[39mnode_modules\[4mplaywright[24m\lib\worker\timeoutManager.js
:75:14[90m)[39m
[1A[2K[chromium] ΓÇ║ tests\e2e\transformation.test.ts:194:9 ΓÇ║ Data Transformation & Truncation ΓÇ║ Data Loss: Detect records missing after transformation - All Tables
    at TestInfoImpl._runWithTimeout [90m(C:\Largescale_Data-Demo\healthcare-da
ta-validation\[39mnode_modules\[4mplaywright[24m\lib\worker\testInfo.js:318:
7[90m)[39m
[QueryStore] Captured repository query for providers_source
    at [90mC:\Largescale_Data-Demo\healthcare-data-validation\[39mnode_module
s\[4mplaywright[24m\lib\worker\workerMain.js:324:7

[1A[2K[Repository] Generated 5 mock records for providers



    at WorkerMain._runTest [90m(C:\Largescale_Data-Demo\healthcare-data-valida
tion\[39mnode_modules\[4mplaywright[24m\lib\worker\workerMain.js:297:5[90m)
[39m
    at WorkerMain.runTestGroup [90m(C:\Largescale_Data-Demo\healthcare-data-va
lidation\[39mnode_modules\[4mplaywright[24m\lib\worker\workerMain.js:203:9[
90m)[39m
    at process.<anonymous> [90m(C:\Largescale_Data-Demo\healthcare-data-valida
tion\[39mnode_modules\[4mplaywright[24m\lib\common\process.js:73:22[90m)[3
9m
[1A[2KCould not read query file: ../sql/source/visits.sql
[1A[2KError persisting query: SyntaxError: Unexpected non-whitespace 
character after JSON at position 69227 (line 1188 column 2)
    at JSON.parse (<anonymous>)
    at QueryStore.persistQuery [90m(C:\Largescale_Data-Demo\healthcare-data-va
lidation\[39msrc\queryStore.ts:51:35[90m)[39m
    at QueryStore.captureQuery [90m(C:\Largescale_Data-Demo\healthcare-data-va
lidation\[39msrc\queryStore.ts:44:14[90m)[39m
    at Repository.fetchSourceData [90m(C:\Largescale_Data-Demo\healthcare-data
-validation\[39msrc\db\repository.ts:22:25[90m)[39m
    at loadSourceData [90m(C:\Largescale_Data-Demo\healthcare-data-validation\
[39mutils\dataLoader.ts:4:23[90m)[39m
    at Object.executor [90m(C:\Largescale_Data-Demo\healthcare-data-validation
\[39mtests\e2e\baseline-comparison.test.ts:197:52[90m)[39m
    at runValidationTest [90m(C:\Largescale_Data-Demo\healthcare-data-validati
on\[39mutils\testRunner.ts:19:9[90m)[39m
    at [90mC:\Largescale_Data-Demo\healthcare-data-validation\[39mtests\e2e\b
aseline-comparison.test.ts:190:9
    at [90mC:\Largescale_Data-Demo\healthcare-data-validation\[39mnode_module
s\[4mplaywright[24m\lib\worker\workerMain.js:326:9
    at [90mC:\Largescale_Data-Demo\healthcare-data-validation\[39mnode_module
s\[4mplaywright[24m\lib\worker\testInfo.js:320:11
    at TimeoutManager.withRunnable [90m(C:\Largescale_Data-Demo\healthcare-dat
a-validation\[39mnode_modules\[4mplaywright[24m\lib\worker\timeoutManager.js
:75:14[90m)[39m
    at TestInfoImpl._runWithTimeout [90m(C:\Largescale_Data-Demo\healthcare-da
ta-validation\[39mnode_modules\[4mplaywright[24m\lib\worker\testInfo.js:318:
7[90m)[39m
    at [90mC:\Largescale_Data-Demo\healthcare-data-validation\[39mnode_module
s\[4mplaywright[24m\lib\worker\workerMain.js:324:7
    at WorkerMain._runTest [90m(C:\Largescale_Data-Demo\healthcare-data-valida
tion\[39mnode_modules\[4mplaywright[24m\lib\worker\workerMain.js:297:5[90m)
[39m
    at WorkerMain.runTestGroup [90m(C:\Largescale_Data-Demo\healthcare-data-va
lidation\[39mnode_modules\[4mplaywright[24m\lib\worker\workerMain.js:203:9[
90m)[39m
    at process.<anonymous> [90m(C:\Largescale_Data-Demo\healthcare-data-valida
tion\[39mnode_modules\[4mplaywright[24m\lib\common\process.js:73:22[90m)[3
9m
[1A[2K[chromium] ΓÇ║ tests\e2e\transformation.test.ts:194:9 ΓÇ║ Data 
Transformation & Truncation ΓÇ║ Data Loss: Detect records missing after 
transformation - All Tables
Could not read query file: ../sql/source/providers.sql
[1A[2K[chromium] ΓÇ║ tests\e2e\transformation.test.ts:194:9 ΓÇ║ Data 
Transformation & Truncation ΓÇ║ Data Loss: Detect records missing after 
transformation - All Tables
Error persisting query: SyntaxError: Unexpected non-whitespace character after 
JSON at position 69227 (line 1188 column 2)
    at JSON.parse (<anonymous>)
    at QueryStore.persistQuery [90m(C:\Largescale_Data-Demo\healthcare-data-va
lidation\[39msrc\queryStore.ts:51:35[90m)[39m


[1A[2K[chromium] ΓÇ║ tests\e2e\baseline-comparison.test.ts:189:9 ΓÇ║ Enhanced Healthcare Data Validation Framework ΓÇ║ Validate Billing: Dependencies, Amount Validation & Schema
[DatabaseConnection] Demo mode: Skipping database disconnection

[1A[2K[DatabaseConnection] Initialized in DEMO MODE ONLY
    at QueryStore.captureQuery [90m(C:\Largescale_Data-Demo\healthcare-data-va
lidation\[39msrc\queryStore.ts:44:14[90m)[39m

[1A[2K[chromium] ΓÇ║ tests\e2e\transformation.test.ts:194:9 ΓÇ║ Data Transformation & Truncation ΓÇ║ Data Loss: Detect records missing after transformation - All Tables
[QueryStore] Captured repository query for providers_target

    at Repository.fetchSourceData [90m(C:\Largescale_Data-Demo\healthcare-data
-validation\[39msrc\db\repository.ts:22:25[90m)[39m
[1A[2K[chromium] ΓÇ║ tests\e2e\automation.test.ts:194:5 ΓÇ║ Validate Medications Data - Mandatory Fields & Negative Patterns
    at loadSourceData [90m(C:\Largescale_Data-Demo\healthcare-data-validation\
[39mutils\dataLoader.ts:4:23[90m)[39m
[QueryStore] Captured repository query for medications_source
    at [90mC:\Largescale_Data-Demo\healthcare-data-validation\[39mtests\e2e\t
ransformation.test.ts:201:56

    at [90mC:\Largescale_Data-Demo\healthcare-data-validation\[39mnode_module
s\[4mplaywright[24m\lib\worker\workerMain.js:326:15
    at [90mC:\Largescale_Data-Demo\healthcare-data-validation\[39mnode_module
s\[4mplaywright[24m\lib\worker\testInfo.js:320:17
    at TimeoutManager.withRunnable [90m(C:\Largescale_Data-Demo\healthcare-dat
a-validation\[39mnode_modules\[4mplaywright[24m\lib\worker\timeoutManager.js
:76:9[90m)[39m
[1A[2K[17/52] [chromium] ΓÇ║ tests\e2e\schema-validation.test.ts:167:9 ΓÇ║ Great Expectations Schema Validation ΓÇ║ Patients Table Schema ΓÇ║ should compare source and target patients schemas

    at TestInfoImpl._runWithTimeout [90m(C:\Largescale_Data-Demo\healthcare-da
ta-validation\[39mnode_modules\[4mplaywright[24m\lib\worker\testInfo.js:318:
34[90m)[39m
    at [90mC:\Largescale_Data-Demo\healthcare-data-validation\[39mnode_module
s\[4mplaywright[24m\lib\worker\workerMain.js:324:22
    at WorkerMain._runTest [90m(C:\Largescale_Data-Demo\healthcare-data-valida
tion\[39mnode_modules\[4mplaywright[24m\lib\worker\workerMain.js:297:5[90m)
[39m
[1A[2K[chromium] ΓÇ║ tests\e2e\automation.test.ts:194:5 ΓÇ║ Validate Medications Data - Mandatory Fields & Negative Patterns
[Repository] Generated 15 mock records for medications

    at WorkerMain.runTestGroup [90m(C:\Largescale_Data-Demo\healthcare-data-va
lidation\[39mnode_modules\[4mplaywright[24m\lib\worker\workerMain.js:203:9[
90m)[39m
    at process.<anonymous> [90m(C:\Largescale_Data-Demo\healthcare-data-valida
tion\[39mnode_modules\[4mplaywright[24m\lib\common\process.js:73:22[90m)[3
9m
[1A[2KCould not read query file: ../sql/target/providers.sql
[1A[2K[chromium] ΓÇ║ tests\e2e\automation.test.ts:194:5 ΓÇ║ Validate 
Medications Data - Mandatory Fields & Negative Patterns
Could not read query file: ../sql/source/medications.sql
[1A[2K[chromium] ΓÇ║ tests\e2e\transformation.test.ts:194:9 ΓÇ║ Data 
Transformation & Truncation ΓÇ║ Data Loss: Detect records missing after 
transformation - All Tables
Error persisting query: SyntaxError: Unexpected non-whitespace character after 
JSON at position 69227 (line 1188 column 2)
    at JSON.parse (<anonymous>)
    at QueryStore.persistQuery [90m(C:\Largescale_Data-Demo\healthcare-data-va
lidation\[39msrc\queryStore.ts:51:35[90m)[39m
    at QueryStore.captureQuery [90m(C:\Largescale_Data-Demo\healthcare-data-va
lidation\[39msrc\queryStore.ts:44:14[90m)[39m
    at Repository.fetchTargetData [90m(C:\Largescale_Data-Demo\healthcare-data
-validation\[39msrc\db\repository.ts:28:25[90m)[39m
    at loadTargetData [90m(C:\Largescale_Data-Demo\healthcare-data-validation\
[39mutils\dataLoader.ts:8:23[90m)[39m
    at [90mC:\Largescale_Data-Demo\healthcare-data-validation\[39mtests\e2e\t
ransformation.test.ts:202:56
    at [90mC:\Largescale_Data-Demo\healthcare-data-validation\[39mnode_module
s\[4mplaywright[24m\lib\worker\workerMain.js:326:9
    at [90mC:\Largescale_Data-Demo\healthcare-data-validation\[39mnode_module
s\[4mplaywright[24m\lib\worker\testInfo.js:320:11
    at TimeoutManager.withRunnable [90m(C:\Largescale_Data-Demo\healthcare-dat
a-validation\[39mnode_modules\[4mplaywright[24m\lib\worker\timeoutManager.js
:75:14[90m)[39m
    at TestInfoImpl._runWithTimeout [90m(C:\Largescale_Data-Demo\healthcare-da
ta-validation\[39mnode_modules\[4mplaywright[24m\lib\worker\testInfo.js:318:
7[90m)[39m
    at [90mC:\Largescale_Data-Demo\healthcare-data-validation\[39mnode_module
s\[4mplaywright[24m\lib\worker\workerMain.js:324:7
    at WorkerMain._runTest [90m(C:\Largescale_Data-Demo\healthcare-data-valida
tion\[39mnode_modules\[4mplaywright[24m\lib\worker\workerMain.js:297:5[90m)
[39m
    at WorkerMain.runTestGroup [90m(C:\Largescale_Data-Demo\healthcare-data-va
lidation\[39mnode_modules\[4mplaywright[24m\lib\worker\workerMain.js:203:9[
90m)[39m
    at process.<anonymous> [90m(C:\Largescale_Data-Demo\healthcare-data-valida
tion\[39mnode_modules\[4mplaywright[24m\lib\common\process.js:73:22[90m)[3
9m
[1A[2K[chromium] ΓÇ║ tests\e2e\automation.test.ts:194:5 ΓÇ║ Validate 
Medications Data - Mandatory Fields & Negative Patterns
Error persisting query: SyntaxError: Unexpected non-whitespace character after 
JSON at position 69227 (line 1188 column 2)
    at JSON.parse (<anonymous>)

[1A[2K[QueryStore] Captured repository query for medications_source

[1A[2K[chromium] ΓÇ║ tests\e2e\schema-validation.test.ts:167:9 ΓÇ║ Great Expectations Schema Validation ΓÇ║ Patients Table Schema ΓÇ║ should compare source and target patients schemas
[Schema Validation Tests] Initializing

    at QueryStore.persistQuery [90m(C:\Largescale_Data-Demo\healthcare-data-va
lidation\[39msrc\queryStore.ts:51:35[90m)[39m
    at QueryStore.captureQuery [90m(C:\Largescale_Data-Demo\healthcare-data-va
lidation\[39msrc\queryStore.ts:44:14[90m)[39m
    at Repository.fetchSourceData [90m(C:\Largescale_Data-Demo\healthcare-data
-validation\[39msrc\db\repository.ts:22:25[90m)[39m
    at loadSourceData [90m(C:\Largescale_Data-Demo\healthcare-data-validation\
[39mutils\dataLoader.ts:4:23[90m)[39m
[1A[2K[chromium] ΓÇ║ tests\e2e\transformation.test.ts:194:9 ΓÇ║ Data Transformation & Truncation ΓÇ║ Data Loss: Detect records missing after transformation - All Tables
[Repository] Generated 15 mock records for medications
    at [90mC:\Largescale_Data-Demo\healthcare-data-validation\[39mtests\e2e\a
utomation.test.ts:198:55
    at [90mC:\Largescale_Data-Demo\healthcare-data-validation\[39mnode_module
s\[4mplaywright[24m\lib\worker\workerMain.js:326:15
    at [90mC:\Largescale_Data-Demo\healthcare-data-validation\[39mnode_module
s\[4mplaywright[24m\lib\worker\testInfo.js:320:17


[1A[2K[chromium] ΓÇ║ tests\e2e\schema-validation.test.ts:167:9 ΓÇ║ Great Expectations Schema Validation ΓÇ║ Patients Table Schema ΓÇ║ should compare source and target patients schemas
[DatabaseConnection] Demo mode: Skipping database connection
    at TimeoutManager.withRunnable [90m(C:\Largescale_Data-Demo\healthcare-dat
a-validation\[39mnode_modules\[4mplaywright[24m\lib\worker\timeoutManager.js
:76:9[90m)[39m
    at TestInfoImpl._runWithTimeout [90m(C:\Largescale_Data-Demo\healthcare-da
ta-validation\[39mnode_modules\[4mplaywright[24m\lib\worker\testInfo.js:318:
34[90m)[39m


    at [90mC:\Largescale_Data-Demo\healthcare-data-validation\[39mnode_module
s\[4mplaywright[24m\lib\worker\workerMain.js:324:22
    at WorkerMain._runTest [90m(C:\Largescale_Data-Demo\healthcare-data-valida
tion\[39mnode_modules\[4mplaywright[24m\lib\worker\workerMain.js:297:5[90m)
[39m
    at WorkerMain.runTestGroup [90m(C:\Largescale_Data-Demo\healthcare-data-va
lidation\[39mnode_modules\[4mplaywright[24m\lib\worker\workerMain.js:203:9[
90m)[39m
    at process.<anonymous> [90m(C:\Largescale_Data-Demo\healthcare-data-valida
tion\[39mnode_modules\[4mplaywright[24m\lib\common\process.js:73:22[90m)[3
9m
[1A[2K[chromium] ΓÇ║ tests\e2e\transformation.test.ts:194:9 ΓÇ║ Data 
Transformation & Truncation ΓÇ║ Data Loss: Detect records missing after 
transformation - All Tables
Could not read query file: ../sql/source/medications.sql

[1A[2K  8) [chromium] ΓÇ║ tests\e2e\baseline-comparison.test.ts:189:9 ΓÇ║ Enhanced Healthcare Data Validation Framework ΓÇ║ Validate Billing: Dependencies, Amount Validation & Schema 

[1A[2K[chromium] ΓÇ║ tests\e2e\transformation.test.ts:194:9 ΓÇ║ Data 
Transformation & Truncation ΓÇ║ Data Loss: Detect records missing after 
transformation - All Tables
Error persisting query: SyntaxError: Unexpected non-whitespace character after 
JSON at position 69227 (line 1188 column 2)
    Error: [2mexpect([22m[31mreceived[39m[2m).[22mtoBe[2m([22m[32mexpected[39m[2m) // Object.is equality[22m

    Expected: [32mtrue[39m
    at JSON.parse (<anonymous>)
    at QueryStore.persistQuery [90m(C:\Largescale_Data-Demo\healthcare-data-va
lidation\[39msrc\queryStore.ts:51:35[90m)[39m
    at QueryStore.captureQuery [90m(C:\Largescale_Data-Demo\healthcare-data-va
lidation\[39msrc\queryStore.ts:44:14[90m)[39m
    Received: [31mfalse[39m
    at Repository.fetchSourceData [90m(C:\Largescale_Data-Demo\healthcare-data
-validation\[39msrc\db\repository.ts:22:25[90m)[39m
    at loadSourceData [90m(C:\Largescale_Data-Demo\healthcare-data-validation\
[39mutils\dataLoader.ts:4:23[90m)[39m

      219 |                 });
    at [90mC:\Largescale_Data-Demo\healthcare-data-validation\[39mtests\e2e\t
ransformation.test.ts:201:56
    at [90mC:\Largescale_Data-Demo\healthcare-data-validation\[39mnode_module
s\[4mplaywright[24m\lib\worker\workerMain.js:326:9
    at [90mC:\Largescale_Data-Demo\healthcare-data-validation\[39mnode_module
s\[4mplaywright[24m\lib\worker\testInfo.js:320:11
    at TimeoutManager.withRunnable [90m(C:\Largescale_Data-Demo\healthcare-dat
a-validation\[39mnode_modules\[4mplaywright[24m\lib\worker\timeoutManager.js
:75:14[90m)[39m
      220 |
    > 221 |                 expect(anomalies.some(a => a.rule.includes('schema mismatch'))).toBe(true);
    at TestInfoImpl._runWithTimeout [90m(C:\Largescale_Data-Demo\healthcare-da
ta-validation\[39mnode_modules\[4mplaywright[24m\lib\worker\testInfo.js:318:
7[90m)[39m
          |                                                                                 ^
      222 |                 expect(anomalies.some(a => a.rule.includes('does not exist in visits'))).toBe(true);
    at [90mC:\Largescale_Data-Demo\healthcare-data-validation\[39mnode_module
s\[4mplaywright[24m\lib\worker\workerMain.js:324:7
    at WorkerMain._runTest [90m(C:\Largescale_Data-Demo\healthcare-data-valida
tion\[39mnode_modules\[4mplaywright[24m\lib\worker\workerMain.js:297:5[90m)
[39m
    at WorkerMain.runTestGroup [90m(C:\Largescale_Data-Demo\healthcare-data-va
lidation\[39mnode_modules\[4mplaywright[24m\lib\worker\workerMain.js:203:9[
90m)[39m
    at process.<anonymous> [90m(C:\Largescale_Data-Demo\healthcare-data-valida
tion\[39mnode_modules\[4mplaywright[24m\lib\common\process.js:73:22[90m)[3
9m
      223 |                 expect(anomalies.some(a => a.rule.includes('validation failed for amount'))).toBe(true);
      224 |             }
        at Object.executor (C:\Largescale_Data-Demo\healthcare-data-validation\tests\e2e\baseline-comparison.test.ts:221:81)
[1A[2K[chromium] ΓÇ║ tests\e2e\automation.test.ts:194:5 ΓÇ║ Validate 
Medications Data - Mandatory Fields & Negative Patterns
Could not read query file: ../sql/target/medications.sql
        at runValidationTest (C:\Largescale_Data-Demo\healthcare-data-validation\utils\testRunner.ts:19:9)
        at C:\Largescale_Data-Demo\healthcare-data-validation\tests\e2e\baseline-comparison.test.ts:190:9
[1A[2K[chromium] ΓÇ║ tests\e2e\transformation.test.ts:194:9 ΓÇ║ Data 
Transformation & Truncation ΓÇ║ Data Loss: Detect records missing after 
transformation - All Tables

Could not read query file: ../sql/target/medications.sql
    Error Context: test-results\baseline-comparison-Enhanc-2c762-es-Amount-Validation-Schema-chromium\error-context.md
[1A[2K[chromium] ΓÇ║ tests\e2e\automation.test.ts:194:5 ΓÇ║ Validate 
Medications Data - Mandatory Fields & Negative Patterns

Error persisting query: SyntaxError: Unexpected non-whitespace character after 
JSON at position 69227 (line 1188 column 2)
    Error Context: test-results\baseline-comparison-Enhanc-2c762-es-Amount-Validation-Schema-chromium\error-context.md



    at JSON.parse (<anonymous>)
    at QueryStore.persistQuery [90m(C:\Largescale_Data-Demo\healthcare-data-va
lidation\[39msrc\queryStore.ts:51:35[90m)[39m
    at QueryStore.captureQuery [90m(C:\Largescale_Data-Demo\healthcare-data-va
lidation\[39msrc\queryStore.ts:44:14[90m)[39m
    at Repository.fetchTargetData [90m(C:\Largescale_Data-Demo\healthcare-data
-validation\[39msrc\db\repository.ts:28:25[90m)[39m
    at loadTargetData [90m(C:\Largescale_Data-Demo\healthcare-data-validation\
[39mutils\dataLoader.ts:8:23[90m)[39m
    at [90mC:\Largescale_Data-Demo\healthcare-data-validation\[39mtests\e2e\a
utomation.test.ts:202:55
    at [90mC:\Largescale_Data-Demo\healthcare-data-validation\[39mnode_module
s\[4mplaywright[24m\lib\worker\workerMain.js:326:9
    at [90mC:\Largescale_Data-Demo\healthcare-data-validation\[39mnode_module
s\[4mplaywright[24m\lib\worker\testInfo.js:320:11
    at TimeoutManager.withRunnable [90m(C:\Largescale_Data-Demo\healthcare-dat
a-validation\[39mnode_modules\[4mplaywright[24m\lib\worker\timeoutManager.js
:75:14[90m)[39m
    at TestInfoImpl._runWithTimeout [90m(C:\Largescale_Data-Demo\healthcare-da
ta-validation\[39mnode_modules\[4mplaywright[24m\lib\worker\testInfo.js:318:
7[90m)[39m
    at [90mC:\Largescale_Data-Demo\healthcare-data-validation\[39mnode_module
s\[4mplaywright[24m\lib\worker\workerMain.js:324:7
    at WorkerMain._runTest [90m(C:\Largescale_Data-Demo\healthcare-data-valida
tion\[39mnode_modules\[4mplaywright[24m\lib\worker\workerMain.js:297:5[90m)
[39m
[1A[2K[chromium] ΓÇ║ tests\e2e\automation.test.ts:194:5 ΓÇ║ Validate Medications Data - Mandatory Fields & Negative Patterns
[QueryStore] Captured repository query for medications_target

[1A[2K[chromium] ΓÇ║ tests\e2e\transformation.test.ts:194:9 ΓÇ║ Data Transformation & Truncation ΓÇ║ Data Loss: Detect records missing after transformation - All Tables
[QueryStore] Captured repository query for medications_target
    at WorkerMain.runTestGroup [90m(C:\Largescale_Data-Demo\healthcare-data-va
lidation\[39mnode_modules\[4mplaywright[24m\lib\worker\workerMain.js:203:9[
90m)[39m
    at process.<anonymous> [90m(C:\Largescale_Data-Demo\healthcare-data-valida
tion\[39mnode_modules\[4mplaywright[24m\lib\common\process.js:73:22[90m)[3
9m
[1A[2K[chromium] ΓÇ║ tests\e2e\transformation.test.ts:194:9 ΓÇ║ Data 
Transformation & Truncation ΓÇ║ Data Loss: Detect records missing after 
transformation - All Tables



Error persisting query: SyntaxError: Unexpected non-whitespace character after 
JSON at position 69227 (line 1188 column 2)

    at JSON.parse (<anonymous>)
    at QueryStore.persistQuery [90m(C:\Largescale_Data-Demo\healthcare-data-va
lidation\[39msrc\queryStore.ts:51:35[90m)[39m
    at QueryStore.captureQuery [90m(C:\Largescale_Data-Demo\healthcare-data-va
lidation\[39msrc\queryStore.ts:44:14[90m)[39m
    at Repository.fetchTargetData [90m(C:\Largescale_Data-Demo\healthcare-data
-validation\[39msrc\db\repository.ts:28:25[90m)[39m
    at loadTargetData [90m(C:\Largescale_Data-Demo\healthcare-data-validation\
[39mutils\dataLoader.ts:8:23[90m)[39m
    at [90mC:\Largescale_Data-Demo\healthcare-data-validation\[39mtests\e2e\t
ransformation.test.ts:202:56

[1A[2K[chromium] ΓÇ║ tests\e2e\schema-validation.test.ts:167:9 ΓÇ║ Great Expectations Schema Validation ΓÇ║ Patients Table Schema ΓÇ║ should compare source and target patients schemas
[QueryStore] Captured repository query for patients_source

    at [90mC:\Largescale_Data-Demo\healthcare-data-validation\[39mnode_module
s\[4mplaywright[24m\lib\worker\workerMain.js:326:9
    at [90mC:\Largescale_Data-Demo\healthcare-data-validation\[39mnode_module
s\[4mplaywright[24m\lib\worker\testInfo.js:320:11
    at TimeoutManager.withRunnable [90m(C:\Largescale_Data-Demo\healthcare-dat
a-validation\[39mnode_modules\[4mplaywright[24m\lib\worker\timeoutManager.js
:75:14[90m)[39m
    at TestInfoImpl._runWithTimeout [90m(C:\Largescale_Data-Demo\healthcare-da
ta-validation\[39mnode_modules\[4mplaywright[24m\lib\worker\testInfo.js:318:
7[90m)[39m
[1A[2K[chromium] ΓÇ║ tests\e2e\transformation.test.ts:194:9 ΓÇ║ Data Transformation & Truncation ΓÇ║ Data Loss: Detect records missing after transformation - All Tables
[QueryStore] Captured repository query for billing_source

    at [90mC:\Largescale_Data-Demo\healthcare-data-validation\[39mnode_module
s\[4mplaywright[24m\lib\worker\workerMain.js:324:7
[1A[2K[chromium] ΓÇ║ tests\e2e\schema-validation.test.ts:167:9 ΓÇ║ Great Expectations Schema Validation ΓÇ║ Patients Table Schema ΓÇ║ should compare source and target patients schemas
[Repository] Generated 10 mock records for patients
    at WorkerMain._runTest [90m(C:\Largescale_Data-Demo\healthcare-data-valida
tion\[39mnode_modules\[4mplaywright[24m\lib\worker\workerMain.js:297:5[90m)
[39m
    at WorkerMain.runTestGroup [90m(C:\Largescale_Data-Demo\healthcare-data-va
lidation\[39mnode_modules\[4mplaywright[24m\lib\worker\workerMain.js:203:9[
90m)[39m

    at process.<anonymous> [90m(C:\Largescale_Data-Demo\healthcare-data-valida
tion\[39mnode_modules\[4mplaywright[24m\lib\common\process.js:73:22[90m)[3
9m
[1A[2K[chromium] ΓÇ║ tests\e2e\transformation.test.ts:194:9 ΓÇ║ Data Transformation & Truncation ΓÇ║ Data Loss: Detect records missing after transformation - All Tables
[1A[2K[chromium] ΓÇ║ tests\e2e\schema-validation.test.ts:167:9 ΓÇ║ Great 
Expectations Schema Validation ΓÇ║ Patients Table Schema ΓÇ║ should compare 
source and target patients schemas
Could not read query file: ../sql/source/patients.sql
[1A[2K[chromium] ΓÇ║ tests\e2e\transformation.test.ts:194:9 ΓÇ║ Data 
Transformation & Truncation ΓÇ║ Data Loss: Detect records missing after 
transformation - All Tables
[Repository] Generated 20 mock records for billing



Could not read query file: ../sql/source/billing.sql
[1A[2K[chromium] ΓÇ║ tests\e2e\schema-validation.test.ts:167:9 ΓÇ║ Great 
Expectations Schema Validation ΓÇ║ Patients Table Schema ΓÇ║ should compare 
source and target patients schemas
Error persisting query: SyntaxError: Unexpected non-whitespace character after 
JSON at position 69227 (line 1188 column 2)
    at JSON.parse (<anonymous>)
    at QueryStore.persistQuery [90m(C:\Largescale_Data-Demo\healthcare-data-va
lidation\[39msrc\queryStore.ts:51:35[90m)[39m
    at QueryStore.captureQuery [90m(C:\Largescale_Data-Demo\healthcare-data-va
lidation\[39msrc\queryStore.ts:44:14[90m)[39m
    at Repository.fetchSourceData [90m(C:\Largescale_Data-Demo\healthcare-data
-validation\[39msrc\db\repository.ts:22:25[90m)[39m
    at [90mC:\Largescale_Data-Demo\healthcare-data-validation\[39mtests\e2e\s
chema-validation.test.ts:173:49
    at [90mC:\Largescale_Data-Demo\healthcare-data-validation\[39mnode_module
s\[4mplaywright[24m\lib\worker\workerMain.js:326:15
    at [90mC:\Largescale_Data-Demo\healthcare-data-validation\[39mnode_module
s\[4mplaywright[24m\lib\worker\testInfo.js:320:17
    at TimeoutManager.withRunnable [90m(C:\Largescale_Data-Demo\healthcare-dat
a-validation\[39mnode_modules\[4mplaywright[24m\lib\worker\timeoutManager.js
:76:9[90m)[39m
    at TestInfoImpl._runWithTimeout [90m(C:\Largescale_Data-Demo\healthcare-da
ta-validation\[39mnode_modules\[4mplaywright[24m\lib\worker\testInfo.js:318:
34[90m)[39m
    at [90mC:\Largescale_Data-Demo\healthcare-data-validation\[39mnode_module
s\[4mplaywright[24m\lib\worker\workerMain.js:324:22
    at WorkerMain._runTest [90m(C:\Largescale_Data-Demo\healthcare-data-valida
tion\[39mnode_modules\[4mplaywright[24m\lib\worker\workerMain.js:297:5[90m)
[39m
    at WorkerMain.runTestGroup [90m(C:\Largescale_Data-Demo\healthcare-data-va
lidation\[39mnode_modules\[4mplaywright[24m\lib\worker\workerMain.js:203:9[
90m)[39m
    at process.<anonymous> [90m(C:\Largescale_Data-Demo\healthcare-data-valida
tion\[39mnode_modules\[4mplaywright[24m\lib\common\process.js:73:22[90m)[3
9m
[1A[2K[chromium] ΓÇ║ tests\e2e\transformation.test.ts:194:9 ΓÇ║ Data 
Transformation & Truncation ΓÇ║ Data Loss: Detect records missing after 
transformation - All Tables
Error persisting query: SyntaxError: Unexpected non-whitespace character after 
JSON at position 69227 (line 1188 column 2)
    at JSON.parse (<anonymous>)
    at QueryStore.persistQuery [90m(C:\Largescale_Data-Demo\healthcare-data-va
lidation\[39msrc\queryStore.ts:51:35[90m)[39m


    at QueryStore.captureQuery [90m(C:\Largescale_Data-Demo\healthcare-data-va
lidation\[39msrc\queryStore.ts:44:14[90m)[39m
[1A[2K[chromium] ΓÇ║ tests\e2e\schema-validation.test.ts:167:9 ΓÇ║ Great Expectations Schema Validation ΓÇ║ Patients Table Schema ΓÇ║ should compare source and target patients schemas
[QueryStore] Captured repository query for patients_target

[1A[2K[chromium] ΓÇ║ tests\e2e\transformation.test.ts:194:9 ΓÇ║ Data Transformation & Truncation ΓÇ║ Data Loss: Detect records missing after transformation - All Tables
[QueryStore] Captured repository query for billing_target

    at Repository.fetchSourceData [90m(C:\Largescale_Data-Demo\healthcare-data
-validation\[39msrc\db\repository.ts:22:25[90m)[39m
    at loadSourceData [90m(C:\Largescale_Data-Demo\healthcare-data-validation\
[39mutils\dataLoader.ts:4:23[90m)[39m
    at [90mC:\Largescale_Data-Demo\healthcare-data-validation\[39mtests\e2e\t
ransformation.test.ts:201:56
    at [90mC:\Largescale_Data-Demo\healthcare-data-validation\[39mnode_module
s\[4mplaywright[24m\lib\worker\workerMain.js:326:9
    at [90mC:\Largescale_Data-Demo\healthcare-data-validation\[39mnode_module
s\[4mplaywright[24m\lib\worker\testInfo.js:320:11
    at TimeoutManager.withRunnable [90m(C:\Largescale_Data-Demo\healthcare-dat
a-validation\[39mnode_modules\[4mplaywright[24m\lib\worker\timeoutManager.js
:75:14[90m)[39m
    at TestInfoImpl._runWithTimeout [90m(C:\Largescale_Data-Demo\healthcare-da
ta-validation\[39mnode_modules\[4mplaywright[24m\lib\worker\testInfo.js:318:
7[90m)[39m
[1A[2K[chromium] ΓÇ║ tests\e2e\automation.test.ts:194:5 ΓÇ║ Validate Medications Data - Mandatory Fields & Negative Patterns
[DatabaseConnection] Demo mode: Skipping database disconnection


[1A[2K[chromium] ΓÇ║ tests\e2e\transformation.test.ts:194:9 ΓÇ║ Data Transformation & Truncation ΓÇ║ Data Loss: Detect records missing after transformation - All Tables
    at [90mC:\Largescale_Data-Demo\healthcare-data-validation\[39mnode_module
s\[4mplaywright[24m\lib\worker\workerMain.js:324:7
    at WorkerMain._runTest [90m(C:\Largescale_Data-Demo\healthcare-data-valida
tion\[39mnode_modules\[4mplaywright[24m\lib\worker\workerMain.js:297:5[90m)
[39m
Γ£à No data loss detected in transformation

    at WorkerMain.runTestGroup [90m(C:\Largescale_Data-Demo\healthcare-data-va
lidation\[39mnode_modules\[4mplaywright[24m\lib\worker\workerMain.js:203:9[
90m)[39m
    at process.<anonymous> [90m(C:\Largescale_Data-Demo\healthcare-data-valida
tion\[39mnode_modules\[4mplaywright[24m\lib\common\process.js:73:22[90m)[3
9m
[1A[2K[chromium] ΓÇ║ tests\e2e\schema-validation.test.ts:167:9 ΓÇ║ Great 
Expectations Schema Validation ΓÇ║ Patients Table Schema ΓÇ║ should compare 
source and target patients schemas
Could not read query file: ../sql/target/patients.sql
[1A[2K[chromium] ΓÇ║ tests\e2e\transformation.test.ts:194:9 ΓÇ║ Data 
Transformation & Truncation ΓÇ║ Data Loss: Detect records missing after 
transformation - All Tables
[1A[2K[chromium] ΓÇ║ tests\e2e\automation.test.ts:194:5 ΓÇ║ Validate Medications Data - Mandatory Fields & Negative Patterns

Could not read query file: ../sql/target/billing.sql
========== Query Capture Report ==========


[1A[2K[chromium] ΓÇ║ tests\e2e\schema-validation.test.ts:167:9 ΓÇ║ Great 
Expectations Schema Validation ΓÇ║ Patients Table Schema ΓÇ║ should compare 
source and target patients schemas
Error persisting query: SyntaxError: Unexpected non-whitespace character after 
JSON at position 69227 (line 1188 column 2)
    at JSON.parse (<anonymous>)
    at QueryStore.persistQuery [90m(C:\Largescale_Data-Demo\healthcare-data-va
lidation\[39msrc\queryStore.ts:51:35[90m)[39m
    at QueryStore.captureQuery [90m(C:\Largescale_Data-Demo\healthcare-data-va
lidation\[39msrc\queryStore.ts:44:14[90m)[39m
    at Repository.fetchTargetData [90m(C:\Largescale_Data-Demo\healthcare-data
-validation\[39msrc\db\repository.ts:28:25[90m)[39m
[1A[2K[chromium] ΓÇ║ tests\e2e\automation.test.ts:194:5 ΓÇ║ Validate Medications Data - Mandatory Fields & Negative Patterns
{
  "totalQueries": 2,
  "queriesBySource": {
    "repository": 2,
    "connection": 0
  },
  "queriesByTable": {
    "medications_source": 1,
    at [90mC:\Largescale_Data-Demo\healthcare-data-validation\[39mtests\e2e\s
chema-validation.test.ts:174:49
    at [90mC:\Largescale_Data-Demo\healthcare-data-validation\[39mnode_module
s\[4mplaywright[24m\lib\worker\workerMain.js:326:9
    at [90mC:\Largescale_Data-Demo\healthcare-data-validation\[39mnode_module
s\[4mplaywright[24m\lib\worker\testInfo.js:320:11
    at TimeoutManager.withRunnable [90m(C:\Largescale_Data-Demo\healthcare-dat
a-validation\[39mnode_modules\[4mplaywright[24m\lib\worker\timeoutManager.js
:75:14[90m)[39m
    at TestInfoImpl._runWithTimeout [90m(C:\Largescale_Data-Demo\healthcare-da
ta-validation\[39mnode_modules\[4mplaywright[24m\lib\worker\testInfo.js:318:
7[90m)[39m
    "medications_target": 1
  },
  "timestamp": "2026-04-09T17:22:50.612Z"
    at [90mC:\Largescale_Data-Demo\healthcare-data-validation\[39mnode_module
s\[4mplaywright[24m\lib\worker\workerMain.js:324:7
    at WorkerMain._runTest [90m(C:\Largescale_Data-Demo\healthcare-data-valida
tion\[39mnode_modules\[4mplaywright[24m\lib\worker\workerMain.js:297:5[90m)
[39m
}
    at WorkerMain.runTestGroup [90m(C:\Largescale_Data-Demo\healthcare-data-va
lidation\[39mnode_modules\[4mplaywright[24m\lib\worker\workerMain.js:203:9[
90m)[39m

    at process.<anonymous> [90m(C:\Largescale_Data-Demo\healthcare-data-valida
tion\[39mnode_modules\[4mplaywright[24m\lib\common\process.js:73:22[90m)[3
9m
[1A[2K[chromium] ΓÇ║ tests\e2e\transformation.test.ts:194:9 ΓÇ║ Data 
Transformation & Truncation ΓÇ║ Data Loss: Detect records missing after 
transformation - All Tables
Error persisting query: SyntaxError: Unexpected non-whitespace character after 
JSON at position 69227 (line 1188 column 2)
    at JSON.parse (<anonymous>)
    at QueryStore.persistQuery [90m(C:\Largescale_Data-Demo\healthcare-data-va
lidation\[39msrc\queryStore.ts:51:35[90m)[39m
    at QueryStore.captureQuery [90m(C:\Largescale_Data-Demo\healthcare-data-va
lidation\[39msrc\queryStore.ts:44:14[90m)[39m

    at Repository.fetchTargetData [90m(C:\Largescale_Data-Demo\healthcare-data
-validation\[39msrc\db\repository.ts:28:25[90m)[39m
    at loadTargetData [90m(C:\Largescale_Data-Demo\healthcare-data-validation\
[39mutils\dataLoader.ts:8:23[90m)[39m
    at [90mC:\Largescale_Data-Demo\healthcare-data-validation\[39mtests\e2e\t
ransformation.test.ts:202:56
    at [90mC:\Largescale_Data-Demo\healthcare-data-validation\[39mnode_module
s\[4mplaywright[24m\lib\worker\workerMain.js:326:9
    at [90mC:\Largescale_Data-Demo\healthcare-data-validation\[39mnode_module
s\[4mplaywright[24m\lib\worker\testInfo.js:320:11
    at TimeoutManager.withRunnable [90m(C:\Largescale_Data-Demo\healthcare-dat
a-validation\[39mnode_modules\[4mplaywright[24m\lib\worker\timeoutManager.js
:75:14[90m)[39m
[1A[2K[chromium] ΓÇ║ tests\e2e\automation.test.ts:194:5 ΓÇ║ Validate Medications Data - Mandatory Fields & Negative Patterns

========== Validation Report ==========

    at TestInfoImpl._runWithTimeout [90m(C:\Largescale_Data-Demo\healthcare-da
ta-validation\[39mnode_modules\[4mplaywright[24m\lib\worker\testInfo.js:318:
7[90m)[39m
    at [90mC:\Largescale_Data-Demo\healthcare-data-validation\[39mnode_module
s\[4mplaywright[24m\lib\worker\workerMain.js:324:7
[1A[2K[chromium] ΓÇ║ tests\e2e\schema-validation.test.ts:167:9 ΓÇ║ Great Expectations Schema Validation ΓÇ║ Patients Table Schema ΓÇ║ should compare source and target patients schemas
Patients Schema Comparison: {
  table: [32m'patients'[39m,
  source_schema: {
    table: [32m'patients'[39m,
    at WorkerMain._runTest [90m(C:\Largescale_Data-Demo\healthcare-data-valida
tion\[39mnode_modules\[4mplaywright[24m\lib\worker\workerMain.js:297:5[90m)
[39m
    at WorkerMain.runTestGroup [90m(C:\Largescale_Data-Demo\healthcare-data-va
lidation\[39mnode_modules\[4mplaywright[24m\lib\worker\workerMain.js:203:9[
90m)[39m
    valid: [33mfalse[39m,
    at process.<anonymous> [90m(C:\Largescale_Data-Demo\healthcare-data-valida
tion\[39mnode_modules\[4mplaywright[24m\lib\common\process.js:73:22[90m)[3
9m
[1A[2K[chromium] ΓÇ║ tests\e2e\schema-validation.test.ts:167:9 ΓÇ║ Great 
Expectations Schema Validation ΓÇ║ Patients Table Schema ΓÇ║ should compare 
source and target patients schemas
Python was not found; run without arguments to install from the Microsoft 
Store, or disable this shortcut from Settings > Apps > Advanced app settings > 
App execution aliases.
[1A[2K[chromium] ΓÇ║ tests\e2e\schema-validation.test.ts:167:9 ΓÇ║ Great 
Expectations Schema Validation ΓÇ║ Patients Table Schema ΓÇ║ should compare 
source and target patients schemas
    errors: [ [32m'Schema validation unavailable'[39m ],
    warnings: [],
    summary: {
GE Schema Validator Error: Python was not found; run without arguments to 
install from the Microsoft Store, or disable this shortcut from Settings > 
Apps > Advanced app settings > App execution aliases.
      column_count_match: [33mfalse[39m,
      all_mandatory_present: [33mfalse[39m,
      type_mismatches: [33m0[39m,

[1A[2K[chromium] ΓÇ║ tests\e2e\schema-validation.test.ts:167:9 ΓÇ║ Great 
Expectations Schema Validation ΓÇ║ Patients Table Schema ΓÇ║ should compare 
source and target patients schemas
Schema comparison incomplete for patients: {
      extra_columns: [],
      missing_columns: []
    }
  },
  target_schema: {
    table: [32m'patients'[39m,
    valid: [33mfalse[39m,
  error: [33mtrue[39m,
    errors: [ [32m'Schema validation unavailable'[39m ],
    warnings: [],
    summary: {
      column_count_match: [33mfalse[39m,
  message: [32m'Python was not found; run without arguments to install from 
the Microsoft Store, or disable this shortcut from Settings > Apps > Advanced 
app settings > App execution aliases.\r\n'[39m,
  table: [32m'patients'[39m,
      all_mandatory_present: [33mfalse[39m,
      type_mismatches: [33m0[39m,
  valid: [33mfalse[39m,
  errors: [
      extra_columns: [],
    [32m'Python was not found; run without arguments to install from the 
Microsoft Store, or disable this shortcut from Settings > Apps > Advanced app 
settings > App execution aliases.\r\n'[39m
      missing_columns: []
    }
  ],
  warnings: [],
  summary: {
    column_count_match: [33mfalse[39m,
    all_mandatory_present: [33mfalse[39m,
  },
  schema_compatible: [33mfalse[39m,
  differences: [ [32m'Schema comparison incomplete'[39m ],
  summary: {
    column_count_match: [33mfalse[39m,
    all_mandatory_present: [33mfalse[39m,
    type_mismatches: [33m0[39m,
    extra_columns: [],
    type_mismatches: [33m0[39m,
    extra_columns: [],
    missing_columns: []
  }
    missing_columns: []
}

[1A[2K[chromium] ΓÇ║ tests\e2e\automation.test.ts:194:5 ΓÇ║ Validate Medications Data - Mandatory Fields & Negative Patterns
Anomaly Report



  }
}
[1A[2K[chromium] ΓÇ║ tests\e2e\transformation.test.ts:246:9 ΓÇ║ Data 
Transformation & Truncation ΓÇ║ Truncation: Detect field value truncation - 
Strings
[1A[2K[18/52] [chromium] ΓÇ║ tests\e2e\transformation.test.ts:246:9 ΓÇ║ Data Transformation & Truncation ΓÇ║ Truncation: Detect field value truncation - Strings
Could not read query file: ../sql/source/patients.sql
[1A[2KError persisting query: SyntaxError: Unexpected non-whitespace 
character after JSON at position 69227 (line 1188 column 2)
    at JSON.parse (<anonymous>)


[1A[2K[QueryStore] Captured repository query for patients_source
    at QueryStore.persistQuery [90m(C:\Largescale_Data-Demo\healthcare-data-va
lidation\[39msrc\queryStore.ts:51:35[90m)[39m

[1A[2K  9) [chromium] ΓÇ║ tests\e2e\automation.test.ts:194:5 ΓÇ║ Validate Medications Data - Mandatory Fields & Negative Patterns 

    Error: [2mexpect([22m[31mreceived[39m[2m).[22mtoBe[2m([22m[32mexpected[39m[2m) // Object.is equality[22m
    at QueryStore.captureQuery [90m(C:\Largescale_Data-Demo\healthcare-data-va
lidation\[39msrc\queryStore.ts:44:14[90m)[39m
    at Repository.fetchSourceData [90m(C:\Largescale_Data-Demo\healthcare-data
-validation\[39msrc\db\repository.ts:22:25[90m)[39m
    at loadSourceData [90m(C:\Largescale_Data-Demo\healthcare-data-validation\
[39mutils\dataLoader.ts:4:23[90m)[39m
    at [90mC:\Largescale_Data-Demo\healthcare-data-validation\[39mtests\e2e\t
ransformation.test.ts:249:52

    Expected: [32m0[39m
    Received: [31m8[39m

      206 |         const medicationsValidator = new MedicationsValidator();
      207 |         const anomalies = medicationsValidator.validate(sourceMedications, targetMedications);
    > 208 |         expect(anomalies.length).toBe(0);
          |                                  ^
      209 |         const anomalyLog = formatAnomalySummary(anomalies);
      210 |         steps.push({ name: 'Run validation', status: anomalies.length === 0 ? 'pass' : 'fail', log: anomalyLog, timestamp: new Date().toISOString() });
    at [90mC:\Largescale_Data-Demo\healthcare-data-validation\[39mnode_module
s\[4mplaywright[24m\lib\worker\workerMain.js:326:15
    at [90mC:\Largescale_Data-Demo\healthcare-data-validation\[39mnode_module
s\[4mplaywright[24m\lib\worker\testInfo.js:320:17
      211 |         
    at TimeoutManager.withRunnable [90m(C:\Largescale_Data-Demo\healthcare-dat
a-validation\[39mnode_modules\[4mplaywright[24m\lib\worker\timeoutManager.js
:76:9[90m)[39m
        at C:\Largescale_Data-Demo\healthcare-data-validation\tests\e2e\automation.test.ts:208:34

    Error Context: test-results\automation-Validate-Medica-549bc-ry-Fields-Negative-Patterns-chromium\error-context.md

    at TestInfoImpl._runWithTimeout [90m(C:\Largescale_Data-Demo\healthcare-da
ta-validation\[39mnode_modules\[4mplaywright[24m\lib\worker\testInfo.js:318:
34[90m)[39m
    Error Context: test-results\automation-Validate-Medica-549bc-ry-Fields-Negative-Patterns-chromium\error-context.md

    at [90mC:\Largescale_Data-Demo\healthcare-data-validation\[39mnode_module
s\[4mplaywright[24m\lib\worker\workerMain.js:324:22
    at WorkerMain._runTest [90m(C:\Largescale_Data-Demo\healthcare-data-valida
tion\[39mnode_modules\[4mplaywright[24m\lib\worker\workerMain.js:297:5[90m)
[39m

[1A[2K[Repository] Generated 10 mock records for patients

[1A[2K[chromium] ΓÇ║ tests\e2e\schema-validation.test.ts:167:9 ΓÇ║ Great Expectations Schema Validation ΓÇ║ Patients Table Schema ΓÇ║ should compare source and target patients schemas
    at WorkerMain.runTestGroup [90m(C:\Largescale_Data-Demo\healthcare-data-va
lidation\[39mnode_modules\[4mplaywright[24m\lib\worker\workerMain.js:203:9[
90m)[39m
    at process.<anonymous> [90m(C:\Largescale_Data-Demo\healthcare-data-valida
tion\[39mnode_modules\[4mplaywright[24m\lib\common\process.js:73:22[90m)[3
9m
[1A[2K[chromium] ΓÇ║ tests\e2e\transformation.test.ts:246:9 ΓÇ║ Data 
Transformation & Truncation ΓÇ║ Truncation: Detect field value truncation - 
Strings
[DatabaseConnection] Demo mode: Skipping database disconnection


Could not read query file: ../sql/target/patients.sql
[1A[2KError persisting query: SyntaxError: Unexpected non-whitespace 
character after JSON at position 69227 (line 1188 column 2)

[1A[2K[QueryStore] Captured repository query for patients_target

[1A[2KΓÜá∩╕Å String truncation detected:

    at JSON.parse (<anonymous>)
[1A[2K[chromium] ΓÇ║ tests\e2e\schema-validation.test.ts:167:9 ΓÇ║ Great Expectations Schema Validation ΓÇ║ Patients Table Schema ΓÇ║ should compare source and target patients schemas

Γ£à Schema Validation Report generated: reports/schema-validation-report.html

[1A[2K[chromium] ΓÇ║ tests\e2e\transformation.test.ts:246:9 ΓÇ║ Data Transformation & Truncation ΓÇ║ Truncation: Detect field value truncation - Strings
  Field 'name' ID undefined: 10 chars ΓåÆ 9 chars
    at QueryStore.persistQuery [90m(C:\Largescale_Data-Demo\healthcare-data-va
lidation\[39msrc\queryStore.ts:51:35[90m)[39m

[1A[2K  10) [chromium] ΓÇ║ tests\e2e\schema-validation.test.ts:167:9 ΓÇ║ Great Expectations Schema Validation ΓÇ║ Patients Table Schema ΓÇ║ should compare source and target patients schemas 

    at QueryStore.captureQuery [90m(C:\Largescale_Data-Demo\healthcare-data-va
lidation\[39msrc\queryStore.ts:44:14[90m)[39m
    at Repository.fetchTargetData [90m(C:\Largescale_Data-Demo\healthcare-data
-validation\[39msrc\db\repository.ts:28:25[90m)[39m
    at loadTargetData [90m(C:\Largescale_Data-Demo\healthcare-data-validation\
[39mutils\dataLoader.ts:8:23[90m)[39m
    Error: [2mexpect([22m[31mreceived[39m[2m).[22mtoBe[2m([22m[32mexpected[39m[2m) // Object.is equality[22m

    Expected: [32mtrue[39m
    Received: [31mfalse[39m

      205 |         // Assertions - use null coalescing for safety
      206 |         expect(result.table).toBe('patients');
    > 207 |         expect(sourceValid && targetValid).toBe(true);
    at [90mC:\Largescale_Data-Demo\healthcare-data-validation\[39mtests\e2e\t
ransformation.test.ts:250:52
    at [90mC:\Largescale_Data-Demo\healthcare-data-validation\[39mnode_module
s\[4mplaywright[24m\lib\worker\workerMain.js:326:9
    at [90mC:\Largescale_Data-Demo\healthcare-data-validation\[39mnode_module
s\[4mplaywright[24m\lib\worker\testInfo.js:320:11
    at TimeoutManager.withRunnable [90m(C:\Largescale_Data-Demo\healthcare-dat
a-validation\[39mnode_modules\[4mplaywright[24m\lib\worker\timeoutManager.js
:75:14[90m)[39m
    at TestInfoImpl._runWithTimeout [90m(C:\Largescale_Data-Demo\healthcare-da
ta-validation\[39mnode_modules\[4mplaywright[24m\lib\worker\testInfo.js:318:
7[90m)[39m
    at [90mC:\Largescale_Data-Demo\healthcare-data-validation\[39mnode_module
s\[4mplaywright[24m\lib\worker\workerMain.js:324:7
    at WorkerMain._runTest [90m(C:\Largescale_Data-Demo\healthcare-data-valida
tion\[39mnode_modules\[4mplaywright[24m\lib\worker\workerMain.js:297:5[90m)
[39m
    at WorkerMain.runTestGroup [90m(C:\Largescale_Data-Demo\healthcare-data-va
lidation\[39mnode_modules\[4mplaywright[24m\lib\worker\workerMain.js:203:9[
90m)[39m
    at process.<anonymous> [90m(C:\Largescale_Data-Demo\healthcare-data-valida
tion\[39mnode_modules\[4mplaywright[24m\lib\common\process.js:73:22[90m)[3
9m
          |                                            ^
      208 |
      209 |         const duration = Date.now() - startTime;
      210 |         testResultsCollector.addResult({
        at C:\Largescale_Data-Demo\healthcare-data-validation\tests\e2e\schema-validation.test.ts:207:44

[1A[2K[chromium] ΓÇ║ tests\e2e\transformation.test.ts:309:9 ΓÇ║ Data 
Transformation & Truncation ΓÇ║ Truncation: Detect numeric value truncation - 
Decimal Loss
Could not read query file: ../sql/source/billing.sql
[1A[2KError persisting query: SyntaxError: Unexpected non-whitespace 
character after JSON at position 69227 (line 1188 column 2)
    at JSON.parse (<anonymous>)
    at QueryStore.persistQuery [90m(C:\Largescale_Data-Demo\healthcare-data-va
lidation\[39msrc\queryStore.ts:51:35[90m)[39m
    at QueryStore.captureQuery [90m(C:\Largescale_Data-Demo\healthcare-data-va
lidation\[39msrc\queryStore.ts:44:14[90m)[39m
    Error Context: test-results\schema-validation-Great-Ex-d73c9-and-target-patients-schemas-chromium\error-context.md

    Error Context: test-results\schema-validation-Great-Ex-d73c9-and-target-patients-schemas-chromium\error-context.md

    Error Context: test-results\schema-validation-Great-Ex-d73c9-and-target-patients-schemas-chromium\error-context.md

    at Repository.fetchSourceData [90m(C:\Largescale_Data-Demo\healthcare-data
-validation\[39msrc\db\repository.ts:22:25[90m)[39m
    at loadSourceData [90m(C:\Largescale_Data-Demo\healthcare-data-validation\
[39mutils\dataLoader.ts:4:23[90m)[39m
    at [90mC:\Largescale_Data-Demo\healthcare-data-validation\[39mtests\e2e\t
ransformation.test.ts:312:52
    at [90mC:\Largescale_Data-Demo\healthcare-data-validation\[39mnode_module
s\[4mplaywright[24m\lib\worker\workerMain.js:326:15
    at [90mC:\Largescale_Data-Demo\healthcare-data-validation\[39mnode_module
s\[4mplaywright[24m\lib\worker\testInfo.js:320:17
    at TimeoutManager.withRunnable [90m(C:\Largescale_Data-Demo\healthcare-dat
a-validation\[39mnode_modules\[4mplaywright[24m\lib\worker\timeoutManager.js
:76:9[90m)[39m
    at TestInfoImpl._runWithTimeout [90m(C:\Largescale_Data-Demo\healthcare-da
ta-validation\[39mnode_modules\[4mplaywright[24m\lib\worker\testInfo.js:318:
34[90m)[39m
    at [90mC:\Largescale_Data-Demo\healthcare-data-validation\[39mnode_module
s\[4mplaywright[24m\lib\worker\workerMain.js:324:22
    at WorkerMain._runTest [90m(C:\Largescale_Data-Demo\healthcare-data-valida
tion\[39mnode_modules\[4mplaywright[24m\lib\worker\workerMain.js:297:5[90m)
[39m
    at WorkerMain.runTestGroup [90m(C:\Largescale_Data-Demo\healthcare-data-va
lidation\[39mnode_modules\[4mplaywright[24m\lib\worker\workerMain.js:203:9[
90m)[39m

[1A[2K[19/52] [chromium] ΓÇ║ tests\e2e\transformation.test.ts:309:9 ΓÇ║ Data Transformation & Truncation ΓÇ║ Truncation: Detect numeric value truncation - Decimal Loss


[1A[2K[QueryStore] Captured repository query for billing_source

[1A[2K[Repository] Generated 20 mock records for billing



    at process.<anonymous> [90m(C:\Largescale_Data-Demo\healthcare-data-valida
tion\[39mnode_modules\[4mplaywright[24m\lib\common\process.js:73:22[90m)[3
9m
[1A[2KCould not read query file: ../sql/target/billing.sql
[1A[2KError persisting query: SyntaxError: Unexpected non-whitespace 
character after JSON at position 69227 (line 1188 column 2)
    at JSON.parse (<anonymous>)
[1A[2K[QueryStore] Captured repository query for billing_target

[1A[2KΓ£à No decimal truncation detected

[1A[2K[20/52] [chromium] ΓÇ║ tests\e2e\transformation.test.ts:363:9 ΓÇ║ Data Transformation & Truncation ΓÇ║ Truncation: Detect date format changes


[1A[2K[QueryStore] Captured repository query for billing_source
    at QueryStore.persistQuery [90m(C:\Largescale_Data-Demo\healthcare-data-va
lidation\[39msrc\queryStore.ts:51:35[90m)[39m
    at QueryStore.captureQuery [90m(C:\Largescale_Data-Demo\healthcare-data-va
lidation\[39msrc\queryStore.ts:44:14[90m)[39m
    at Repository.fetchTargetData [90m(C:\Largescale_Data-Demo\healthcare-data
-validation\[39msrc\db\repository.ts:28:25[90m)[39m
    at loadTargetData [90m(C:\Largescale_Data-Demo\healthcare-data-validation\
[39mutils\dataLoader.ts:8:23[90m)[39m
    at [90mC:\Largescale_Data-Demo\healthcare-data-validation\[39mtests\e2e\t
ransformation.test.ts:313:52

[1A[2K[Repository] Generated 20 mock records for billing

    at [90mC:\Largescale_Data-Demo\healthcare-data-validation\[39mnode_module
s\[4mplaywright[24m\lib\worker\workerMain.js:326:9
    at [90mC:\Largescale_Data-Demo\healthcare-data-validation\[39mnode_module
s\[4mplaywright[24m\lib\worker\testInfo.js:320:11
    at TimeoutManager.withRunnable [90m(C:\Largescale_Data-Demo\healthcare-dat
a-validation\[39mnode_modules\[4mplaywright[24m\lib\worker\timeoutManager.js
:75:14[90m)[39m
    at TestInfoImpl._runWithTimeout [90m(C:\Largescale_Data-Demo\healthcare-da
ta-validation\[39mnode_modules\[4mplaywright[24m\lib\worker\testInfo.js:318:
7[90m)[39m
    at [90mC:\Largescale_Data-Demo\healthcare-data-validation\[39mnode_module
s\[4mplaywright[24m\lib\worker\workerMain.js:324:7
    at WorkerMain._runTest [90m(C:\Largescale_Data-Demo\healthcare-data-valida
tion\[39mnode_modules\[4mplaywright[24m\lib\worker\workerMain.js:297:5[90m)
[39m
    at WorkerMain.runTestGroup [90m(C:\Largescale_Data-Demo\healthcare-data-va
lidation\[39mnode_modules\[4mplaywright[24m\lib\worker\workerMain.js:203:9[
90m)[39m


    at process.<anonymous> [90m(C:\Largescale_Data-Demo\healthcare-data-valida
tion\[39mnode_modules\[4mplaywright[24m\lib\common\process.js:73:22[90m)[3
9m
[1A[2K[chromium] ΓÇ║ tests\e2e\transformation.test.ts:363:9 ΓÇ║ Data 
Transformation & Truncation ΓÇ║ Truncation: Detect date format changes
Could not read query file: ../sql/source/billing.sql
[1A[2KError persisting query: SyntaxError: Unexpected non-whitespace 
character after JSON at position 69227 (line 1188 column 2)
    at JSON.parse (<anonymous>)
[1A[2K[QueryStore] Captured repository query for billing_target

[1A[2KΓ£à No date format issues detected

[1A[2K[21/52] [chromium] ΓÇ║ tests\e2e\transformation.test.ts:419:9 ΓÇ║ Data Transformation & Truncation ΓÇ║ Transformation: Calculate overall success rate
    at QueryStore.persistQuery [90m(C:\Largescale_Data-Demo\healthcare-data-va
lidation\[39msrc\queryStore.ts:51:35[90m)[39m
    at QueryStore.captureQuery [90m(C:\Largescale_Data-Demo\healthcare-data-va
lidation\[39msrc\queryStore.ts:44:14[90m)[39m
    at Repository.fetchSourceData [90m(C:\Largescale_Data-Demo\healthcare-data
-validation\[39msrc\db\repository.ts:22:25[90m)[39m

    at loadSourceData [90m(C:\Largescale_Data-Demo\healthcare-data-validation\
[39mutils\dataLoader.ts:4:23[90m)[39m
    at [90mC:\Largescale_Data-Demo\healthcare-data-validation\[39mtests\e2e\t
ransformation.test.ts:366:52
    at [90mC:\Largescale_Data-Demo\healthcare-data-validation\[39mnode_module
s\[4mplaywright[24m\lib\worker\workerMain.js:326:15
    at [90mC:\Largescale_Data-Demo\healthcare-data-validation\[39mnode_module
s\[4mplaywright[24m\lib\worker\testInfo.js:320:17
    at TimeoutManager.withRunnable [90m(C:\Largescale_Data-Demo\healthcare-dat
a-validation\[39mnode_modules\[4mplaywright[24m\lib\worker\timeoutManager.js
:76:9[90m)[39m

    at TestInfoImpl._runWithTimeout [90m(C:\Largescale_Data-Demo\healthcare-da
ta-validation\[39mnode_modules\[4mplaywright[24m\lib\worker\testInfo.js:318:
34[90m)[39m
    at [90mC:\Largescale_Data-Demo\healthcare-data-validation\[39mnode_module
s\[4mplaywright[24m\lib\worker\workerMain.js:324:22
    at WorkerMain._runTest [90m(C:\Largescale_Data-Demo\healthcare-data-valida
tion\[39mnode_modules\[4mplaywright[24m\lib\worker\workerMain.js:297:5[90m)
[39m
    at WorkerMain.runTestGroup [90m(C:\Largescale_Data-Demo\healthcare-data-va
lidation\[39mnode_modules\[4mplaywright[24m\lib\worker\workerMain.js:203:9[
90m)[39m
    at process.<anonymous> [90m(C:\Largescale_Data-Demo\healthcare-data-valida
tion\[39mnode_modules\[4mplaywright[24m\lib\common\process.js:73:22[90m)[3
9m
[1A[2KCould not read query file: ../sql/target/billing.sql
[1A[2K[QueryStore] Captured repository query for patients_source

[1A[2K[Repository] Generated 10 mock records for patients


[1A[2KError persisting query: SyntaxError: Unexpected non-whitespace 
character after JSON at position 69227 (line 1188 column 2)
    at JSON.parse (<anonymous>)
    at QueryStore.persistQuery [90m(C:\Largescale_Data-Demo\healthcare-data-va
lidation\[39msrc\queryStore.ts:51:35[90m)[39m
    at QueryStore.captureQuery [90m(C:\Largescale_Data-Demo\healthcare-data-va
lidation\[39msrc\queryStore.ts:44:14[90m)[39m
    at Repository.fetchTargetData [90m(C:\Largescale_Data-Demo\healthcare-data
-validation\[39msrc\db\repository.ts:28:25[90m)[39m
    at loadTargetData [90m(C:\Largescale_Data-Demo\healthcare-data-validation\
[39mutils\dataLoader.ts:8:23[90m)[39m
    at [90mC:\Largescale_Data-Demo\healthcare-data-validation\[39mtests\e2e\t
ransformation.test.ts:367:52
    at [90mC:\Largescale_Data-Demo\healthcare-data-validation\[39mnode_module
s\[4mplaywright[24m\lib\worker\workerMain.js:326:9
    at [90mC:\Largescale_Data-Demo\healthcare-data-validation\[39mnode_module
s\[4mplaywright[24m\lib\worker\testInfo.js:320:11
    at TimeoutManager.withRunnable [90m(C:\Largescale_Data-Demo\healthcare-dat
a-validation\[39mnode_modules\[4mplaywright[24m\lib\worker\timeoutManager.js
:75:14[90m)[39m
    at TestInfoImpl._runWithTimeout [90m(C:\Largescale_Data-Demo\healthcare-da
ta-validation\[39mnode_modules\[4mplaywright[24m\lib\worker\testInfo.js:318:
7[90m)[39m
    at [90mC:\Largescale_Data-Demo\healthcare-data-validation\[39mnode_module
s\[4mplaywright[24m\lib\worker\workerMain.js:324:7
    at WorkerMain._runTest [90m(C:\Largescale_Data-Demo\healthcare-data-valida
tion\[39mnode_modules\[4mplaywright[24m\lib\worker\workerMain.js:297:5[90m)
[39m
    at WorkerMain.runTestGroup [90m(C:\Largescale_Data-Demo\healthcare-data-va
lidation\[39mnode_modules\[4mplaywright[24m\lib\worker\workerMain.js:203:9[
90m)[39m

[1A[2K[QueryStore] Captured repository query for patients_target



[1A[2K[QueryStore] Captured repository query for providers_source

[1A[2K[Repository] Generated 5 mock records for providers

    at process.<anonymous> [90m(C:\Largescale_Data-Demo\healthcare-data-valida
tion\[39mnode_modules\[4mplaywright[24m\lib\common\process.js:73:22[90m)[3
9m

[1A[2K[chromium] ΓÇ║ tests\e2e\transformation.test.ts:419:9 ΓÇ║ Data 
Transformation & Truncation ΓÇ║ Transformation: Calculate overall success rate
Could not read query file: ../sql/source/patients.sql
[1A[2KError persisting query: SyntaxError: Unexpected non-whitespace 
character after JSON at position 69227 (line 1188 column 2)
    at JSON.parse (<anonymous>)
    at QueryStore.persistQuery [90m(C:\Largescale_Data-Demo\healthcare-data-va
lidation\[39msrc\queryStore.ts:51:35[90m)[39m
    at QueryStore.captureQuery [90m(C:\Largescale_Data-Demo\healthcare-data-va
lidation\[39msrc\queryStore.ts:44:14[90m)[39m
    at Repository.fetchSourceData [90m(C:\Largescale_Data-Demo\healthcare-data
-validation\[39msrc\db\repository.ts:22:25[90m)[39m
    at loadSourceData [90m(C:\Largescale_Data-Demo\healthcare-data-validation\
[39mutils\dataLoader.ts:4:23[90m)[39m
    at [90mC:\Largescale_Data-Demo\healthcare-data-validation\[39mtests\e2e\t
ransformation.test.ts:426:56
    at [90mC:\Largescale_Data-Demo\healthcare-data-validation\[39mnode_module
s\[4mplaywright[24m\lib\worker\workerMain.js:326:15
    at [90mC:\Largescale_Data-Demo\healthcare-data-validation\[39mnode_module
s\[4mplaywright[24m\lib\worker\testInfo.js:320:17
    at TimeoutManager.withRunnable [90m(C:\Largescale_Data-Demo\healthcare-dat
a-validation\[39mnode_modules\[4mplaywright[24m\lib\worker\timeoutManager.js
:76:9[90m)[39m
    at TestInfoImpl._runWithTimeout [90m(C:\Largescale_Data-Demo\healthcare-da
ta-validation\[39mnode_modules\[4mplaywright[24m\lib\worker\testInfo.js:318:
34[90m)[39m
    at [90mC:\Largescale_Data-Demo\healthcare-data-validation\[39mnode_module
s\[4mplaywright[24m\lib\worker\workerMain.js:324:22
    at WorkerMain._runTest [90m(C:\Largescale_Data-Demo\healthcare-data-valida
tion\[39mnode_modules\[4mplaywright[24m\lib\worker\workerMain.js:297:5[90m)
[39m
    at WorkerMain.runTestGroup [90m(C:\Largescale_Data-Demo\healthcare-data-va
lidation\[39mnode_modules\[4mplaywright[24m\lib\worker\workerMain.js:203:9[
90m)[39m
    at process.<anonymous> [90m(C:\Largescale_Data-Demo\healthcare-data-valida
tion\[39mnode_modules\[4mplaywright[24m\lib\common\process.js:73:22[90m)[3
9m
[1A[2KCould not read query file: ../sql/target/patients.sql
[1A[2KError persisting query: SyntaxError: Unexpected non-whitespace 
character after JSON at position 69227 (line 1188 column 2)
    at JSON.parse (<anonymous>)
    at QueryStore.persistQuery [90m(C:\Largescale_Data-Demo\healthcare-data-va
lidation\[39msrc\queryStore.ts:51:35[90m)[39m
    at QueryStore.captureQuery [90m(C:\Largescale_Data-Demo\healthcare-data-va
lidation\[39msrc\queryStore.ts:44:14[90m)[39m
    at Repository.fetchTargetData [90m(C:\Largescale_Data-Demo\healthcare-data
-validation\[39msrc\db\repository.ts:28:25[90m)[39m
    at loadTargetData [90m(C:\Largescale_Data-Demo\healthcare-data-validation\
[39mutils\dataLoader.ts:8:23[90m)[39m
    at [90mC:\Largescale_Data-Demo\healthcare-data-validation\[39mtests\e2e\t
ransformation.test.ts:427:56
    at [90mC:\Largescale_Data-Demo\healthcare-data-validation\[39mnode_module
s\[4mplaywright[24m\lib\worker\workerMain.js:326:9
    at [90mC:\Largescale_Data-Demo\healthcare-data-validation\[39mnode_module
s\[4mplaywright[24m\lib\worker\testInfo.js:320:11

    at TimeoutManager.withRunnable [90m(C:\Largescale_Data-Demo\healthcare-dat
a-validation\[39mnode_modules\[4mplaywright[24m\lib\worker\timeoutManager.js
:75:14[90m)[39m
    at TestInfoImpl._runWithTimeout [90m(C:\Largescale_Data-Demo\healthcare-da
ta-validation\[39mnode_modules\[4mplaywright[24m\lib\worker\testInfo.js:318:
7[90m)[39m
[1A[2K[QueryStore] Captured repository query for providers_target

    at [90mC:\Largescale_Data-Demo\healthcare-data-validation\[39mnode_module
s\[4mplaywright[24m\lib\worker\workerMain.js:324:7
    at WorkerMain._runTest [90m(C:\Largescale_Data-Demo\healthcare-data-valida
tion\[39mnode_modules\[4mplaywright[24m\lib\worker\workerMain.js:297:5[90m)
[39m


[1A[2K[QueryStore] Captured repository query for visits_source

[1A[2K[Repository] Generated 20 mock records for visits


    at WorkerMain.runTestGroup [90m(C:\Largescale_Data-Demo\healthcare-data-va
lidation\[39mnode_modules\[4mplaywright[24m\lib\worker\workerMain.js:203:9[
90m)[39m
    at process.<anonymous> [90m(C:\Largescale_Data-Demo\healthcare-data-valida
tion\[39mnode_modules\[4mplaywright[24m\lib\common\process.js:73:22[90m)[3
9m
[1A[2KCould not read query file: ../sql/source/providers.sql
[1A[2KError persisting query: SyntaxError: Unexpected non-whitespace 
character after JSON at position 69227 (line 1188 column 2)
    at JSON.parse (<anonymous>)
    at QueryStore.persistQuery [90m(C:\Largescale_Data-Demo\healthcare-data-va
lidation\[39msrc\queryStore.ts:51:35[90m)[39m
    at QueryStore.captureQuery [90m(C:\Largescale_Data-Demo\healthcare-data-va
lidation\[39msrc\queryStore.ts:44:14[90m)[39m
    at Repository.fetchSourceData [90m(C:\Largescale_Data-Demo\healthcare-data
-validation\[39msrc\db\repository.ts:22:25[90m)[39m
    at loadSourceData [90m(C:\Largescale_Data-Demo\healthcare-data-validation\
[39mutils\dataLoader.ts:4:23[90m)[39m
    at [90mC:\Largescale_Data-Demo\healthcare-data-validation\[39mtests\e2e\t
ransformation.test.ts:426:56
    at [90mC:\Largescale_Data-Demo\healthcare-data-validation\[39mnode_module
s\[4mplaywright[24m\lib\worker\workerMain.js:326:9
    at [90mC:\Largescale_Data-Demo\healthcare-data-validation\[39mnode_module
s\[4mplaywright[24m\lib\worker\testInfo.js:320:11
    at TimeoutManager.withRunnable [90m(C:\Largescale_Data-Demo\healthcare-dat
a-validation\[39mnode_modules\[4mplaywright[24m\lib\worker\timeoutManager.js
:75:14[90m)[39m
    at TestInfoImpl._runWithTimeout [90m(C:\Largescale_Data-Demo\healthcare-da
ta-validation\[39mnode_modules\[4mplaywright[24m\lib\worker\testInfo.js:318:
7[90m)[39m
    at [90mC:\Largescale_Data-Demo\healthcare-data-validation\[39mnode_module
s\[4mplaywright[24m\lib\worker\workerMain.js:324:7
    at WorkerMain._runTest [90m(C:\Largescale_Data-Demo\healthcare-data-valida
tion\[39mnode_modules\[4mplaywright[24m\lib\worker\workerMain.js:297:5[90m)
[39m
    at WorkerMain.runTestGroup [90m(C:\Largescale_Data-Demo\healthcare-data-va
lidation\[39mnode_modules\[4mplaywright[24m\lib\worker\workerMain.js:203:9[
90m)[39m
    at process.<anonymous> [90m(C:\Largescale_Data-Demo\healthcare-data-valida
tion\[39mnode_modules\[4mplaywright[24m\lib\common\process.js:73:22[90m)[3
9m
[1A[2KCould not read query file: ../sql/target/providers.sql
[1A[2KError persisting query: SyntaxError: Unexpected non-whitespace 
character after JSON at position 69227 (line 1188 column 2)
    at JSON.parse (<anonymous>)
    at QueryStore.persistQuery [90m(C:\Largescale_Data-Demo\healthcare-data-va
lidation\[39msrc\queryStore.ts:51:35[90m)[39m
    at QueryStore.captureQuery [90m(C:\Largescale_Data-Demo\healthcare-data-va
lidation\[39msrc\queryStore.ts:44:14[90m)[39m
    at Repository.fetchTargetData [90m(C:\Largescale_Data-Demo\healthcare-data
-validation\[39msrc\db\repository.ts:28:25[90m)[39m
    at loadTargetData [90m(C:\Largescale_Data-Demo\healthcare-data-validation\
[39mutils\dataLoader.ts:8:23[90m)[39m
    at [90mC:\Largescale_Data-Demo\healthcare-data-validation\[39mtests\e2e\t
ransformation.test.ts:427:56

    at [90mC:\Largescale_Data-Demo\healthcare-data-validation\[39mnode_module
s\[4mplaywright[24m\lib\worker\workerMain.js:326:9
[1A[2K[QueryStore] Captured repository query for visits_target
    at [90mC:\Largescale_Data-Demo\healthcare-data-validation\[39mnode_module
s\[4mplaywright[24m\lib\worker\testInfo.js:320:11



    at TimeoutManager.withRunnable [90m(C:\Largescale_Data-Demo\healthcare-dat
a-validation\[39mnode_modules\[4mplaywright[24m\lib\worker\timeoutManager.js
:75:14[90m)[39m
    at TestInfoImpl._runWithTimeout [90m(C:\Largescale_Data-Demo\healthcare-da
ta-validation\[39mnode_modules\[4mplaywright[24m\lib\worker\testInfo.js:318:
7[90m)[39m
    at [90mC:\Largescale_Data-Demo\healthcare-data-validation\[39mnode_module
s\[4mplaywright[24m\lib\worker\workerMain.js:324:7
[1A[2K[QueryStore] Captured repository query for medications_source

[1A[2K[Repository] Generated 15 mock records for medications


    at WorkerMain._runTest [90m(C:\Largescale_Data-Demo\healthcare-data-valida
tion\[39mnode_modules\[4mplaywright[24m\lib\worker\workerMain.js:297:5[90m)
[39m
    at WorkerMain.runTestGroup [90m(C:\Largescale_Data-Demo\healthcare-data-va
lidation\[39mnode_modules\[4mplaywright[24m\lib\worker\workerMain.js:203:9[
90m)[39m
    at process.<anonymous> [90m(C:\Largescale_Data-Demo\healthcare-data-valida
tion\[39mnode_modules\[4mplaywright[24m\lib\common\process.js:73:22[90m)[3
9m
[1A[2KCould not read query file: ../sql/source/visits.sql
[1A[2KError persisting query: SyntaxError: Unexpected non-whitespace 
character after JSON at position 69227 (line 1188 column 2)
    at JSON.parse (<anonymous>)
    at QueryStore.persistQuery [90m(C:\Largescale_Data-Demo\healthcare-data-va
lidation\[39msrc\queryStore.ts:51:35[90m)[39m
    at QueryStore.captureQuery [90m(C:\Largescale_Data-Demo\healthcare-data-va
lidation\[39msrc\queryStore.ts:44:14[90m)[39m
    at Repository.fetchSourceData [90m(C:\Largescale_Data-Demo\healthcare-data
-validation\[39msrc\db\repository.ts:22:25[90m)[39m
    at loadSourceData [90m(C:\Largescale_Data-Demo\healthcare-data-validation\
[39mutils\dataLoader.ts:4:23[90m)[39m
    at [90mC:\Largescale_Data-Demo\healthcare-data-validation\[39mtests\e2e\t
ransformation.test.ts:426:56
    at [90mC:\Largescale_Data-Demo\healthcare-data-validation\[39mnode_module
s\[4mplaywright[24m\lib\worker\workerMain.js:326:9
    at [90mC:\Largescale_Data-Demo\healthcare-data-validation\[39mnode_module
s\[4mplaywright[24m\lib\worker\testInfo.js:320:11
    at TimeoutManager.withRunnable [90m(C:\Largescale_Data-Demo\healthcare-dat
a-validation\[39mnode_modules\[4mplaywright[24m\lib\worker\timeoutManager.js
:75:14[90m)[39m
    at TestInfoImpl._runWithTimeout [90m(C:\Largescale_Data-Demo\healthcare-da
ta-validation\[39mnode_modules\[4mplaywright[24m\lib\worker\testInfo.js:318:
7[90m)[39m
    at [90mC:\Largescale_Data-Demo\healthcare-data-validation\[39mnode_module
s\[4mplaywright[24m\lib\worker\workerMain.js:324:7
    at WorkerMain._runTest [90m(C:\Largescale_Data-Demo\healthcare-data-valida
tion\[39mnode_modules\[4mplaywright[24m\lib\worker\workerMain.js:297:5[90m)
[39m
    at WorkerMain.runTestGroup [90m(C:\Largescale_Data-Demo\healthcare-data-va
lidation\[39mnode_modules\[4mplaywright[24m\lib\worker\workerMain.js:203:9[
90m)[39m
    at process.<anonymous> [90m(C:\Largescale_Data-Demo\healthcare-data-valida
tion\[39mnode_modules\[4mplaywright[24m\lib\common\process.js:73:22[90m)[3
9m
[1A[2KCould not read query file: ../sql/target/visits.sql
[1A[2KError persisting query: SyntaxError: Unexpected non-whitespace 
character after JSON at position 69227 (line 1188 column 2)
    at JSON.parse (<anonymous>)
    at QueryStore.persistQuery [90m(C:\Largescale_Data-Demo\healthcare-data-va
lidation\[39msrc\queryStore.ts:51:35[90m)[39m
    at QueryStore.captureQuery [90m(C:\Largescale_Data-Demo\healthcare-data-va
lidation\[39msrc\queryStore.ts:44:14[90m)[39m
    at Repository.fetchTargetData [90m(C:\Largescale_Data-Demo\healthcare-data
-validation\[39msrc\db\repository.ts:28:25[90m)[39m
    at loadTargetData [90m(C:\Largescale_Data-Demo\healthcare-data-validation\
[39mutils\dataLoader.ts:8:23[90m)[39m
    at [90mC:\Largescale_Data-Demo\healthcare-data-validation\[39mtests\e2e\t
ransformation.test.ts:427:56
    at [90mC:\Largescale_Data-Demo\healthcare-data-validation\[39mnode_module
s\[4mplaywright[24m\lib\worker\workerMain.js:326:9
    at [90mC:\Largescale_Data-Demo\healthcare-data-validation\[39mnode_module
s\[4mplaywright[24m\lib\worker\testInfo.js:320:11

    at TimeoutManager.withRunnable [90m(C:\Largescale_Data-Demo\healthcare-dat
a-validation\[39mnode_modules\[4mplaywright[24m\lib\worker\timeoutManager.js
:75:14[90m)[39m
[1A[2K[QueryStore] Captured repository query for medications_target
    at TestInfoImpl._runWithTimeout [90m(C:\Largescale_Data-Demo\healthcare-da
ta-validation\[39mnode_modules\[4mplaywright[24m\lib\worker\testInfo.js:318:
7[90m)[39m

    at [90mC:\Largescale_Data-Demo\healthcare-data-validation\[39mnode_module
s\[4mplaywright[24m\lib\worker\workerMain.js:324:7

    at WorkerMain._runTest [90m(C:\Largescale_Data-Demo\healthcare-data-valida
tion\[39mnode_modules\[4mplaywright[24m\lib\worker\workerMain.js:297:5[90m)
[39m
    at WorkerMain.runTestGroup [90m(C:\Largescale_Data-Demo\healthcare-data-va
lidation\[39mnode_modules\[4mplaywright[24m\lib\worker\workerMain.js:203:9[
90m)[39m
    at process.<anonymous> [90m(C:\Largescale_Data-Demo\healthcare-data-valida
tion\[39mnode_modules\[4mplaywright[24m\lib\common\process.js:73:22[90m)[3
9m
[1A[2KCould not read query file: ../sql/source/medications.sql
[1A[2KError persisting query: SyntaxError: Unexpected non-whitespace 
character after JSON at position 69227 (line 1188 column 2)
    at JSON.parse (<anonymous>)
    at QueryStore.persistQuery [90m(C:\Largescale_Data-Demo\healthcare-data-va
lidation\[39msrc\queryStore.ts:51:35[90m)[39m
    at QueryStore.captureQuery [90m(C:\Largescale_Data-Demo\healthcare-data-va
lidation\[39msrc\queryStore.ts:44:14[90m)[39m
    at Repository.fetchSourceData [90m(C:\Largescale_Data-Demo\healthcare-data
-validation\[39msrc\db\repository.ts:22:25[90m)[39m
    at loadSourceData [90m(C:\Largescale_Data-Demo\healthcare-data-validation\
[39mutils\dataLoader.ts:4:23[90m)[39m

[1A[2K[QueryStore] Captured repository query for billing_source

[1A[2K[Repository] Generated 20 mock records for billing


    at [90mC:\Largescale_Data-Demo\healthcare-data-validation\[39mtests\e2e\t
ransformation.test.ts:426:56
    at [90mC:\Largescale_Data-Demo\healthcare-data-validation\[39mnode_module
s\[4mplaywright[24m\lib\worker\workerMain.js:326:9
    at [90mC:\Largescale_Data-Demo\healthcare-data-validation\[39mnode_module
s\[4mplaywright[24m\lib\worker\testInfo.js:320:11
    at TimeoutManager.withRunnable [90m(C:\Largescale_Data-Demo\healthcare-dat
a-validation\[39mnode_modules\[4mplaywright[24m\lib\worker\timeoutManager.js
:75:14[90m)[39m
    at TestInfoImpl._runWithTimeout [90m(C:\Largescale_Data-Demo\healthcare-da
ta-validation\[39mnode_modules\[4mplaywright[24m\lib\worker\testInfo.js:318:
7[90m)[39m
    at [90mC:\Largescale_Data-Demo\healthcare-data-validation\[39mnode_module
s\[4mplaywright[24m\lib\worker\workerMain.js:324:7
    at WorkerMain._runTest [90m(C:\Largescale_Data-Demo\healthcare-data-valida
tion\[39mnode_modules\[4mplaywright[24m\lib\worker\workerMain.js:297:5[90m)
[39m
    at WorkerMain.runTestGroup [90m(C:\Largescale_Data-Demo\healthcare-data-va
lidation\[39mnode_modules\[4mplaywright[24m\lib\worker\workerMain.js:203:9[
90m)[39m
    at process.<anonymous> [90m(C:\Largescale_Data-Demo\healthcare-data-valida
tion\[39mnode_modules\[4mplaywright[24m\lib\common\process.js:73:22[90m)[3
9m
[1A[2KCould not read query file: ../sql/target/medications.sql
[1A[2KError persisting query: SyntaxError: Unexpected non-whitespace 
character after JSON at position 69227 (line 1188 column 2)
    at JSON.parse (<anonymous>)
    at QueryStore.persistQuery [90m(C:\Largescale_Data-Demo\healthcare-data-va
lidation\[39msrc\queryStore.ts:51:35[90m)[39m
    at QueryStore.captureQuery [90m(C:\Largescale_Data-Demo\healthcare-data-va
lidation\[39msrc\queryStore.ts:44:14[90m)[39m
    at Repository.fetchTargetData [90m(C:\Largescale_Data-Demo\healthcare-data
-validation\[39msrc\db\repository.ts:28:25[90m)[39m
    at loadTargetData [90m(C:\Largescale_Data-Demo\healthcare-data-validation\
[39mutils\dataLoader.ts:8:23[90m)[39m
    at [90mC:\Largescale_Data-Demo\healthcare-data-validation\[39mtests\e2e\t
ransformation.test.ts:427:56
    at [90mC:\Largescale_Data-Demo\healthcare-data-validation\[39mnode_module
s\[4mplaywright[24m\lib\worker\workerMain.js:326:9
    at [90mC:\Largescale_Data-Demo\healthcare-data-validation\[39mnode_module
s\[4mplaywright[24m\lib\worker\testInfo.js:320:11

    at TimeoutManager.withRunnable [90m(C:\Largescale_Data-Demo\healthcare-dat
a-validation\[39mnode_modules\[4mplaywright[24m\lib\worker\timeoutManager.js
:75:14[90m)[39m
    at TestInfoImpl._runWithTimeout [90m(C:\Largescale_Data-Demo\healthcare-da
ta-validation\[39mnode_modules\[4mplaywright[24m\lib\worker\testInfo.js:318:
7[90m)[39m
[1A[2K[DatabaseConnection] Initialized in DEMO MODE ONLY

    at [90mC:\Largescale_Data-Demo\healthcare-data-validation\[39mnode_module
s\[4mplaywright[24m\lib\worker\workerMain.js:324:7
[1A[2K[QueryStore] Captured repository query for billing_target

[1A[2K[22/52] [chromium] ΓÇ║ tests\e2e\baseline-comparison.test.ts:228:9 ΓÇ║ Enhanced Healthcare Data Validation Framework ΓÇ║ Partitioned Comparison: Validate Data by Date Ranges
    at WorkerMain._runTest [90m(C:\Largescale_Data-Demo\healthcare-data-valida
tion\[39mnode_modules\[4mplaywright[24m\lib\worker\workerMain.js:297:5[90m)
[39m
[1A[2K≡ƒôè Transformation Success Rates:

[1A[2K  Γ¥î patients: 10%

[1A[2K  Γ¥î providers: 20%

[1A[2K[chromium] ΓÇ║ tests\e2e\baseline-comparison.test.ts:228:9 ΓÇ║ Enhanced Healthcare Data Validation Framework ΓÇ║ Partitioned Comparison: Validate Data by Date Ranges
[DatabaseConnection] Demo mode: Skipping database connection
    at WorkerMain.runTestGroup [90m(C:\Largescale_Data-Demo\healthcare-data-va
lidation\[39mnode_modules\[4mplaywright[24m\lib\worker\workerMain.js:203:9[
90m)[39m

[1A[2K[chromium] ΓÇ║ tests\e2e\transformation.test.ts:419:9 ΓÇ║ Data Transformation & Truncation ΓÇ║ Transformation: Calculate overall success rate
  Γ¥î visits: 5%

    at process.<anonymous> [90m(C:\Largescale_Data-Demo\healthcare-data-valida
tion\[39mnode_modules\[4mplaywright[24m\lib\common\process.js:73:22[90m)[3
9m
[1A[2KCould not read query file: ../sql/source/billing.sql
[1A[2KError persisting query: SyntaxError: Unexpected non-whitespace 
character after JSON at position 69227 (line 1188 column 2)
[1A[2K  Γ¥î medications: 6.67%

    at JSON.parse (<anonymous>)
[1A[2K  Γ¥î billing: 5%
    at QueryStore.persistQuery [90m(C:\Largescale_Data-Demo\healthcare-data-va
lidation\[39msrc\queryStore.ts:51:35[90m)[39m

    at QueryStore.captureQuery [90m(C:\Largescale_Data-Demo\healthcare-data-va
lidation\[39msrc\queryStore.ts:44:14[90m)[39m

    at Repository.fetchSourceData [90m(C:\Largescale_Data-Demo\healthcare-data
-validation\[39msrc\db\repository.ts:22:25[90m)[39m
[1A[2K[chromium] ΓÇ║ tests\e2e\transformation.test.ts:419:9 ΓÇ║ Data Transformation & Truncation ΓÇ║ Transformation: Calculate overall success rate

  ≡ƒôê Average: 9.33%

    at loadSourceData [90m(C:\Largescale_Data-Demo\healthcare-data-validation\
[39mutils\dataLoader.ts:4:23[90m)[39m

[1A[2K[QueryStore] Captured repository query for visits_source

    at [90mC:\Largescale_Data-Demo\healthcare-data-validation\[39mtests\e2e\t
ransformation.test.ts:426:56
    at [90mC:\Largescale_Data-Demo\healthcare-data-validation\[39mnode_module
s\[4mplaywright[24m\lib\worker\workerMain.js:326:9
[1A[2K[Repository] Generated 20 mock records for visits

    at [90mC:\Largescale_Data-Demo\healthcare-data-validation\[39mnode_module
s\[4mplaywright[24m\lib\worker\testInfo.js:320:11
    at TimeoutManager.withRunnable [90m(C:\Largescale_Data-Demo\healthcare-dat
a-validation\[39mnode_modules\[4mplaywright[24m\lib\worker\timeoutManager.js
:75:14[90m)[39m
    at TestInfoImpl._runWithTimeout [90m(C:\Largescale_Data-Demo\healthcare-da
ta-validation\[39mnode_modules\[4mplaywright[24m\lib\worker\testInfo.js:318:
7[90m)[39m
    at [90mC:\Largescale_Data-Demo\healthcare-data-validation\[39mnode_module
s\[4mplaywright[24m\lib\worker\workerMain.js:324:7

    at WorkerMain._runTest [90m(C:\Largescale_Data-Demo\healthcare-data-valida
tion\[39mnode_modules\[4mplaywright[24m\lib\worker\workerMain.js:297:5[90m)
[39m
    at WorkerMain.runTestGroup [90m(C:\Largescale_Data-Demo\healthcare-data-va
lidation\[39mnode_modules\[4mplaywright[24m\lib\worker\workerMain.js:203:9[
90m)[39m
    at process.<anonymous> [90m(C:\Largescale_Data-Demo\healthcare-data-valida
tion\[39mnode_modules\[4mplaywright[24m\lib\common\process.js:73:22[90m)[3
9m
[1A[2KCould not read query file: ../sql/target/billing.sql
[1A[2KError persisting query: SyntaxError: Unexpected non-whitespace 
character after JSON at position 69227 (line 1188 column 2)
    at JSON.parse (<anonymous>)
    at QueryStore.persistQuery [90m(C:\Largescale_Data-Demo\healthcare-data-va
lidation\[39msrc\queryStore.ts:51:35[90m)[39m
    at QueryStore.captureQuery [90m(C:\Largescale_Data-Demo\healthcare-data-va
lidation\[39msrc\queryStore.ts:44:14[90m)[39m
    at Repository.fetchTargetData [90m(C:\Largescale_Data-Demo\healthcare-data
-validation\[39msrc\db\repository.ts:28:25[90m)[39m
    at loadTargetData [90m(C:\Largescale_Data-Demo\healthcare-data-validation\
[39mutils\dataLoader.ts:8:23[90m)[39m
    at [90mC:\Largescale_Data-Demo\healthcare-data-validation\[39mtests\e2e\t
ransformation.test.ts:427:56
    at [90mC:\Largescale_Data-Demo\healthcare-data-validation\[39mnode_module
s\[4mplaywright[24m\lib\worker\workerMain.js:326:9
    at [90mC:\Largescale_Data-Demo\healthcare-data-validation\[39mnode_module
s\[4mplaywright[24m\lib\worker\testInfo.js:320:11

[1A[2K[QueryStore] Captured repository query for visits_target

    at TimeoutManager.withRunnable [90m(C:\Largescale_Data-Demo\healthcare-dat
a-validation\[39mnode_modules\[4mplaywright[24m\lib\worker\timeoutManager.js
:75:14[90m)[39m
    at TestInfoImpl._runWithTimeout [90m(C:\Largescale_Data-Demo\healthcare-da
ta-validation\[39mnode_modules\[4mplaywright[24m\lib\worker\testInfo.js:318:
7[90m)[39m
[1A[2K  11) [chromium] ΓÇ║ tests\e2e\transformation.test.ts:419:9 ΓÇ║ Data Transformation & Truncation ΓÇ║ Transformation: Calculate overall success rate 

    at [90mC:\Largescale_Data-Demo\healthcare-data-validation\[39mnode_module
s\[4mplaywright[24m\lib\worker\workerMain.js:324:7
    Error: [2mexpect([22m[31mreceived[39m[2m).[22mtoBeGreaterThanOrEqual[2m([22m[32mexpected[39m[2m)[22m
    at WorkerMain._runTest [90m(C:\Largescale_Data-Demo\healthcare-data-valida
tion\[39mnode_modules\[4mplaywright[24m\lib\worker\workerMain.js:297:5[90m)
[39m

    at WorkerMain.runTestGroup [90m(C:\Largescale_Data-Demo\healthcare-data-va
lidation\[39mnode_modules\[4mplaywright[24m\lib\worker\workerMain.js:203:9[
90m)[39m
    Expected: >= [32m95[39m
    Received:    [31m9.334[39m

      445 |
    at process.<anonymous> [90m(C:\Largescale_Data-Demo\healthcare-data-valida
tion\[39mnode_modules\[4mplaywright[24m\lib\common\process.js:73:22[90m)[3
9m
[1A[2K[chromium] ΓÇ║ tests\e2e\baseline-comparison.test.ts:228:9 ΓÇ║ 
Enhanced Healthcare Data Validation Framework ΓÇ║ Partitioned Comparison: 
Validate Data by Date Ranges
Could not read query file: ../sql/source/visits.sql
      446 |             // Expect at least 95% success rate
[1A[2K[chromium] ΓÇ║ tests\e2e\baseline-comparison.test.ts:228:9 ΓÇ║ 
Enhanced Healthcare Data Validation Framework ΓÇ║ Partitioned Comparison: 
Validate Data by Date Ranges
    > 447 |             expect(avgRate).toBeGreaterThanOrEqual(95);
Error persisting query: SyntaxError: Unexpected non-whitespace character after 
JSON at position 69227 (line 1188 column 2)
    at JSON.parse (<anonymous>)
          |                             ^
      448 |             
    at QueryStore.persistQuery [90m(C:\Largescale_Data-Demo\healthcare-data-va
lidation\[39msrc\queryStore.ts:51:35[90m)[39m
    at QueryStore.captureQuery [90m(C:\Largescale_Data-Demo\healthcare-data-va
lidation\[39msrc\queryStore.ts:44:14[90m)[39m
      449 |             const duration = Date.now() - startTime;
      450 |             testResultsCollector.addResult({
    at Repository.fetchSourceData [90m(C:\Largescale_Data-Demo\healthcare-data
-validation\[39msrc\db\repository.ts:22:25[90m)[39m
        at C:\Largescale_Data-Demo\healthcare-data-validation\tests\e2e\transformation.test.ts:447:29
    at loadSourceData [90m(C:\Largescale_Data-Demo\healthcare-data-validation\
[39mutils\dataLoader.ts:4:23[90m)[39m
    at [90mC:\Largescale_Data-Demo\healthcare-data-validation\[39mtests\e2e\b
aseline-comparison.test.ts:229:50
    at [90mC:\Largescale_Data-Demo\healthcare-data-validation\[39mnode_module
s\[4mplaywright[24m\lib\worker\workerMain.js:326:15
    at [90mC:\Largescale_Data-Demo\healthcare-data-validation\[39mnode_module
s\[4mplaywright[24m\lib\worker\testInfo.js:320:17

    at TimeoutManager.withRunnable [90m(C:\Largescale_Data-Demo\healthcare-dat
a-validation\[39mnode_modules\[4mplaywright[24m\lib\worker\timeoutManager.js
:76:9[90m)[39m
    at TestInfoImpl._runWithTimeout [90m(C:\Largescale_Data-Demo\healthcare-da
ta-validation\[39mnode_modules\[4mplaywright[24m\lib\worker\testInfo.js:318:
34[90m)[39m
    at [90mC:\Largescale_Data-Demo\healthcare-data-validation\[39mnode_module
s\[4mplaywright[24m\lib\worker\workerMain.js:324:22
    at WorkerMain._runTest [90m(C:\Largescale_Data-Demo\healthcare-data-valida
tion\[39mnode_modules\[4mplaywright[24m\lib\worker\workerMain.js:297:5[90m)
[39m
    at WorkerMain.runTestGroup [90m(C:\Largescale_Data-Demo\healthcare-data-va
lidation\[39mnode_modules\[4mplaywright[24m\lib\worker\workerMain.js:203:9[
90m)[39m
    at process.<anonymous> [90m(C:\Largescale_Data-Demo\healthcare-data-valida
tion\[39mnode_modules\[4mplaywright[24m\lib\common\process.js:73:22[90m)[3
9m
[1A[2KCould not read query file: ../sql/target/visits.sql
[1A[2KError persisting query: SyntaxError: Unexpected non-whitespace 
character after JSON at position 69227 (line 1188 column 2)
    at JSON.parse (<anonymous>)
    Error Context: test-results\transformation-Data-Transf-eb6e0-culate-overall-success-rate-chromium\error-context.md
    at QueryStore.persistQuery [90m(C:\Largescale_Data-Demo\healthcare-data-va
lidation\[39msrc\queryStore.ts:51:35[90m)[39m

    at QueryStore.captureQuery [90m(C:\Largescale_Data-Demo\healthcare-data-va
lidation\[39msrc\queryStore.ts:44:14[90m)[39m

    at Repository.fetchTargetData [90m(C:\Largescale_Data-Demo\healthcare-data
-validation\[39msrc\db\repository.ts:28:25[90m)[39m
[1A[2K[DatabaseConnection] Demo mode: Skipping database disconnection
    at loadTargetData [90m(C:\Largescale_Data-Demo\healthcare-data-validation\
[39mutils\dataLoader.ts:8:23[90m)[39m

[1A[2K  12) [chromium] ΓÇ║ tests\e2e\baseline-comparison.test.ts:228:9 ΓÇ║ Enhanced Healthcare Data Validation Framework ΓÇ║ Partitioned Comparison: Validate Data by Date Ranges 

    RangeError: Invalid time value
    at [90mC:\Largescale_Data-Demo\healthcare-data-validation\[39mtests\e2e\b
aseline-comparison.test.ts:230:50
    at [90mC:\Largescale_Data-Demo\healthcare-data-validation\[39mnode_module
s\[4mplaywright[24m\lib\worker\workerMain.js:326:9
    at [90mC:\Largescale_Data-Demo\healthcare-data-validation\[39mnode_module
s\[4mplaywright[24m\lib\worker\testInfo.js:320:11

       at ..\..\utils\dataLoader.ts:15
    at TimeoutManager.withRunnable [90m(C:\Largescale_Data-Demo\healthcare-dat
a-validation\[39mnode_modules\[4mplaywright[24m\lib\worker\timeoutManager.js
:75:14[90m)[39m

      13 |         const date = row?.[dateField];
    at TestInfoImpl._runWithTimeout [90m(C:\Largescale_Data-Demo\healthcare-da
ta-validation\[39mnode_modules\[4mplaywright[24m\lib\worker\testInfo.js:318:
7[90m)[39m
    at [90mC:\Largescale_Data-Demo\healthcare-data-validation\[39mnode_module
s\[4mplaywright[24m\lib\worker\workerMain.js:324:7
      14 |         if (!date) return acc;
    > 15 |         const monthKey = new Date(date).toISOString().substring(0, 7);
    at WorkerMain._runTest [90m(C:\Largescale_Data-Demo\healthcare-data-valida
tion\[39mnode_modules\[4mplaywright[24m\lib\worker\workerMain.js:297:5[90m)
[39m
    at WorkerMain.runTestGroup [90m(C:\Largescale_Data-Demo\healthcare-data-va
lidation\[39mnode_modules\[4mplaywright[24m\lib\worker\workerMain.js:203:9[
90m)[39m
    at process.<anonymous> [90m(C:\Largescale_Data-Demo\healthcare-data-valida
tion\[39mnode_modules\[4mplaywright[24m\lib\common\process.js:73:22[90m)[3
9m
[1A[2KCould not read query file: ../sql/source/billing.sql
         |                                         ^
      16 |         acc[monthKey] = acc[monthKey] || [];
      17 |         acc[monthKey].push(row);
      18 |         return acc;
        at reduce (C:\Largescale_Data-Demo\healthcare-data-validation\utils\dataLoader.ts:15:41)
        at partitionByDate (C:\Largescale_Data-Demo\healthcare-data-validation\utils\dataLoader.ts:12:17)
        at C:\Largescale_Data-Demo\healthcare-data-validation\tests\e2e\baseline-comparison.test.ts:234:49

    Error Context: test-results\baseline-comparison-Enhanc-4087d-alidate-Data-by-Date-Ranges-chromium\error-context.md
[1A[2KError persisting query: SyntaxError: Unexpected non-whitespace 
character after JSON at position 69227 (line 1188 column 2)
    at JSON.parse (<anonymous>)
    at QueryStore.persistQuery [90m(C:\Largescale_Data-Demo\healthcare-data-va
lidation\[39msrc\queryStore.ts:51:35[90m)[39m
    at QueryStore.captureQuery [90m(C:\Largescale_Data-Demo\healthcare-data-va
lidation\[39msrc\queryStore.ts:44:14[90m)[39m
    at Repository.fetchSourceData [90m(C:\Largescale_Data-Demo\healthcare-data
-validation\[39msrc\db\repository.ts:22:25[90m)[39m

    Error Context: test-results\baseline-comparison-Enhanc-4087d-alidate-Data-by-Date-Ranges-chromium\error-context.md


[1A[2K[DatabaseConnection] Initialized in DEMO MODE ONLY

    at loadSourceData [90m(C:\Largescale_Data-Demo\healthcare-data-validation\
[39mutils\dataLoader.ts:4:23[90m)[39m
[1A[2K[23/52] [chromium] ΓÇ║ tests\e2e\automation.test.ts:228:5 ΓÇ║ Validate Billing Data - Mandatory Fields & Amount Validation
[1A[2K[chromium] ΓÇ║ tests\e2e\automation.test.ts:228:5 ΓÇ║ Validate Billing Data - Mandatory Fields & Amount Validation
[Test Suite] Initializing in DEMO MODE ONLY

[1A[2K[Test Suite] All queries will be captured centrally

[1A[2K[DatabaseConnection] Demo mode: Skipping database connection

    at [90mC:\Largescale_Data-Demo\healthcare-data-validation\[39mtests\e2e\a
utomation.test.ts:232:51
    at [90mC:\Largescale_Data-Demo\healthcare-data-validation\[39mnode_module
s\[4mplaywright[24m\lib\worker\workerMain.js:326:15
    at [90mC:\Largescale_Data-Demo\healthcare-data-validation\[39mnode_module
s\[4mplaywright[24m\lib\worker\testInfo.js:320:17
    at TimeoutManager.withRunnable [90m(C:\Largescale_Data-Demo\healthcare-dat
a-validation\[39mnode_modules\[4mplaywright[24m\lib\worker\timeoutManager.js
:76:9[90m)[39m
    at TestInfoImpl._runWithTimeout [90m(C:\Largescale_Data-Demo\healthcare-da
ta-validation\[39mnode_modules\[4mplaywright[24m\lib\worker\testInfo.js:318:
34[90m)[39m

    at [90mC:\Largescale_Data-Demo\healthcare-data-validation\[39mnode_module
s\[4mplaywright[24m\lib\worker\workerMain.js:324:22
    at WorkerMain._runTest [90m(C:\Largescale_Data-Demo\healthcare-data-valida
tion\[39mnode_modules\[4mplaywright[24m\lib\worker\workerMain.js:297:5[90m)
[39m
    at WorkerMain.runTestGroup [90m(C:\Largescale_Data-Demo\healthcare-data-va
lidation\[39mnode_modules\[4mplaywright[24m\lib\worker\workerMain.js:203:9[
90m)[39m

    at process.<anonymous> [90m(C:\Largescale_Data-Demo\healthcare-data-valida
tion\[39mnode_modules\[4mplaywright[24m\lib\common\process.js:73:22[90m)[3
9m
[1A[2K[QueryStore] Captured repository query for billing_source
[1A[2KCould not read query file: ../sql/target/billing.sql
[1A[2KError persisting query: SyntaxError: Unexpected non-whitespace 
character after JSON at position 69227 (line 1188 column 2)

    at JSON.parse (<anonymous>)
[1A[2K[Repository] Generated 20 mock records for billing



    at QueryStore.persistQuery [90m(C:\Largescale_Data-Demo\healthcare-data-va
lidation\[39msrc\queryStore.ts:51:35[90m)[39m
    at QueryStore.captureQuery [90m(C:\Largescale_Data-Demo\healthcare-data-va
lidation\[39msrc\queryStore.ts:44:14[90m)[39m
    at Repository.fetchTargetData [90m(C:\Largescale_Data-Demo\healthcare-data
-validation\[39msrc\db\repository.ts:28:25[90m)[39m
[1A[2K[QueryStore] Captured repository query for billing_target
    at loadTargetData [90m(C:\Largescale_Data-Demo\healthcare-data-validation\
[39mutils\dataLoader.ts:8:23[90m)[39m

    at [90mC:\Largescale_Data-Demo\healthcare-data-validation\[39mtests\e2e\a
utomation.test.ts:236:51
    at [90mC:\Largescale_Data-Demo\healthcare-data-validation\[39mnode_module
s\[4mplaywright[24m\lib\worker\workerMain.js:326:9
    at [90mC:\Largescale_Data-Demo\healthcare-data-validation\[39mnode_module
s\[4mplaywright[24m\lib\worker\testInfo.js:320:11
    at TimeoutManager.withRunnable [90m(C:\Largescale_Data-Demo\healthcare-dat
a-validation\[39mnode_modules\[4mplaywright[24m\lib\worker\timeoutManager.js
:75:14[90m)[39m
[1A[2K[DatabaseConnection] Initialized in DEMO MODE ONLY
    at TestInfoImpl._runWithTimeout [90m(C:\Largescale_Data-Demo\healthcare-da
ta-validation\[39mnode_modules\[4mplaywright[24m\lib\worker\testInfo.js:318:
7[90m)[39m
    at [90mC:\Largescale_Data-Demo\healthcare-data-validation\[39mnode_module
s\[4mplaywright[24m\lib\worker\workerMain.js:324:7
    at WorkerMain._runTest [90m(C:\Largescale_Data-Demo\healthcare-data-valida
tion\[39mnode_modules\[4mplaywright[24m\lib\worker\workerMain.js:297:5[90m)
[39m

[1A[2K[DatabaseConnection] Demo mode: Skipping database disconnection
    at WorkerMain.runTestGroup [90m(C:\Largescale_Data-Demo\healthcare-data-va
lidation\[39mnode_modules\[4mplaywright[24m\lib\worker\workerMain.js:203:9[
90m)[39m
    at process.<anonymous> [90m(C:\Largescale_Data-Demo\healthcare-data-valida
tion\[39mnode_modules\[4mplaywright[24m\lib\common\process.js:73:22[90m)[3
9m

[1A[2K
========== Query Capture Report ==========

[1A[2K{
[1A[2KCould not read query file: ../sql/source/patients.sql
[1A[2KError persisting query: SyntaxError: Unexpected non-whitespace 
character after JSON at position 69227 (line 1188 column 2)
    at JSON.parse (<anonymous>)
    at QueryStore.persistQuery [90m(C:\Largescale_Data-Demo\healthcare-data-va
lidation\[39msrc\queryStore.ts:51:35[90m)[39m
  "totalQueries": 2,
  "queriesBySource": {
    "repository": 2,
    "connection": 0
  },
    at QueryStore.captureQuery [90m(C:\Largescale_Data-Demo\healthcare-data-va
lidation\[39msrc\queryStore.ts:44:14[90m)[39m
  "queriesByTable": {
    "billing_source": 1,
    "billing_target": 1
  },
  "timestamp": "2026-04-09T17:22:56.314Z"
}
    at Repository.fetchSourceData [90m(C:\Largescale_Data-Demo\healthcare-data
-validation\[39msrc\db\repository.ts:22:25[90m)[39m
    at [90mC:\Largescale_Data-Demo\healthcare-data-validation\[39mtests\e2e\s
chema-validation.test.ts:247:49

[1A[2K
========== Validation Report ==========
    at [90mC:\Largescale_Data-Demo\healthcare-data-validation\[39mnode_module
s\[4mplaywright[24m\lib\worker\workerMain.js:326:15

    at [90mC:\Largescale_Data-Demo\healthcare-data-validation\[39mnode_module
s\[4mplaywright[24m\lib\worker\testInfo.js:320:17
[1A[2KAnomaly Report
    at TimeoutManager.withRunnable [90m(C:\Largescale_Data-Demo\healthcare-dat
a-validation\[39mnode_modules\[4mplaywright[24m\lib\worker\timeoutManager.js
:76:9[90m)[39m



[1A[2K  13) [chromium] ΓÇ║ tests\e2e\automation.test.ts:228:5 ΓÇ║ Validate Billing Data - Mandatory Fields & Amount Validation 
    at TestInfoImpl._runWithTimeout [90m(C:\Largescale_Data-Demo\healthcare-da
ta-validation\[39mnode_modules\[4mplaywright[24m\lib\worker\testInfo.js:318:
34[90m)[39m
    at [90mC:\Largescale_Data-Demo\healthcare-data-validation\[39mnode_module
s\[4mplaywright[24m\lib\worker\workerMain.js:324:22
    at WorkerMain._runTest [90m(C:\Largescale_Data-Demo\healthcare-data-valida
tion\[39mnode_modules\[4mplaywright[24m\lib\worker\workerMain.js:297:5[90m)
[39m
    at WorkerMain.runTestGroup [90m(C:\Largescale_Data-Demo\healthcare-data-va
lidation\[39mnode_modules\[4mplaywright[24m\lib\worker\workerMain.js:203:9[
90m)[39m
    at process.<anonymous> [90m(C:\Largescale_Data-Demo\healthcare-data-valida
tion\[39mnode_modules\[4mplaywright[24m\lib\common\process.js:73:22[90m)[3
9m

    Error: [2mexpect([22m[31mreceived[39m[2m).[22mtoBe[2m([22m[32mexpected[39m[2m) // Object.is equality[22m

    Expected: [32m0[39m
    Received: [31m26[39m

      240 |         const billingValidator = new BillingValidator();
[1A[2KCould not read query file: ../sql/target/patients.sql
      241 |         const anomalies = billingValidator.validate(sourceBilling, targetBilling);
[1A[2KError persisting query: SyntaxError: Unexpected non-whitespace 
character after JSON at position 69227 (line 1188 column 2)
    > 242 |         expect(anomalies.length).toBe(0);
          |                                  ^
    at JSON.parse (<anonymous>)
    at QueryStore.persistQuery [90m(C:\Largescale_Data-Demo\healthcare-data-va
lidation\[39msrc\queryStore.ts:51:35[90m)[39m
    at QueryStore.captureQuery [90m(C:\Largescale_Data-Demo\healthcare-data-va
lidation\[39msrc\queryStore.ts:44:14[90m)[39m
      243 |         const anomalyLog = formatAnomalySummary(anomalies);
    at Repository.fetchTargetData [90m(C:\Largescale_Data-Demo\healthcare-data
-validation\[39msrc\db\repository.ts:28:25[90m)[39m
    at [90mC:\Largescale_Data-Demo\healthcare-data-validation\[39mtests\e2e\s
chema-validation.test.ts:248:49
    at [90mC:\Largescale_Data-Demo\healthcare-data-validation\[39mnode_module
s\[4mplaywright[24m\lib\worker\workerMain.js:326:9
      244 |         steps.push({ name: 'Run validation', status: anomalies.length === 0 ? 'pass' : 'fail', log: anomalyLog, timestamp: new Date().toISOString() });
    at [90mC:\Largescale_Data-Demo\healthcare-data-validation\[39mnode_module
s\[4mplaywright[24m\lib\worker\testInfo.js:320:11
      245 |         
        at C:\Largescale_Data-Demo\healthcare-data-validation\tests\e2e\automation.test.ts:242:34

    Error Context: test-results\automation-Validate-Billin-6829a-ry-Fields-Amount-Validation-chromium\error-context.md

    Error Context: test-results\automation-Validate-Billin-6829a-ry-Fields-Amount-Validation-chromium\error-context.md


[1A[2K[24/52] [chromium] ΓÇ║ tests\e2e\schema-validation.test.ts:241:9 ΓÇ║ Great Expectations Schema Validation ΓÇ║ Patients Table Schema ΓÇ║ should detect extra columns in target (if any)
[1A[2K[chromium] ΓÇ║ tests\e2e\schema-validation.test.ts:241:9 ΓÇ║ Great Expectations Schema Validation ΓÇ║ Patients Table Schema ΓÇ║ should detect extra columns in target (if any)
    at TimeoutManager.withRunnable [90m(C:\Largescale_Data-Demo\healthcare-dat
a-validation\[39mnode_modules\[4mplaywright[24m\lib\worker\timeoutManager.js
:75:14[90m)[39m
    at TestInfoImpl._runWithTimeout [90m(C:\Largescale_Data-Demo\healthcare-da
ta-validation\[39mnode_modules\[4mplaywright[24m\lib\worker\testInfo.js:318:
7[90m)[39m
    at [90mC:\Largescale_Data-Demo\healthcare-data-validation\[39mnode_module
s\[4mplaywright[24m\lib\worker\workerMain.js:324:7
[Schema Validation Tests] Initializing

[1A[2K[DatabaseConnection] Demo mode: Skipping database connection



[1A[2K[QueryStore] Captured repository query for patients_source

[1A[2K[Repository] Generated 10 mock records for patients
    at WorkerMain._runTest [90m(C:\Largescale_Data-Demo\healthcare-data-valida
tion\[39mnode_modules\[4mplaywright[24m\lib\worker\workerMain.js:297:5[90m)
[39m
    at WorkerMain.runTestGroup [90m(C:\Largescale_Data-Demo\healthcare-data-va
lidation\[39mnode_modules\[4mplaywright[24m\lib\worker\workerMain.js:203:9[
90m)[39m
    at process.<anonymous> [90m(C:\Largescale_Data-Demo\healthcare-data-valida
tion\[39mnode_modules\[4mplaywright[24m\lib\common\process.js:73:22[90m)[3
9m
[1A[2KPython was not found; run without arguments to install from the 
Microsoft Store, or disable this shortcut from Settings > Apps > Advanced app 
settings > App execution aliases.
[1A[2KGE Schema Validator Error: Python was not found; run without arguments 
to install from the Microsoft Store, or disable this shortcut from Settings > 
Apps > Advanced app settings > App execution aliases.

[1A[2KSchema comparison incomplete for patients: {
  error: [33mtrue[39m,
  message: [32m'Python was not found; run without arguments to install from 
the Microsoft Store, or disable this shortcut from Settings > Apps > Advanced 
app settings > App execution aliases.\r\n'[39m,


  table: [32m'patients'[39m,
  valid: [33mfalse[39m,

[1A[2K[QueryStore] Captured repository query for patients_target
  errors: [

    [32m'Python was not found; run without arguments to install from the 
Microsoft Store, or disable this shortcut from Settings > Apps > Advanced app 
settings > App execution aliases.\r\n'[39m
  ],



[1A[2KExtra columns detection: []

[1A[2K[25/52] [chromium] ΓÇ║ tests\e2e\schema-validation.test.ts:308:9 ΓÇ║ Great Expectations Schema Validation ΓÇ║ Patients Table Schema ΓÇ║ should verify mandatory fields are present


  warnings: [],
  summary: {
    column_count_match: [33mfalse[39m,
    all_mandatory_present: [33mfalse[39m,
[1A[2K[QueryStore] Captured repository query for patients_source

[1A[2K[Repository] Generated 10 mock records for patients


    type_mismatches: [33m0[39m,

    extra_columns: [],
    missing_columns: []
[1A[2K[26/52] [chromium] ΓÇ║ tests\e2e\schema-validation.test.ts:373:9 ΓÇ║ Great Expectations Schema Validation ΓÇ║ Medications Table Schema ΓÇ║ should validate medications source table schema
  }


[1A[2K[QueryStore] Captured repository query for medications_source
}

[1A[2K[Repository] Generated 15 mock records for medications

[1A[2K[chromium] ΓÇ║ tests\e2e\schema-validation.test.ts:308:9 ΓÇ║ Great 
Expectations Schema Validation ΓÇ║ Patients Table Schema ΓÇ║ should verify 
mandatory fields are present
Could not read query file: ../sql/source/patients.sql
[1A[2KError persisting query: SyntaxError: Unexpected non-whitespace 
character after JSON at position 69227 (line 1188 column 2)
    at JSON.parse (<anonymous>)
    at QueryStore.persistQuery [90m(C:\Largescale_Data-Demo\healthcare-data-va
lidation\[39msrc\queryStore.ts:51:35[90m)[39m
    at QueryStore.captureQuery [90m(C:\Largescale_Data-Demo\healthcare-data-va
lidation\[39msrc\queryStore.ts:44:14[90m)[39m
    at Repository.fetchSourceData [90m(C:\Largescale_Data-Demo\healthcare-data
-validation\[39msrc\db\repository.ts:22:25[90m)[39m
    at [90mC:\Largescale_Data-Demo\healthcare-data-validation\[39mtests\e2e\s
chema-validation.test.ts:314:49
    at [90mC:\Largescale_Data-Demo\healthcare-data-validation\[39mnode_module
s\[4mplaywright[24m\lib\worker\workerMain.js:326:15
    at [90mC:\Largescale_Data-Demo\healthcare-data-validation\[39mnode_module
s\[4mplaywright[24m\lib\worker\testInfo.js:320:17
    at TimeoutManager.withRunnable [90m(C:\Largescale_Data-Demo\healthcare-dat
a-validation\[39mnode_modules\[4mplaywright[24m\lib\worker\timeoutManager.js
:76:9[90m)[39m
    at TestInfoImpl._runWithTimeout [90m(C:\Largescale_Data-Demo\healthcare-da
ta-validation\[39mnode_modules\[4mplaywright[24m\lib\worker\testInfo.js:318:
34[90m)[39m
    at [90mC:\Largescale_Data-Demo\healthcare-data-validation\[39mnode_module
s\[4mplaywright[24m\lib\worker\workerMain.js:324:22
    at WorkerMain._runTest [90m(C:\Largescale_Data-Demo\healthcare-data-valida
tion\[39mnode_modules\[4mplaywright[24m\lib\worker\workerMain.js:297:5[90m)
[39m
    at WorkerMain.runTestGroup [90m(C:\Largescale_Data-Demo\healthcare-data-va
lidation\[39mnode_modules\[4mplaywright[24m\lib\worker\workerMain.js:203:9[
90m)[39m
    at process.<anonymous> [90m(C:\Largescale_Data-Demo\healthcare-data-valida
tion\[39mnode_modules\[4mplaywright[24m\lib\common\process.js:73:22[90m)[3
9m
[1A[2KPython was not found; run without arguments to install from the 
Microsoft Store, or disable this shortcut from Settings > Apps > Advanced app 
settings > App execution aliases.
[1A[2KGE Schema Validator Error: Python was not found; run without arguments 
to install from the Microsoft Store, or disable this shortcut from Settings > 
Apps > Advanced app settings > App execution aliases.

[1A[2K[chromium] ΓÇ║ tests\e2e\schema-validation.test.ts:373:9 ΓÇ║ Great 
Expectations Schema Validation ΓÇ║ Medications Table Schema ΓÇ║ should 
validate medications source table schema
Could not read query file: ../sql/source/medications.sql
[1A[2KError persisting query: SyntaxError: Unexpected non-whitespace 
character after JSON at position 69227 (line 1188 column 2)
    at JSON.parse (<anonymous>)
    at QueryStore.persistQuery [90m(C:\Largescale_Data-Demo\healthcare-data-va
lidation\[39msrc\queryStore.ts:51:35[90m)[39m
    at QueryStore.captureQuery [90m(C:\Largescale_Data-Demo\healthcare-data-va
lidation\[39msrc\queryStore.ts:44:14[90m)[39m
    at Repository.fetchSourceData [90m(C:\Largescale_Data-Demo\healthcare-data
-validation\[39msrc\db\repository.ts:22:25[90m)[39m
    at [90mC:\Largescale_Data-Demo\healthcare-data-validation\[39mtests\e2e\s
chema-validation.test.ts:379:52
    at [90mC:\Largescale_Data-Demo\healthcare-data-validation\[39mnode_module
s\[4mplaywright[24m\lib\worker\workerMain.js:326:15
    at [90mC:\Largescale_Data-Demo\healthcare-data-validation\[39mnode_module
s\[4mplaywright[24m\lib\worker\testInfo.js:320:17
    at TimeoutManager.withRunnable [90m(C:\Largescale_Data-Demo\healthcare-dat
a-validation\[39mnode_modules\[4mplaywright[24m\lib\worker\timeoutManager.js
:76:9[90m)[39m
    at TestInfoImpl._runWithTimeout [90m(C:\Largescale_Data-Demo\healthcare-da
ta-validation\[39mnode_modules\[4mplaywright[24m\lib\worker\testInfo.js:318:
34[90m)[39m
    at [90mC:\Largescale_Data-Demo\healthcare-data-validation\[39mnode_module
s\[4mplaywright[24m\lib\worker\workerMain.js:324:22
    at WorkerMain._runTest [90m(C:\Largescale_Data-Demo\healthcare-data-valida
tion\[39mnode_modules\[4mplaywright[24m\lib\worker\workerMain.js:297:5[90m)
[39m
    at WorkerMain.runTestGroup [90m(C:\Largescale_Data-Demo\healthcare-data-va
lidation\[39mnode_modules\[4mplaywright[24m\lib\worker\workerMain.js:203:9[
90m)[39m
    at process.<anonymous> [90m(C:\Largescale_Data-Demo\healthcare-data-valida
tion\[39mnode_modules\[4mplaywright[24m\lib\common\process.js:73:22[90m)[3
9m

[1A[2KPython was not found; run without arguments to install from the 
Microsoft Store, or disable this shortcut from Settings > Apps > Advanced app 
settings > App execution aliases.

[1A[2KMedications Source Schema Validation: {
  error: [33mtrue[39m,
  message: [32m'Python was not found; run without arguments to install from the Microsoft Store, or disable this shortcut from Settings > Apps > Advanced app settings > App execution aliases.\r\n'[39m,
  table: [32m'medications'[39m,
  valid: [33mfalse[39m,
  errors: [
    [32m'Python was not found; run without arguments to install from the Microsoft Store, or disable this shortcut from Settings > Apps > Advanced app settings > App execution aliases.\r\n'[39m
  ],
  warnings: [],
  summary: {
    column_count_match: [33mfalse[39m,
    all_mandatory_present: [33mfalse[39m,
[1A[2KGE Schema Validator Error: Python was not found; run without arguments 
to install from the Microsoft Store, or disable this shortcut from Settings > 
Apps > Advanced app settings > App execution aliases.

    type_mismatches: [33m0[39m,
    extra_columns: [],
    missing_columns: []
  }
}

[1A[2K[DatabaseConnection] Demo mode: Skipping database disconnection

[1A[2K
Γ£à Schema Validation Report generated: reports/schema-validation-report.html

[1A[2K  14) [chromium] ΓÇ║ tests\e2e\schema-validation.test.ts:373:9 ΓÇ║ Great Expectations Schema Validation ΓÇ║ Medications Table Schema ΓÇ║ should validate medications source table schema 

    Error: [2mexpect([22m[31mreceived[39m[2m).[22mtoBe[2m([22m[32mexpected[39m[2m) // Object.is equality[22m

    Expected: [32mtrue[39m
    Received: [31mfalse[39m

      400 |         // Assertions
      401 |         expect(result.table).toBe('medications');
    > 402 |         expect(result.summary.column_count_match).toBe(true);
          |                                                   ^
      403 |         expect(result.errors.length).toBe(0);
      404 |         expect(result.summary.all_mandatory_present).toBe(true);
      405 |
        at C:\Largescale_Data-Demo\healthcare-data-validation\tests\e2e\schema-validation.test.ts:402:51

    Error Context: test-results\schema-validation-Great-Ex-8ca64-cations-source-table-schema-chromium\error-context.md

    Error Context: test-results\schema-validation-Great-Ex-8ca64-cations-source-table-schema-chromium\error-context.md

    Error Context: test-results\schema-validation-Great-Ex-8ca64-cations-source-table-schema-chromium\error-context.md


[1A[2K[DatabaseConnection] Initialized in DEMO MODE ONLY

[1A[2K[DatabaseConnection] Initialized in DEMO MODE ONLY

[1A[2K[27/52] [chromium] ΓÇ║ tests\e2e\transformation.test.ts:473:9 ΓÇ║ Data Transformation & Truncation ΓÇ║ Transformation: Verify referential integrity maintained
[1A[2K[28/52] [chromium] ΓÇ║ tests\e2e\baseline-comparison.test.ts:250:9 ΓÇ║ Enhanced Healthcare Data Validation Framework ΓÇ║ Sampling Strategy: Critical Fields Validation
[1A[2K[chromium] ΓÇ║ tests\e2e\transformation.test.ts:473:9 ΓÇ║ Data Transformation & Truncation ΓÇ║ Transformation: Verify referential integrity maintained

[Transformation Tests] Initializing transformation validation suite

[1A[2K[chromium] ΓÇ║ tests\e2e\baseline-comparison.test.ts:250:9 ΓÇ║ Enhanced Healthcare Data Validation Framework ΓÇ║ Sampling Strategy: Critical Fields Validation
[DatabaseConnection] Demo mode: Skipping database connection

[1A[2K[chromium] ΓÇ║ tests\e2e\transformation.test.ts:473:9 ΓÇ║ Data 
Transformation & Truncation ΓÇ║ Transformation: Verify referential integrity 
maintained

Could not read query file: ../sql/target/patients.sql
[1A[2KError persisting query: SyntaxError: Unexpected non-whitespace 
character after JSON at position 69227 (line 1188 column 2)
    at JSON.parse (<anonymous>)
    at QueryStore.persistQuery [90m(C:\Largescale_Data-Demo\healthcare-data-va
lidation\[39msrc\queryStore.ts:51:35[90m)[39m
    at QueryStore.captureQuery [90m(C:\Largescale_Data-Demo\healthcare-data-va
lidation\[39msrc\queryStore.ts:44:14[90m)[39m
    at Repository.fetchTargetData [90m(C:\Largescale_Data-Demo\healthcare-data
-validation\[39msrc\db\repository.ts:28:25[90m)[39m
    at loadTargetData [90m(C:\Largescale_Data-Demo\healthcare-data-validation\
[39mutils\dataLoader.ts:8:23[90m)[39m
    at [90mC:\Largescale_Data-Demo\healthcare-data-validation\[39mtests\e2e\t
ransformation.test.ts:476:50
    at [90mC:\Largescale_Data-Demo\healthcare-data-validation\[39mnode_module
s\[4mplaywright[24m\lib\worker\workerMain.js:326:15
    at [90mC:\Largescale_Data-Demo\healthcare-data-validation\[39mnode_module
s\[4mplaywright[24m\lib\worker\testInfo.js:320:17
    at TimeoutManager.withRunnable [90m(C:\Largescale_Data-Demo\healthcare-dat
a-validation\[39mnode_modules\[4mplaywright[24m\lib\worker\timeoutManager.js
:76:9[90m)[39m
    at TestInfoImpl._runWithTimeout [90m(C:\Largescale_Data-Demo\healthcare-da
ta-validation\[39mnode_modules\[4mplaywright[24m\lib\worker\testInfo.js:318:
34[90m)[39m
    at [90mC:\Largescale_Data-Demo\healthcare-data-validation\[39mnode_module
s\[4mplaywright[24m\lib\worker\workerMain.js:324:22
    at WorkerMain._runTest [90m(C:\Largescale_Data-Demo\healthcare-data-valida
tion\[39mnode_modules\[4mplaywright[24m\lib\worker\workerMain.js:297:5[90m)
[39m
    at WorkerMain.runTestGroup [90m(C:\Largescale_Data-Demo\healthcare-data-va
lidation\[39mnode_modules\[4mplaywright[24m\lib\worker\workerMain.js:203:9[
90m)[39m
    at process.<anonymous> [90m(C:\Largescale_Data-Demo\healthcare-data-valida
tion\[39mnode_modules\[4mplaywright[24m\lib\common\process.js:73:22[90m)[3
9m

[1A[2K[QueryStore] Captured repository query for patients_target

[1A[2KCould not read query file: ../sql/target/visits.sql

[1A[2KError persisting query: SyntaxError: Unexpected non-whitespace 
character after JSON at position 69227 (line 1188 column 2)
    at JSON.parse (<anonymous>)
    at QueryStore.persistQuery [90m(C:\Largescale_Data-Demo\healthcare-data-va
lidation\[39msrc\queryStore.ts:51:35[90m)[39m
    at QueryStore.captureQuery [90m(C:\Largescale_Data-Demo\healthcare-data-va
lidation\[39msrc\queryStore.ts:44:14[90m)[39m
    at Repository.fetchTargetData [90m(C:\Largescale_Data-Demo\healthcare-data
-validation\[39msrc\db\repository.ts:28:25[90m)[39m

    at loadTargetData [90m(C:\Largescale_Data-Demo\healthcare-data-validation\
[39mutils\dataLoader.ts:8:23[90m)[39m
    at [90mC:\Largescale_Data-Demo\healthcare-data-validation\[39mtests\e2e\t
ransformation.test.ts:477:48
    at [90mC:\Largescale_Data-Demo\healthcare-data-validation\[39mnode_module
s\[4mplaywright[24m\lib\worker\workerMain.js:326:9
    at [90mC:\Largescale_Data-Demo\healthcare-data-validation\[39mnode_module
s\[4mplaywright[24m\lib\worker\testInfo.js:320:11
    at TimeoutManager.withRunnable [90m(C:\Largescale_Data-Demo\healthcare-dat
a-validation\[39mnode_modules\[4mplaywright[24m\lib\worker\timeoutManager.js
:75:14[90m)[39m
    at TestInfoImpl._runWithTimeout [90m(C:\Largescale_Data-Demo\healthcare-da
ta-validation\[39mnode_modules\[4mplaywright[24m\lib\worker\testInfo.js:318:
7[90m)[39m
    at [90mC:\Largescale_Data-Demo\healthcare-data-validation\[39mnode_module
s\[4mplaywright[24m\lib\worker\workerMain.js:324:7
    at WorkerMain._runTest [90m(C:\Largescale_Data-Demo\healthcare-data-valida
tion\[39mnode_modules\[4mplaywright[24m\lib\worker\workerMain.js:297:5[90m)
[39m
    at WorkerMain.runTestGroup [90m(C:\Largescale_Data-Demo\healthcare-data-va
lidation\[39mnode_modules\[4mplaywright[24m\lib\worker\workerMain.js:203:9[
90m)[39m
    at process.<anonymous> [90m(C:\Largescale_Data-Demo\healthcare-data-valida
tion\[39mnode_modules\[4mplaywright[24m\lib\common\process.js:73:22[90m)[3
9m
[1A[2K[QueryStore] Captured repository query for visits_target

[1A[2KΓ£à Visits-Patients referential integrity: 0 invalid references

[1A[2K[chromium] ΓÇ║ tests\e2e\baseline-comparison.test.ts:250:9 ΓÇ║ 
Enhanced Healthcare Data Validation Framework ΓÇ║ Sampling Strategy: Critical 
Fields Validation
Could not read query file: ../sql/source/billing.sql

[1A[2KError persisting query: SyntaxError: Unexpected non-whitespace 
character after JSON at position 69227 (line 1188 column 2)
    at JSON.parse (<anonymous>)
    at QueryStore.persistQuery [90m(C:\Largescale_Data-Demo\healthcare-data-va
lidation\[39msrc\queryStore.ts:51:35[90m)[39m
    at QueryStore.captureQuery [90m(C:\Largescale_Data-Demo\healthcare-data-va
lidation\[39msrc\queryStore.ts:44:14[90m)[39m
    at Repository.fetchSourceData [90m(C:\Largescale_Data-Demo\healthcare-data
-validation\[39msrc\db\repository.ts:22:25[90m)[39m
    at loadSourceData [90m(C:\Largescale_Data-Demo\healthcare-data-validation\
[39mutils\dataLoader.ts:4:23[90m)[39m
    at [90mC:\Largescale_Data-Demo\healthcare-data-validation\[39mtests\e2e\b
aseline-comparison.test.ts:251:51
    at [90mC:\Largescale_Data-Demo\healthcare-data-validation\[39mnode_module
s\[4mplaywright[24m\lib\worker\workerMain.js:326:15
    at [90mC:\Largescale_Data-Demo\healthcare-data-validation\[39mnode_module
s\[4mplaywright[24m\lib\worker\testInfo.js:320:17
    at TimeoutManager.withRunnable [90m(C:\Largescale_Data-Demo\healthcare-dat
a-validation\[39mnode_modules\[4mplaywright[24m\lib\worker\timeoutManager.js
:76:9[90m)[39m
    at TestInfoImpl._runWithTimeout [90m(C:\Largescale_Data-Demo\healthcare-da
ta-validation\[39mnode_modules\[4mplaywright[24m\lib\worker\testInfo.js:318:
34[90m)[39m
    at [90mC:\Largescale_Data-Demo\healthcare-data-validation\[39mnode_module
s\[4mplaywright[24m\lib\worker\workerMain.js:324:22
    at WorkerMain._runTest [90m(C:\Largescale_Data-Demo\healthcare-data-valida
tion\[39mnode_modules\[4mplaywright[24m\lib\worker\workerMain.js:297:5[90m)
[39m
    at WorkerMain.runTestGroup [90m(C:\Largescale_Data-Demo\healthcare-data-va
lidation\[39mnode_modules\[4mplaywright[24m\lib\worker\workerMain.js:203:9[
90m)[39m
    at process.<anonymous> [90m(C:\Largescale_Data-Demo\healthcare-data-valida
tion\[39mnode_modules\[4mplaywright[24m\lib\common\process.js:73:22[90m)[3
9m

[1A[2K[QueryStore] Captured repository query for billing_source

[1A[2K[Repository] Generated 20 mock records for billing

[1A[2KCould not read query file: ../sql/target/billing.sql

[1A[2KError persisting query: SyntaxError: Unexpected non-whitespace 
character after JSON at position 69227 (line 1188 column 2)
    at JSON.parse (<anonymous>)
    at QueryStore.persistQuery [90m(C:\Largescale_Data-Demo\healthcare-data-va
lidation\[39msrc\queryStore.ts:51:35[90m)[39m
    at QueryStore.captureQuery [90m(C:\Largescale_Data-Demo\healthcare-data-va
lidation\[39msrc\queryStore.ts:44:14[90m)[39m
    at Repository.fetchTargetData [90m(C:\Largescale_Data-Demo\healthcare-data
-validation\[39msrc\db\repository.ts:28:25[90m)[39m

    at loadTargetData [90m(C:\Largescale_Data-Demo\healthcare-data-validation\
[39mutils\dataLoader.ts:8:23[90m)[39m
    at [90mC:\Largescale_Data-Demo\healthcare-data-validation\[39mtests\e2e\b
aseline-comparison.test.ts:252:51
    at [90mC:\Largescale_Data-Demo\healthcare-data-validation\[39mnode_module
s\[4mplaywright[24m\lib\worker\workerMain.js:326:9
    at [90mC:\Largescale_Data-Demo\healthcare-data-validation\[39mnode_module
s\[4mplaywright[24m\lib\worker\testInfo.js:320:11
    at TimeoutManager.withRunnable [90m(C:\Largescale_Data-Demo\healthcare-dat
a-validation\[39mnode_modules\[4mplaywright[24m\lib\worker\timeoutManager.js
:75:14[90m)[39m
    at TestInfoImpl._runWithTimeout [90m(C:\Largescale_Data-Demo\healthcare-da
ta-validation\[39mnode_modules\[4mplaywright[24m\lib\worker\testInfo.js:318:
7[90m)[39m
    at [90mC:\Largescale_Data-Demo\healthcare-data-validation\[39mnode_module
s\[4mplaywright[24m\lib\worker\workerMain.js:324:7
    at WorkerMain._runTest [90m(C:\Largescale_Data-Demo\healthcare-data-valida
tion\[39mnode_modules\[4mplaywright[24m\lib\worker\workerMain.js:297:5[90m)
[39m
    at WorkerMain.runTestGroup [90m(C:\Largescale_Data-Demo\healthcare-data-va
lidation\[39mnode_modules\[4mplaywright[24m\lib\worker\workerMain.js:203:9[
90m)[39m
    at process.<anonymous> [90m(C:\Largescale_Data-Demo\healthcare-data-valida
tion\[39mnode_modules\[4mplaywright[24m\lib\common\process.js:73:22[90m)[3
9m
[1A[2K[29/52] [chromium] ΓÇ║ tests\e2e\transformation.test.ts:515:9 ΓÇ║ Data Transformation & Truncation ΓÇ║ Transformation: Verify visits provider referential integrity
[1A[2K[QueryStore] Captured repository query for billing_target

[1A[2K[chromium] ΓÇ║ tests\e2e\transformation.test.ts:515:9 ΓÇ║ Data 
Transformation & Truncation ΓÇ║ Transformation: Verify visits provider 
referential integrity
Could not read query file: ../sql/target/providers.sql


[1A[2K[QueryStore] Captured repository query for providers_target


[1A[2KError persisting query: SyntaxError: Unexpected non-whitespace 
character after JSON at position 69227 (line 1188 column 2)
    at JSON.parse (<anonymous>)
    at QueryStore.persistQuery [90m(C:\Largescale_Data-Demo\healthcare-data-va
lidation\[39msrc\queryStore.ts:51:35[90m)[39m
    at QueryStore.captureQuery [90m(C:\Largescale_Data-Demo\healthcare-data-va
lidation\[39msrc\queryStore.ts:44:14[90m)[39m
    at Repository.fetchTargetData [90m(C:\Largescale_Data-Demo\healthcare-data
-validation\[39msrc\db\repository.ts:28:25[90m)[39m
    at loadTargetData [90m(C:\Largescale_Data-Demo\healthcare-data-validation\
[39mutils\dataLoader.ts:8:23[90m)[39m
    at [90mC:\Largescale_Data-Demo\healthcare-data-validation\[39mtests\e2e\t
ransformation.test.ts:518:51
    at [90mC:\Largescale_Data-Demo\healthcare-data-validation\[39mnode_module
s\[4mplaywright[24m\lib\worker\workerMain.js:326:15
    at [90mC:\Largescale_Data-Demo\healthcare-data-validation\[39mnode_module
s\[4mplaywright[24m\lib\worker\testInfo.js:320:17
    at TimeoutManager.withRunnable [90m(C:\Largescale_Data-Demo\healthcare-dat
a-validation\[39mnode_modules\[4mplaywright[24m\lib\worker\timeoutManager.js
:76:9[90m)[39m
    at TestInfoImpl._runWithTimeout [90m(C:\Largescale_Data-Demo\healthcare-da
ta-validation\[39mnode_modules\[4mplaywright[24m\lib\worker\testInfo.js:318:
34[90m)[39m
    at [90mC:\Largescale_Data-Demo\healthcare-data-validation\[39mnode_module
s\[4mplaywright[24m\lib\worker\workerMain.js:324:22
    at WorkerMain._runTest [90m(C:\Largescale_Data-Demo\healthcare-data-valida
tion\[39mnode_modules\[4mplaywright[24m\lib\worker\workerMain.js:297:5[90m)
[39m
    at WorkerMain.runTestGroup [90m(C:\Largescale_Data-Demo\healthcare-data-va
lidation\[39mnode_modules\[4mplaywright[24m\lib\worker\workerMain.js:203:9[
90m)[39m
    at process.<anonymous> [90m(C:\Largescale_Data-Demo\healthcare-data-valida
tion\[39mnode_modules\[4mplaywright[24m\lib\common\process.js:73:22[90m)[3
9m
[1A[2KCould not read query file: ../sql/target/visits.sql
[1A[2KError persisting query: SyntaxError: Unexpected non-whitespace 
character after JSON at position 69227 (line 1188 column 2)
    at JSON.parse (<anonymous>)
    at QueryStore.persistQuery [90m(C:\Largescale_Data-Demo\healthcare-data-va
lidation\[39msrc\queryStore.ts:51:35[90m)[39m
    at QueryStore.captureQuery [90m(C:\Largescale_Data-Demo\healthcare-data-va
lidation\[39msrc\queryStore.ts:44:14[90m)[39m
    at Repository.fetchTargetData [90m(C:\Largescale_Data-Demo\healthcare-data
-validation\[39msrc\db\repository.ts:28:25[90m)[39m
    at loadTargetData [90m(C:\Largescale_Data-Demo\healthcare-data-validation\
[39mutils\dataLoader.ts:8:23[90m)[39m
    at [90mC:\Largescale_Data-Demo\healthcare-data-validation\[39mtests\e2e\t
ransformation.test.ts:519:48
    at [90mC:\Largescale_Data-Demo\healthcare-data-validation\[39mnode_module
s\[4mplaywright[24m\lib\worker\workerMain.js:326:9
    at [90mC:\Largescale_Data-Demo\healthcare-data-validation\[39mnode_module
s\[4mplaywright[24m\lib\worker\testInfo.js:320:11
    at TimeoutManager.withRunnable [90m(C:\Largescale_Data-Demo\healthcare-dat
a-validation\[39mnode_modules\[4mplaywright[24m\lib\worker\timeoutManager.js
:75:14[90m)[39m
    at TestInfoImpl._runWithTimeout [90m(C:\Largescale_Data-Demo\healthcare-da
ta-validation\[39mnode_modules\[4mplaywright[24m\lib\worker\testInfo.js:318:
7[90m)[39m

[1A[2K[QueryStore] Captured repository query for visits_target

[1A[2KΓ£à Visits-Providers referential integrity: 0 invalid references

    at [90mC:\Largescale_Data-Demo\healthcare-data-validation\[39mnode_module
s\[4mplaywright[24m\lib\worker\workerMain.js:324:7
    at WorkerMain._runTest [90m(C:\Largescale_Data-Demo\healthcare-data-valida
tion\[39mnode_modules\[4mplaywright[24m\lib\worker\workerMain.js:297:5[90m)
[39m
    at WorkerMain.runTestGroup [90m(C:\Largescale_Data-Demo\healthcare-data-va
lidation\[39mnode_modules\[4mplaywright[24m\lib\worker\workerMain.js:203:9[
90m)[39m
    at process.<anonymous> [90m(C:\Largescale_Data-Demo\healthcare-data-valida
tion\[39mnode_modules\[4mplaywright[24m\lib\common\process.js:73:22[90m)[3
9m
[1A[2K[30/52] [chromium] ΓÇ║ tests\e2e\baseline-comparison.test.ts:266:9 ΓÇ║ Enhanced Healthcare Data Validation Framework ΓÇ║ Automated Diff Detection: Missing & Extra Records
[1A[2K[31/52] [chromium] ΓÇ║ tests\e2e\transformation.test.ts:549:9 ΓÇ║ Data Transformation & Truncation ΓÇ║ Transformation: Verify billing visit referential integrity
[1A[2K[chromium] ΓÇ║ tests\e2e\transformation.test.ts:549:9 ΓÇ║ Data 
Transformation & Truncation ΓÇ║ Transformation: Verify billing visit 
referential integrity
Could not read query file: ../sql/target/visits.sql

[1A[2KError persisting query: SyntaxError: Unexpected non-whitespace 
character after JSON at position 69227 (line 1188 column 2)
    at JSON.parse (<anonymous>)
    at QueryStore.persistQuery [90m(C:\Largescale_Data-Demo\healthcare-data-va
lidation\[39msrc\queryStore.ts:51:35[90m)[39m
    at QueryStore.captureQuery [90m(C:\Largescale_Data-Demo\healthcare-data-va
lidation\[39msrc\queryStore.ts:44:14[90m)[39m
    at Repository.fetchTargetData [90m(C:\Largescale_Data-Demo\healthcare-data
-validation\[39msrc\db\repository.ts:28:25[90m)[39m


    at loadTargetData [90m(C:\Largescale_Data-Demo\healthcare-data-validation\
[39mutils\dataLoader.ts:8:23[90m)[39m
[1A[2K[chromium] ΓÇ║ tests\e2e\transformation.test.ts:549:9 ΓÇ║ Data Transformation & Truncation ΓÇ║ Transformation: Verify billing visit referential integrity
    at [90mC:\Largescale_Data-Demo\healthcare-data-validation\[39mtests\e2e\t
ransformation.test.ts:552:48
[QueryStore] Captured repository query for visits_target
    at [90mC:\Largescale_Data-Demo\healthcare-data-validation\[39mnode_module
s\[4mplaywright[24m\lib\worker\workerMain.js:326:15
    at [90mC:\Largescale_Data-Demo\healthcare-data-validation\[39mnode_module
s\[4mplaywright[24m\lib\worker\testInfo.js:320:17
    at TimeoutManager.withRunnable [90m(C:\Largescale_Data-Demo\healthcare-dat
a-validation\[39mnode_modules\[4mplaywright[24m\lib\worker\timeoutManager.js
:76:9[90m)[39m
    at TestInfoImpl._runWithTimeout [90m(C:\Largescale_Data-Demo\healthcare-da
ta-validation\[39mnode_modules\[4mplaywright[24m\lib\worker\testInfo.js:318:
34[90m)[39m



[1A[2K[QueryStore] Captured repository query for patients_source
    at [90mC:\Largescale_Data-Demo\healthcare-data-validation\[39mnode_module
s\[4mplaywright[24m\lib\worker\workerMain.js:324:22
    at WorkerMain._runTest [90m(C:\Largescale_Data-Demo\healthcare-data-valida
tion\[39mnode_modules\[4mplaywright[24m\lib\worker\workerMain.js:297:5[90m)
[39m
    at WorkerMain.runTestGroup [90m(C:\Largescale_Data-Demo\healthcare-data-va
lidation\[39mnode_modules\[4mplaywright[24m\lib\worker\workerMain.js:203:9[
90m)[39m
    at process.<anonymous> [90m(C:\Largescale_Data-Demo\healthcare-data-valida
tion\[39mnode_modules\[4mplaywright[24m\lib\common\process.js:73:22[90m)[3
9m
[1A[2K[chromium] ΓÇ║ tests\e2e\baseline-comparison.test.ts:266:9 ΓÇ║ 
Enhanced Healthcare Data Validation Framework ΓÇ║ Automated Diff Detection: 
Missing & Extra Records

Could not read query file: ../sql/source/patients.sql
[1A[2K[Repository] Generated 10 mock records for patients

[1A[2KCould not read query file: ../sql/target/billing.sql

[1A[2K[chromium] ΓÇ║ tests\e2e\baseline-comparison.test.ts:266:9 ΓÇ║ 
Enhanced Healthcare Data Validation Framework ΓÇ║ Automated Diff Detection: 
Missing & Extra Records

Error persisting query: SyntaxError: Unexpected non-whitespace character after 
JSON at position 69227 (line 1188 column 2)
[1A[2K[DatabaseConnection] Initialized in DEMO MODE ONLY

[1A[2K[chromium] ΓÇ║ tests\e2e\transformation.test.ts:549:9 ΓÇ║ Data Transformation & Truncation ΓÇ║ Transformation: Verify billing visit referential integrity
[QueryStore] Captured repository query for billing_target

    at JSON.parse (<anonymous>)
    at QueryStore.persistQuery [90m(C:\Largescale_Data-Demo\healthcare-data-va
lidation\[39msrc\queryStore.ts:51:35[90m)[39m
    at QueryStore.captureQuery [90m(C:\Largescale_Data-Demo\healthcare-data-va
lidation\[39msrc\queryStore.ts:44:14[90m)[39m
    at Repository.fetchSourceData [90m(C:\Largescale_Data-Demo\healthcare-data
-validation\[39msrc\db\repository.ts:22:25[90m)[39m

[1A[2K[chromium] ΓÇ║ tests\e2e\transformation.test.ts:549:9 ΓÇ║ Data Transformation & Truncation ΓÇ║ Transformation: Verify billing visit referential integrity
Γ£à Billing-Visits referential integrity: 0 invalid references
    at loadSourceData [90m(C:\Largescale_Data-Demo\healthcare-data-validation\
[39mutils\dataLoader.ts:4:23[90m)[39m
    at [90mC:\Largescale_Data-Demo\healthcare-data-validation\[39mtests\e2e\b
aseline-comparison.test.ts:267:52

    at [90mC:\Largescale_Data-Demo\healthcare-data-validation\[39mnode_module
s\[4mplaywright[24m\lib\worker\workerMain.js:326:15
[1A[2K[chromium] ΓÇ║ tests\e2e\baseline-comparison.test.ts:266:9 ΓÇ║ Enhanced Healthcare Data Validation Framework ΓÇ║ Automated Diff Detection: Missing & Extra Records
    at [90mC:\Largescale_Data-Demo\healthcare-data-validation\[39mnode_module
s\[4mplaywright[24m\lib\worker\testInfo.js:320:17
[QueryStore] Captured repository query for patients_target
    at TimeoutManager.withRunnable [90m(C:\Largescale_Data-Demo\healthcare-dat
a-validation\[39mnode_modules\[4mplaywright[24m\lib\worker\timeoutManager.js
:76:9[90m)[39m

    at TestInfoImpl._runWithTimeout [90m(C:\Largescale_Data-Demo\healthcare-da
ta-validation\[39mnode_modules\[4mplaywright[24m\lib\worker\testInfo.js:318:
34[90m)[39m
[1A[2K[DatabaseConnection] Demo mode: Skipping database disconnection

[1A[2K[32/52] [chromium] ΓÇ║ tests\e2e\automation.test.ts:262:5 ΓÇ║ Validate Patients Data - Negative Case
[1A[2K  15) [chromium] ΓÇ║ tests\e2e\baseline-comparison.test.ts:266:9 ΓÇ║ Enhanced Healthcare Data Validation Framework ΓÇ║ Automated Diff Detection: Missing & Extra Records 

    Error: [2mexpect([22m[31mreceived[39m[2m).[22mtoBeGreaterThan[2m([22m[32mexpected[39m[2m)[22m

    Expected: > [32m0[39m
    at [90mC:\Largescale_Data-Demo\healthcare-data-validation\[39mnode_module
s\[4mplaywright[24m\lib\worker\workerMain.js:324:22
    at WorkerMain._runTest [90m(C:\Largescale_Data-Demo\healthcare-data-valida
tion\[39mnode_modules\[4mplaywright[24m\lib\worker\workerMain.js:297:5[90m)
[39m
    at WorkerMain.runTestGroup [90m(C:\Largescale_Data-Demo\healthcare-data-va
lidation\[39mnode_modules\[4mplaywright[24m\lib\worker\workerMain.js:203:9[
90m)[39m
    at process.<anonymous> [90m(C:\Largescale_Data-Demo\healthcare-data-valida
tion\[39mnode_modules\[4mplaywright[24m\lib\common\process.js:73:22[90m)[3
9m
    Received:   [31m0[39m

      275 |         const extraRecords = anomalies.filter(a => a.rule.includes('missing in source'));
[1A[2K[chromium] ΓÇ║ tests\e2e\transformation.test.ts:549:9 ΓÇ║ Data 
Transformation & Truncation ΓÇ║ Transformation: Verify billing visit 
referential integrity
      276 |
    > 277 |         expect(missingRecords.length).toBeGreaterThan(0);
Error persisting query: SyntaxError: Unexpected non-whitespace character after 
JSON at position 69227 (line 1188 column 2)
          |                                       ^
    at JSON.parse (<anonymous>)
      278 |         expect(extraRecords.length).toBeGreaterThan(0);
      279 |     });
    at QueryStore.persistQuery [90m(C:\Largescale_Data-Demo\healthcare-data-va
lidation\[39msrc\queryStore.ts:51:35[90m)[39m
    at QueryStore.captureQuery [90m(C:\Largescale_Data-Demo\healthcare-data-va
lidation\[39msrc\queryStore.ts:44:14[90m)[39m
    at Repository.fetchTargetData [90m(C:\Largescale_Data-Demo\healthcare-data
-validation\[39msrc\db\repository.ts:28:25[90m)[39m
      280 |
        at C:\Largescale_Data-Demo\healthcare-data-validation\tests\e2e\baseline-comparison.test.ts:277:39

    Error Context: test-results\baseline-comparison-Enhanc-87f08-ction-Missing-Extra-Records-chromium\error-context.md

    Error Context: test-results\baseline-comparison-Enhanc-87f08-ction-Missing-Extra-Records-chromium\error-context.md
    at loadTargetData [90m(C:\Largescale_Data-Demo\healthcare-data-validation\
[39mutils\dataLoader.ts:8:23[90m)[39m
    at [90mC:\Largescale_Data-Demo\healthcare-data-validation\[39mtests\e2e\t
ransformation.test.ts:553:49
    at [90mC:\Largescale_Data-Demo\healthcare-data-validation\[39mnode_module
s\[4mplaywright[24m\lib\worker\workerMain.js:326:9
    at [90mC:\Largescale_Data-Demo\healthcare-data-validation\[39mnode_module
s\[4mplaywright[24m\lib\worker\testInfo.js:320:11


[1A[2K[chromium] ΓÇ║ tests\e2e\automation.test.ts:262:5 ΓÇ║ Validate Patients Data - Negative Case
    at TimeoutManager.withRunnable [90m(C:\Largescale_Data-Demo\healthcare-dat
a-validation\[39mnode_modules\[4mplaywright[24m\lib\worker\timeoutManager.js
:75:14[90m)[39m
    at TestInfoImpl._runWithTimeout [90m(C:\Largescale_Data-Demo\healthcare-da
ta-validation\[39mnode_modules\[4mplaywright[24m\lib\worker\testInfo.js:318:
7[90m)[39m
[Test Suite] Initializing in DEMO MODE ONLY
    at [90mC:\Largescale_Data-Demo\healthcare-data-validation\[39mnode_module
s\[4mplaywright[24m\lib\worker\workerMain.js:324:7
    at WorkerMain._runTest [90m(C:\Largescale_Data-Demo\healthcare-data-valida
tion\[39mnode_modules\[4mplaywright[24m\lib\worker\workerMain.js:297:5[90m)
[39m

[1A[2K[Test Suite] All queries will be captured centrally
    at WorkerMain.runTestGroup [90m(C:\Largescale_Data-Demo\healthcare-data-va
lidation\[39mnode_modules\[4mplaywright[24m\lib\worker\workerMain.js:203:9[
90m)[39m

    at process.<anonymous> [90m(C:\Largescale_Data-Demo\healthcare-data-valida
tion\[39mnode_modules\[4mplaywright[24m\lib\common\process.js:73:22[90m)[3
9m
[1A[2K[chromium] ΓÇ║ tests\e2e\baseline-comparison.test.ts:266:9 ΓÇ║ 
Enhanced Healthcare Data Validation Framework ΓÇ║ Automated Diff Detection: 
Missing & Extra Records
Could not read query file: ../sql/target/patients.sql
[1A[2K[chromium] ΓÇ║ tests\e2e\baseline-comparison.test.ts:266:9 ΓÇ║ 
Enhanced Healthcare Data Validation Framework ΓÇ║ Automated Diff Detection: 
Missing & Extra Records
[1A[2K[DatabaseConnection] Demo mode: Skipping database connection

[1A[2K[DatabaseConnection] Demo mode: Skipping database disconnection
Error persisting query: SyntaxError: Unexpected non-whitespace character after 
JSON at position 69227 (line 1188 column 2)

    at JSON.parse (<anonymous>)
[1A[2K
    at QueryStore.persistQuery [90m(C:\Largescale_Data-Demo\healthcare-data-va
lidation\[39msrc\queryStore.ts:51:35[90m)[39m
========== Query Capture Report ==========

[1A[2K{
  "totalQueries": 0,
  "queriesBySource": {
    "repository": 0,
    at QueryStore.captureQuery [90m(C:\Largescale_Data-Demo\healthcare-data-va
lidation\[39msrc\queryStore.ts:44:14[90m)[39m
    at Repository.fetchTargetData [90m(C:\Largescale_Data-Demo\healthcare-data
-validation\[39msrc\db\repository.ts:28:25[90m)[39m
    "connection": 0
    at loadTargetData [90m(C:\Largescale_Data-Demo\healthcare-data-validation\
[39mutils\dataLoader.ts:8:23[90m)[39m
    at [90mC:\Largescale_Data-Demo\healthcare-data-validation\[39mtests\e2e\b
aseline-comparison.test.ts:268:52
    at [90mC:\Largescale_Data-Demo\healthcare-data-validation\[39mnode_module
s\[4mplaywright[24m\lib\worker\workerMain.js:326:9
    at [90mC:\Largescale_Data-Demo\healthcare-data-validation\[39mnode_module
s\[4mplaywright[24m\lib\worker\testInfo.js:320:11
  },
  "queriesByTable": {},
  "timestamp": "2026-04-09T17:22:58.069Z"
}
    at TimeoutManager.withRunnable [90m(C:\Largescale_Data-Demo\healthcare-dat
a-validation\[39mnode_modules\[4mplaywright[24m\lib\worker\timeoutManager.js
:75:14[90m)[39m
    at TestInfoImpl._runWithTimeout [90m(C:\Largescale_Data-Demo\healthcare-da
ta-validation\[39mnode_modules\[4mplaywright[24m\lib\worker\testInfo.js:318:
7[90m)[39m
    at [90mC:\Largescale_Data-Demo\healthcare-data-validation\[39mnode_module
s\[4mplaywright[24m\lib\worker\workerMain.js:324:7
    at WorkerMain._runTest [90m(C:\Largescale_Data-Demo\healthcare-data-valida
tion\[39mnode_modules\[4mplaywright[24m\lib\worker\workerMain.js:297:5[90m)
[39m
    at WorkerMain.runTestGroup [90m(C:\Largescale_Data-Demo\healthcare-data-va
lidation\[39mnode_modules\[4mplaywright[24m\lib\worker\workerMain.js:203:9[
90m)[39m

[1A[2K
    at process.<anonymous> [90m(C:\Largescale_Data-Demo\healthcare-data-valida
tion\[39mnode_modules\[4mplaywright[24m\lib\common\process.js:73:22[90m)[3
9m
========== Validation Report ==========

[1A[2KAnomaly Report



[1A[2K  16) [chromium] ΓÇ║ tests\e2e\automation.test.ts:262:5 ΓÇ║ Validate Patients Data - Negative Case ΓöÇΓöÇΓöÇΓöÇΓöÇ

    Error: [2mexpect([22m[31mreceived[39m[2m).[22mtoBeGreaterThanOrEqual[2m([22m[32mexpected[39m[2m)[22m

    Expected: >= [32m2[39m
    Received:    [31m1[39m

      281 |         const criticalAnomalies = anomalies.filter(a => a.rule.includes('Missing') || a.rule.includes('Mismatch'));
      282 |         steps.push({ name: 'Find critical issues', status: 'pass', log: `Found ${criticalAnomalies.length} critical anomalies`, timestamp: new Date().toISOString() });
    > 283 |         expect(criticalAnomalies.length).toBeGreaterThanOrEqual(2);
          |                                          ^
      284 |         
      285 |         anomalyReport.addAnomalies('Patients Negative', anomalies);
      286 |         steps.push({ name: 'Record audit', status: 'pass', log: `Documented`, timestamp: new Date().toISOString() });
        at C:\Largescale_Data-Demo\healthcare-data-validation\tests\e2e\automation.test.ts:283:42

    Error Context: test-results\automation-Validate-Patients-Data---Negative-Case-chromium\error-context.md

    Error Context: test-results\automation-Validate-Patients-Data---Negative-Case-chromium\error-context.md


[1A[2K[DatabaseConnection] Initialized in DEMO MODE ONLY

[1A[2K[33/52] [chromium] ΓÇ║ tests\e2e\schema-validation.test.ts:438:9 ΓÇ║ Great Expectations Schema Validation ΓÇ║ Medications Table Schema ΓÇ║ should validate medications target table schema
[1A[2K[chromium] ΓÇ║ tests\e2e\schema-validation.test.ts:438:9 ΓÇ║ Great Expectations Schema Validation ΓÇ║ Medications Table Schema ΓÇ║ should validate medications target table schema
[Schema Validation Tests] Initializing

[1A[2K[DatabaseConnection] Demo mode: Skipping database connection

[1A[2KCould not read query file: ../sql/target/medications.sql

[1A[2KError persisting query: SyntaxError: Unexpected non-whitespace 
character after JSON at position 69227 (line 1188 column 2)
    at JSON.parse (<anonymous>)
    at QueryStore.persistQuery [90m(C:\Largescale_Data-Demo\healthcare-data-va
lidation\[39msrc\queryStore.ts:51:35[90m)[39m
    at QueryStore.captureQuery [90m(C:\Largescale_Data-Demo\healthcare-data-va
lidation\[39msrc\queryStore.ts:44:14[90m)[39m
    at Repository.fetchTargetData [90m(C:\Largescale_Data-Demo\healthcare-data
-validation\[39msrc\db\repository.ts:28:25[90m)[39m
    at [90mC:\Largescale_Data-Demo\healthcare-data-validation\[39mtests\e2e\s
chema-validation.test.ts:444:52
    at [90mC:\Largescale_Data-Demo\healthcare-data-validation\[39mnode_module
s\[4mplaywright[24m\lib\worker\workerMain.js:326:15
    at [90mC:\Largescale_Data-Demo\healthcare-data-validation\[39mnode_module
s\[4mplaywright[24m\lib\worker\testInfo.js:320:17
    at TimeoutManager.withRunnable [90m(C:\Largescale_Data-Demo\healthcare-dat
a-validation\[39mnode_modules\[4mplaywright[24m\lib\worker\timeoutManager.js
:76:9[90m)[39m
    at TestInfoImpl._runWithTimeout [90m(C:\Largescale_Data-Demo\healthcare-da
ta-validation\[39mnode_modules\[4mplaywright[24m\lib\worker\testInfo.js:318:
34[90m)[39m
    at [90mC:\Largescale_Data-Demo\healthcare-data-validation\[39mnode_module
s\[4mplaywright[24m\lib\worker\workerMain.js:324:22
    at WorkerMain._runTest [90m(C:\Largescale_Data-Demo\healthcare-data-valida
tion\[39mnode_modules\[4mplaywright[24m\lib\worker\workerMain.js:297:5[90m)
[39m
    at WorkerMain.runTestGroup [90m(C:\Largescale_Data-Demo\healthcare-data-va
lidation\[39mnode_modules\[4mplaywright[24m\lib\worker\workerMain.js:203:9[
90m)[39m
    at process.<anonymous> [90m(C:\Largescale_Data-Demo\healthcare-data-valida
tion\[39mnode_modules\[4mplaywright[24m\lib\common\process.js:73:22[90m)[3
9m

[1A[2K[QueryStore] Captured repository query for medications_target

[1A[2KPython was not found; run without arguments to install from the 
Microsoft Store, or disable this shortcut from Settings > Apps > Advanced app 
settings > App execution aliases.

[1A[2KGE Schema Validator Error: Python was not found; run without arguments 
to install from the Microsoft Store, or disable this shortcut from Settings > 
Apps > Advanced app settings > App execution aliases.


[1A[2KMedications Target Schema Validation: {
  error: [33mtrue[39m,
  message: [32m'Python was not found; run without arguments to install from the Microsoft Store, or disable this shortcut from Settings > Apps > Advanced app settings > App execution aliases.\r\n'[39m,
  table: [32m'medications'[39m,
  valid: [33mfalse[39m,
  errors: [
    [32m'Python was not found; run without arguments to install from the Microsoft Store, or disable this shortcut from Settings > Apps > Advanced app settings > App execution aliases.\r\n'[39m
  ],
  warnings: [],
  summary: {
    column_count_match: [33mfalse[39m,
    all_mandatory_present: [33mfalse[39m,
    type_mismatches: [33m0[39m,
    extra_columns: [],
    missing_columns: []
  }
}

[1A[2K[DatabaseConnection] Demo mode: Skipping database disconnection

[1A[2K[DatabaseConnection] Initialized in DEMO MODE ONLY

[1A[2K[34/52] [chromium] ΓÇ║ tests\e2e\baseline-comparison.test.ts:281:9 ΓÇ║ Enhanced Healthcare Data Validation Framework ΓÇ║ Performance: Validate large visits dataset
[1A[2K
Γ£à Schema Validation Report generated: reports/schema-validation-report.html

[1A[2K[chromium] ΓÇ║ tests\e2e\baseline-comparison.test.ts:281:9 ΓÇ║ Enhanced Healthcare Data Validation Framework ΓÇ║ Performance: Validate large visits dataset
[DatabaseConnection] Demo mode: Skipping database connection

[1A[2K  17) [chromium] ΓÇ║ tests\e2e\schema-validation.test.ts:438:9 ΓÇ║ Great Expectations Schema Validation ΓÇ║ Medications Table Schema ΓÇ║ should validate medications target table schema 

    Error: [2mexpect([22m[31mreceived[39m[2m).[22mtoBe[2m([22m[32mexpected[39m[2m) // Object.is equality[22m

    Expected: [32mtrue[39m
    Received: [31mfalse[39m

      465 |         // Assertions
      466 |         expect(result.table).toBe('medications');
    > 467 |         expect(result.summary.column_count_match).toBe(true);
          |                                                   ^
      468 |         expect(result.summary.all_mandatory_present).toBe(true);
      469 |
      470 |         const duration = Date.now() - startTime;
        at C:\Largescale_Data-Demo\healthcare-data-validation\tests\e2e\schema-validation.test.ts:467:51

    Error Context: test-results\schema-validation-Great-Ex-39efa-cations-target-table-schema-chromium\error-context.md

    Error Context: test-results\schema-validation-Great-Ex-39efa-cations-target-table-schema-chromium\error-context.md

    Error Context: test-results\schema-validation-Great-Ex-39efa-cations-target-table-schema-chromium\error-context.md


[1A[2KCould not read query file: ../sql/source/visits.sql

[1A[2KError persisting query: SyntaxError: Unexpected non-whitespace 
character after JSON at position 69227 (line 1188 column 2)

    at JSON.parse (<anonymous>)
    at QueryStore.persistQuery [90m(C:\Largescale_Data-Demo\healthcare-data-va
lidation\[39msrc\queryStore.ts:51:35[90m)[39m
    at QueryStore.captureQuery [90m(C:\Largescale_Data-Demo\healthcare-data-va
lidation\[39msrc\queryStore.ts:44:14[90m)[39m
    at Repository.fetchSourceData [90m(C:\Largescale_Data-Demo\healthcare-data
-validation\[39msrc\db\repository.ts:22:25[90m)[39m
    at loadSourceData [90m(C:\Largescale_Data-Demo\healthcare-data-validation\
[39mutils\dataLoader.ts:4:23[90m)[39m
    at Object.executor [90m(C:\Largescale_Data-Demo\healthcare-data-validation
\[39mtests\e2e\baseline-comparison.test.ts:288:52[90m)[39m
    at runValidationTest [90m(C:\Largescale_Data-Demo\healthcare-data-validati
on\[39mutils\testRunner.ts:19:23[90m)[39m
    at [90mC:\Largescale_Data-Demo\healthcare-data-validation\[39mtests\e2e\b
aseline-comparison.test.ts:282:32
    at [90mC:\Largescale_Data-Demo\healthcare-data-validation\[39mnode_module
s\[4mplaywright[24m\lib\worker\workerMain.js:326:15
    at [90mC:\Largescale_Data-Demo\healthcare-data-validation\[39mnode_module
s\[4mplaywright[24m\lib\worker\testInfo.js:320:17
    at TimeoutManager.withRunnable [90m(C:\Largescale_Data-Demo\healthcare-dat
a-validation\[39mnode_modules\[4mplaywright[24m\lib\worker\timeoutManager.js
:76:9[90m)[39m
    at TestInfoImpl._runWithTimeout [90m(C:\Largescale_Data-Demo\healthcare-da
ta-validation\[39mnode_modules\[4mplaywright[24m\lib\worker\testInfo.js:318:
34[90m)[39m
    at [90mC:\Largescale_Data-Demo\healthcare-data-validation\[39mnode_module
s\[4mplaywright[24m\lib\worker\workerMain.js:324:22
    at WorkerMain._runTest [90m(C:\Largescale_Data-Demo\healthcare-data-valida
tion\[39mnode_modules\[4mplaywright[24m\lib\worker\workerMain.js:297:5[90m)
[39m
    at WorkerMain.runTestGroup [90m(C:\Largescale_Data-Demo\healthcare-data-va
lidation\[39mnode_modules\[4mplaywright[24m\lib\worker\workerMain.js:203:9[
90m)[39m
    at process.<anonymous> [90m(C:\Largescale_Data-Demo\healthcare-data-valida
tion\[39mnode_modules\[4mplaywright[24m\lib\common\process.js:73:22[90m)[3
9m
[1A[2K[QueryStore] Captured repository query for visits_source

[1A[2K[Repository] Generated 20 mock records for visits


[1A[2KCould not read query file: ../sql/target/visits.sql
[1A[2KError persisting query: SyntaxError: Unexpected non-whitespace 
character after JSON at position 69227 (line 1188 column 2)
    at JSON.parse (<anonymous>)
    at QueryStore.persistQuery [90m(C:\Largescale_Data-Demo\healthcare-data-va
lidation\[39msrc\queryStore.ts:51:35[90m)[39m

    at QueryStore.captureQuery [90m(C:\Largescale_Data-Demo\healthcare-data-va
lidation\[39msrc\queryStore.ts:44:14[90m)[39m
    at Repository.fetchTargetData [90m(C:\Largescale_Data-Demo\healthcare-data
-validation\[39msrc\db\repository.ts:28:25[90m)[39m
    at loadTargetData [90m(C:\Largescale_Data-Demo\healthcare-data-validation\
[39mutils\dataLoader.ts:8:23[90m)[39m
    at Object.executor [90m(C:\Largescale_Data-Demo\healthcare-data-validation
\[39mtests\e2e\baseline-comparison.test.ts:289:58[90m)[39m
    at runValidationTest [90m(C:\Largescale_Data-Demo\healthcare-data-validati
on\[39mutils\testRunner.ts:19:9[90m)[39m
    at [90mC:\Largescale_Data-Demo\healthcare-data-validation\[39mtests\e2e\b
aseline-comparison.test.ts:282:9
    at [90mC:\Largescale_Data-Demo\healthcare-data-validation\[39mnode_module
s\[4mplaywright[24m\lib\worker\workerMain.js:326:9
    at [90mC:\Largescale_Data-Demo\healthcare-data-validation\[39mnode_module
s\[4mplaywright[24m\lib\worker\testInfo.js:320:11
    at TimeoutManager.withRunnable [90m(C:\Largescale_Data-Demo\healthcare-dat
a-validation\[39mnode_modules\[4mplaywright[24m\lib\worker\timeoutManager.js
:75:14[90m)[39m
    at TestInfoImpl._runWithTimeout [90m(C:\Largescale_Data-Demo\healthcare-da
ta-validation\[39mnode_modules\[4mplaywright[24m\lib\worker\testInfo.js:318:
7[90m)[39m
    at [90mC:\Largescale_Data-Demo\healthcare-data-validation\[39mnode_module
s\[4mplaywright[24m\lib\worker\workerMain.js:324:7
    at WorkerMain._runTest [90m(C:\Largescale_Data-Demo\healthcare-data-valida
tion\[39mnode_modules\[4mplaywright[24m\lib\worker\workerMain.js:297:5[90m)
[39m
    at WorkerMain.runTestGroup [90m(C:\Largescale_Data-Demo\healthcare-data-va
lidation\[39mnode_modules\[4mplaywright[24m\lib\worker\workerMain.js:203:9[
90m)[39m
    at process.<anonymous> [90m(C:\Largescale_Data-Demo\healthcare-data-valida
tion\[39mnode_modules\[4mplaywright[24m\lib\common\process.js:73:22[90m)[3
9m
[1A[2K[QueryStore] Captured repository query for visits_target

[1A[2KΓ£à Visits: Validated 20 records in 13ms

[1A[2K   - Anomalies: 7

[1A[2K[DatabaseConnection] Initialized in DEMO MODE ONLY

[1A[2K[35/52] [chromium] ΓÇ║ tests\e2e\baseline-comparison.test.ts:311:9 ΓÇ║ Enhanced Healthcare Data Validation Framework ΓÇ║ Performance: Validate large billing dataset
[1A[2K[chromium] ΓÇ║ tests\e2e\baseline-comparison.test.ts:311:9 ΓÇ║ 
Enhanced Healthcare Data Validation Framework ΓÇ║ Performance: Validate large 
billing dataset
Could not read query file: ../sql/source/billing.sql

[1A[2KError persisting query: SyntaxError: Unexpected non-whitespace 
character after JSON at position 69227 (line 1188 column 2)

    at JSON.parse (<anonymous>)
    at QueryStore.persistQuery [90m(C:\Largescale_Data-Demo\healthcare-data-va
lidation\[39msrc\queryStore.ts:51:35[90m)[39m
    at QueryStore.captureQuery [90m(C:\Largescale_Data-Demo\healthcare-data-va
lidation\[39msrc\queryStore.ts:44:14[90m)[39m
    at Repository.fetchSourceData [90m(C:\Largescale_Data-Demo\healthcare-data
-validation\[39msrc\db\repository.ts:22:25[90m)[39m
    at loadSourceData [90m(C:\Largescale_Data-Demo\healthcare-data-validation\
[39mutils\dataLoader.ts:4:23[90m)[39m
    at Object.executor [90m(C:\Largescale_Data-Demo\healthcare-data-validation
\[39mtests\e2e\baseline-comparison.test.ts:318:53[90m)[39m
    at runValidationTest [90m(C:\Largescale_Data-Demo\healthcare-data-validati
on\[39mutils\testRunner.ts:19:23[90m)[39m
    at [90mC:\Largescale_Data-Demo\healthcare-data-validation\[39mtests\e2e\b
aseline-comparison.test.ts:312:32
    at [90mC:\Largescale_Data-Demo\healthcare-data-validation\[39mnode_module
s\[4mplaywright[24m\lib\worker\workerMain.js:326:15
    at [90mC:\Largescale_Data-Demo\healthcare-data-validation\[39mnode_module
s\[4mplaywright[24m\lib\worker\testInfo.js:320:17
    at TimeoutManager.withRunnable [90m(C:\Largescale_Data-Demo\healthcare-dat
a-validation\[39mnode_modules\[4mplaywright[24m\lib\worker\timeoutManager.js
:76:9[90m)[39m
    at TestInfoImpl._runWithTimeout [90m(C:\Largescale_Data-Demo\healthcare-da
ta-validation\[39mnode_modules\[4mplaywright[24m\lib\worker\testInfo.js:318:
34[90m)[39m
    at [90mC:\Largescale_Data-Demo\healthcare-data-validation\[39mnode_module
s\[4mplaywright[24m\lib\worker\workerMain.js:324:22
    at WorkerMain._runTest [90m(C:\Largescale_Data-Demo\healthcare-data-valida
tion\[39mnode_modules\[4mplaywright[24m\lib\worker\workerMain.js:297:5[90m)
[39m
    at WorkerMain.runTestGroup [90m(C:\Largescale_Data-Demo\healthcare-data-va
lidation\[39mnode_modules\[4mplaywright[24m\lib\worker\workerMain.js:203:9[
90m)[39m
    at process.<anonymous> [90m(C:\Largescale_Data-Demo\healthcare-data-valida
tion\[39mnode_modules\[4mplaywright[24m\lib\common\process.js:73:22[90m)[3
9m
[1A[2K[QueryStore] Captured repository query for billing_source

[1A[2K[Repository] Generated 20 mock records for billing

[1A[2KCould not read query file: ../sql/target/billing.sql

[1A[2KError persisting query: SyntaxError: Unexpected non-whitespace 
character after JSON at position 69227 (line 1188 column 2)
    at JSON.parse (<anonymous>)
    at QueryStore.persistQuery [90m(C:\Largescale_Data-Demo\healthcare-data-va
lidation\[39msrc\queryStore.ts:51:35[90m)[39m
    at QueryStore.captureQuery [90m(C:\Largescale_Data-Demo\healthcare-data-va
lidation\[39msrc\queryStore.ts:44:14[90m)[39m
    at Repository.fetchTargetData [90m(C:\Largescale_Data-Demo\healthcare-data
-validation\[39msrc\db\repository.ts:28:25[90m)[39m
    at loadTargetData [90m(C:\Largescale_Data-Demo\healthcare-data-validation\
[39mutils\dataLoader.ts:8:23[90m)[39m
    at Object.executor [90m(C:\Largescale_Data-Demo\healthcare-data-validation
\[39mtests\e2e\baseline-comparison.test.ts:319:59[90m)[39m
    at runValidationTest [90m(C:\Largescale_Data-Demo\healthcare-data-validati
on\[39mutils\testRunner.ts:19:9[90m)[39m
    at [90mC:\Largescale_Data-Demo\healthcare-data-validation\[39mtests\e2e\b
aseline-comparison.test.ts:312:9
    at [90mC:\Largescale_Data-Demo\healthcare-data-validation\[39mnode_module
s\[4mplaywright[24m\lib\worker\workerMain.js:326:9
    at [90mC:\Largescale_Data-Demo\healthcare-data-validation\[39mnode_module
s\[4mplaywright[24m\lib\worker\testInfo.js:320:11
    at TimeoutManager.withRunnable [90m(C:\Largescale_Data-Demo\healthcare-dat
a-validation\[39mnode_modules\[4mplaywright[24m\lib\worker\timeoutManager.js
:75:14[90m)[39m
    at TestInfoImpl._runWithTimeout [90m(C:\Largescale_Data-Demo\healthcare-da
ta-validation\[39mnode_modules\[4mplaywright[24m\lib\worker\testInfo.js:318:
7[90m)[39m
    at [90mC:\Largescale_Data-Demo\healthcare-data-validation\[39mnode_module
s\[4mplaywright[24m\lib\worker\workerMain.js:324:7
    at WorkerMain._runTest [90m(C:\Largescale_Data-Demo\healthcare-data-valida
tion\[39mnode_modules\[4mplaywright[24m\lib\worker\workerMain.js:297:5[90m)
[39m
    at WorkerMain.runTestGroup [90m(C:\Largescale_Data-Demo\healthcare-data-va
lidation\[39mnode_modules\[4mplaywright[24m\lib\worker\workerMain.js:203:9[
90m)[39m
    at process.<anonymous> [90m(C:\Largescale_Data-Demo\healthcare-data-valida
tion\[39mnode_modules\[4mplaywright[24m\lib\common\process.js:73:22[90m)[3
9m

[1A[2K[QueryStore] Captured repository query for billing_target

[1A[2K[36/52] [chromium] ΓÇ║ tests\e2e\automation.test.ts:298:5 ΓÇ║ Validate Providers Data - Negative Case
[1A[2KΓ£à Billing: Validated 20 records in 7ms

[1A[2K   - Anomalies: 26

[1A[2K[37/52] [chromium] ΓÇ║ tests\e2e\baseline-comparison.test.ts:343:9 ΓÇ║ Enhanced Healthcare Data Validation Framework ΓÇ║ Data Completeness: Detect missed patient records
[1A[2K[chromium] ΓÇ║ tests\e2e\automation.test.ts:298:5 ΓÇ║ Validate Providers Data - Negative Case
[Test Suite] Initializing in DEMO MODE ONLY

[1A[2K[Test Suite] All queries will be captured centrally

[1A[2K[DatabaseConnection] Demo mode: Skipping database connection

[1A[2K[chromium] ΓÇ║ tests\e2e\baseline-comparison.test.ts:343:9 ΓÇ║ 
Enhanced Healthcare Data Validation Framework ΓÇ║ Data Completeness: Detect 
missed patient records
Could not read query file: ../sql/source/patients.sql


[1A[2KError persisting query: SyntaxError: Unexpected non-whitespace 
character after JSON at position 69227 (line 1188 column 2)
    at JSON.parse (<anonymous>)
    at QueryStore.persistQuery [90m(C:\Largescale_Data-Demo\healthcare-data-va
lidation\[39msrc\queryStore.ts:51:35[90m)[39m
    at QueryStore.captureQuery [90m(C:\Largescale_Data-Demo\healthcare-data-va
lidation\[39msrc\queryStore.ts:44:14[90m)[39m
    at Repository.fetchSourceData [90m(C:\Largescale_Data-Demo\healthcare-data
-validation\[39msrc\db\repository.ts:22:25[90m)[39m
    at loadSourceData [90m(C:\Largescale_Data-Demo\healthcare-data-validation\
[39mutils\dataLoader.ts:4:23[90m)[39m
    at Object.executor [90m(C:\Largescale_Data-Demo\healthcare-data-validation
\[39mtests\e2e\baseline-comparison.test.ts:349:60[90m)[39m
    at runValidationTest [90m(C:\Largescale_Data-Demo\healthcare-data-validati
on\[39mutils\testRunner.ts:19:23[90m)[39m
    at [90mC:\Largescale_Data-Demo\healthcare-data-validation\[39mtests\e2e\b
aseline-comparison.test.ts:344:32
    at [90mC:\Largescale_Data-Demo\healthcare-data-validation\[39mnode_module
s\[4mplaywright[24m\lib\worker\workerMain.js:326:15
    at [90mC:\Largescale_Data-Demo\healthcare-data-validation\[39mnode_module
s\[4mplaywright[24m\lib\worker\testInfo.js:320:17
    at TimeoutManager.withRunnable [90m(C:\Largescale_Data-Demo\healthcare-dat
a-validation\[39mnode_modules\[4mplaywright[24m\lib\worker\timeoutManager.js
:76:9[90m)[39m
    at TestInfoImpl._runWithTimeout [90m(C:\Largescale_Data-Demo\healthcare-da
ta-validation\[39mnode_modules\[4mplaywright[24m\lib\worker\testInfo.js:318:
34[90m)[39m
    at [90mC:\Largescale_Data-Demo\healthcare-data-validation\[39mnode_module
s\[4mplaywright[24m\lib\worker\workerMain.js:324:22
    at WorkerMain._runTest [90m(C:\Largescale_Data-Demo\healthcare-data-valida
tion\[39mnode_modules\[4mplaywright[24m\lib\worker\workerMain.js:297:5[90m)
[39m
    at WorkerMain.runTestGroup [90m(C:\Largescale_Data-Demo\healthcare-data-va
lidation\[39mnode_modules\[4mplaywright[24m\lib\worker\workerMain.js:203:9[
90m)[39m
    at process.<anonymous> [90m(C:\Largescale_Data-Demo\healthcare-data-valida
tion\[39mnode_modules\[4mplaywright[24m\lib\common\process.js:73:22[90m)[3
9m
[1A[2K[QueryStore] Captured repository query for patients_source

[1A[2K[Repository] Generated 10 mock records for patients

[1A[2KCould not read query file: ../sql/target/patients.sql

[1A[2KError persisting query: SyntaxError: Unexpected non-whitespace 
character after JSON at position 69227 (line 1188 column 2)
    at JSON.parse (<anonymous>)
    at QueryStore.persistQuery [90m(C:\Largescale_Data-Demo\healthcare-data-va
lidation\[39msrc\queryStore.ts:51:35[90m)[39m
    at QueryStore.captureQuery [90m(C:\Largescale_Data-Demo\healthcare-data-va
lidation\[39msrc\queryStore.ts:44:14[90m)[39m
    at Repository.fetchTargetData [90m(C:\Largescale_Data-Demo\healthcare-data
-validation\[39msrc\db\repository.ts:28:25[90m)[39m
    at loadTargetData [90m(C:\Largescale_Data-Demo\healthcare-data-validation\
[39mutils\dataLoader.ts:8:23[90m)[39m
    at Object.executor [90m(C:\Largescale_Data-Demo\healthcare-data-validation
\[39mtests\e2e\baseline-comparison.test.ts:350:60[90m)[39m

[1A[2K[QueryStore] Captured repository query for patients_target
    at runValidationTest [90m(C:\Largescale_Data-Demo\healthcare-data-validati
on\[39mutils\testRunner.ts:19:9[90m)[39m
    at [90mC:\Largescale_Data-Demo\healthcare-data-validation\[39mtests\e2e\b
aseline-comparison.test.ts:344:9
    at [90mC:\Largescale_Data-Demo\healthcare-data-validation\[39mnode_module
s\[4mplaywright[24m\lib\worker\workerMain.js:326:9
    at [90mC:\Largescale_Data-Demo\healthcare-data-validation\[39mnode_module
s\[4mplaywright[24m\lib\worker\testInfo.js:320:11
    at TimeoutManager.withRunnable [90m(C:\Largescale_Data-Demo\healthcare-dat
a-validation\[39mnode_modules\[4mplaywright[24m\lib\worker\timeoutManager.js
:75:14[90m)[39m
    at TestInfoImpl._runWithTimeout [90m(C:\Largescale_Data-Demo\healthcare-da
ta-validation\[39mnode_modules\[4mplaywright[24m\lib\worker\testInfo.js:318:
7[90m)[39m
    at [90mC:\Largescale_Data-Demo\healthcare-data-validation\[39mnode_module
s\[4mplaywright[24m\lib\worker\workerMain.js:324:7
    at WorkerMain._runTest [90m(C:\Largescale_Data-Demo\healthcare-data-valida
tion\[39mnode_modules\[4mplaywright[24m\lib\worker\workerMain.js:297:5[90m)
[39m

[1A[2K[38/52] [chromium] ΓÇ║ tests\e2e\baseline-comparison.test.ts:373:9 ΓÇ║ Enhanced Healthcare Data Validation Framework ΓÇ║ Data Completeness: Detect missed visit records


[1A[2K[QueryStore] Captured repository query for visits_source

    at WorkerMain.runTestGroup [90m(C:\Largescale_Data-Demo\healthcare-data-va
lidation\[39mnode_modules\[4mplaywright[24m\lib\worker\workerMain.js:203:9[
90m)[39m
    at process.<anonymous> [90m(C:\Largescale_Data-Demo\healthcare-data-valida
tion\[39mnode_modules\[4mplaywright[24m\lib\common\process.js:73:22[90m)[3
9m
[1A[2K[Repository] Generated 20 mock records for visits

[1A[2K[chromium] ΓÇ║ tests\e2e\baseline-comparison.test.ts:373:9 ΓÇ║ 
Enhanced Healthcare Data Validation Framework ΓÇ║ Data Completeness: Detect 
missed visit records

Could not read query file: ../sql/source/visits.sql

[1A[2K[QueryStore] Captured repository query for visits_target
[1A[2KError persisting query: SyntaxError: Unexpected non-whitespace 
character after JSON at position 69227 (line 1188 column 2)

[1A[2K[39/52] [chromium] ΓÇ║ tests\e2e\automation.test.ts:330:5 ΓÇ║ Validate Visits Data - Negative Case
[1A[2K[40/52] [chromium] ΓÇ║ tests\e2e\baseline-comparison.test.ts:402:9 ΓÇ║ Enhanced Healthcare Data Validation Framework ΓÇ║ Data Completeness: Detect missed billing records


[1A[2K[41/52] [chromium] ΓÇ║ tests\e2e\automation.test.ts:362:5 ΓÇ║ Validate Medications Data - Negative Case
[1A[2K[QueryStore] Captured repository query for billing_source

[1A[2K[Repository] Generated 20 mock records for billing

    at JSON.parse (<anonymous>)
    at QueryStore.persistQuery [90m(C:\Largescale_Data-Demo\healthcare-data-va
lidation\[39msrc\queryStore.ts:51:35[90m)[39m
    at QueryStore.captureQuery [90m(C:\Largescale_Data-Demo\healthcare-data-va
lidation\[39msrc\queryStore.ts:44:14[90m)[39m
    at Repository.fetchSourceData [90m(C:\Largescale_Data-Demo\healthcare-data
-validation\[39msrc\db\repository.ts:22:25[90m)[39m
    at loadSourceData [90m(C:\Largescale_Data-Demo\healthcare-data-validation\
[39mutils\dataLoader.ts:4:23[90m)[39m

    at Object.executor [90m(C:\Largescale_Data-Demo\healthcare-data-validation
\[39mtests\e2e\baseline-comparison.test.ts:379:58[90m)[39m
    at runValidationTest [90m(C:\Largescale_Data-Demo\healthcare-data-validati
on\[39mutils\testRunner.ts:19:23[90m)[39m
    at [90mC:\Largescale_Data-Demo\healthcare-data-validation\[39mtests\e2e\b
aseline-comparison.test.ts:374:32
    at [90mC:\Largescale_Data-Demo\healthcare-data-validation\[39mnode_module
s\[4mplaywright[24m\lib\worker\workerMain.js:326:15
    at [90mC:\Largescale_Data-Demo\healthcare-data-validation\[39mnode_module
s\[4mplaywright[24m\lib\worker\testInfo.js:320:17
    at TimeoutManager.withRunnable [90m(C:\Largescale_Data-Demo\healthcare-dat
a-validation\[39mnode_modules\[4mplaywright[24m\lib\worker\timeoutManager.js
:76:9[90m)[39m
    at TestInfoImpl._runWithTimeout [90m(C:\Largescale_Data-Demo\healthcare-da
ta-validation\[39mnode_modules\[4mplaywright[24m\lib\worker\testInfo.js:318:
34[90m)[39m
    at [90mC:\Largescale_Data-Demo\healthcare-data-validation\[39mnode_module
s\[4mplaywright[24m\lib\worker\workerMain.js:324:22
    at WorkerMain._runTest [90m(C:\Largescale_Data-Demo\healthcare-data-valida
tion\[39mnode_modules\[4mplaywright[24m\lib\worker\workerMain.js:297:5[90m)
[39m
    at WorkerMain.runTestGroup [90m(C:\Largescale_Data-Demo\healthcare-data-va
lidation\[39mnode_modules\[4mplaywright[24m\lib\worker\workerMain.js:203:9[
90m)[39m
    at process.<anonymous> [90m(C:\Largescale_Data-Demo\healthcare-data-valida
tion\[39mnode_modules\[4mplaywright[24m\lib\common\process.js:73:22[90m)[3
9m
[1A[2KCould not read query file: ../sql/target/visits.sql
[1A[2KError persisting query: SyntaxError: Unexpected non-whitespace 
character after JSON at position 69227 (line 1188 column 2)
    at JSON.parse (<anonymous>)
    at QueryStore.persistQuery [90m(C:\Largescale_Data-Demo\healthcare-data-va
lidation\[39msrc\queryStore.ts:51:35[90m)[39m
    at QueryStore.captureQuery [90m(C:\Largescale_Data-Demo\healthcare-data-va
lidation\[39msrc\queryStore.ts:44:14[90m)[39m
    at Repository.fetchTargetData [90m(C:\Largescale_Data-Demo\healthcare-data
-validation\[39msrc\db\repository.ts:28:25[90m)[39m
    at loadTargetData [90m(C:\Largescale_Data-Demo\healthcare-data-validation\
[39mutils\dataLoader.ts:8:23[90m)[39m
    at Object.executor [90m(C:\Largescale_Data-Demo\healthcare-data-validation
\[39mtests\e2e\baseline-comparison.test.ts:380:58[90m)[39m
    at runValidationTest [90m(C:\Largescale_Data-Demo\healthcare-data-validati
on\[39mutils\testRunner.ts:19:9[90m)[39m
    at [90mC:\Largescale_Data-Demo\healthcare-data-validation\[39mtests\e2e\b
aseline-comparison.test.ts:374:9
    at [90mC:\Largescale_Data-Demo\healthcare-data-validation\[39mnode_module
s\[4mplaywright[24m\lib\worker\workerMain.js:326:9
    at [90mC:\Largescale_Data-Demo\healthcare-data-validation\[39mnode_module
s\[4mplaywright[24m\lib\worker\testInfo.js:320:11
    at TimeoutManager.withRunnable [90m(C:\Largescale_Data-Demo\healthcare-dat
a-validation\[39mnode_modules\[4mplaywright[24m\lib\worker\timeoutManager.js
:75:14[90m)[39m
    at TestInfoImpl._runWithTimeout [90m(C:\Largescale_Data-Demo\healthcare-da
ta-validation\[39mnode_modules\[4mplaywright[24m\lib\worker\testInfo.js:318:
7[90m)[39m
    at [90mC:\Largescale_Data-Demo\healthcare-data-validation\[39mnode_module
s\[4mplaywright[24m\lib\worker\workerMain.js:324:7
    at WorkerMain._runTest [90m(C:\Largescale_Data-Demo\healthcare-data-valida
tion\[39mnode_modules\[4mplaywright[24m\lib\worker\workerMain.js:297:5[90m)
[39m

    at WorkerMain.runTestGroup [90m(C:\Largescale_Data-Demo\healthcare-data-va
lidation\[39mnode_modules\[4mplaywright[24m\lib\worker\workerMain.js:203:9[
90m)[39m
    at process.<anonymous> [90m(C:\Largescale_Data-Demo\healthcare-data-valida
tion\[39mnode_modules\[4mplaywright[24m\lib\common\process.js:73:22[90m)[3
9m
[1A[2K[QueryStore] Captured repository query for billing_target
[1A[2K[chromium] ΓÇ║ tests\e2e\baseline-comparison.test.ts:402:9 ΓÇ║ 
Enhanced Healthcare Data Validation Framework ΓÇ║ Data Completeness: Detect 
missed billing records
Could not read query file: ../sql/source/billing.sql

[1A[2K[42/52] [chromium] ΓÇ║ tests\e2e\automation.test.ts:394:5 ΓÇ║ Validate Billing Data - Negative Case
[1A[2KError persisting query: SyntaxError: Unexpected non-whitespace 
character after JSON at position 69227 (line 1188 column 2)
[1A[2K[43/52] [chromium] ΓÇ║ tests\e2e\baseline-comparison.test.ts:431:9 ΓÇ║ Enhanced Healthcare Data Validation Framework ΓÇ║ Data Completeness: Detect incomplete field values
    at JSON.parse (<anonymous>)
    at QueryStore.persistQuery [90m(C:\Largescale_Data-Demo\healthcare-data-va
lidation\[39msrc\queryStore.ts:51:35[90m)[39m
    at QueryStore.captureQuery [90m(C:\Largescale_Data-Demo\healthcare-data-va
lidation\[39msrc\queryStore.ts:44:14[90m)[39m
    at Repository.fetchSourceData [90m(C:\Largescale_Data-Demo\healthcare-data
-validation\[39msrc\db\repository.ts:22:25[90m)[39m
    at loadSourceData [90m(C:\Largescale_Data-Demo\healthcare-data-validation\
[39mutils\dataLoader.ts:4:23[90m)[39m
    at Object.executor [90m(C:\Largescale_Data-Demo\healthcare-data-validation
\[39mtests\e2e\baseline-comparison.test.ts:408:59[90m)[39m
    at runValidationTest [90m(C:\Largescale_Data-Demo\healthcare-data-validati
on\[39mutils\testRunner.ts:19:23[90m)[39m
    at [90mC:\Largescale_Data-Demo\healthcare-data-validation\[39mtests\e2e\b
aseline-comparison.test.ts:403:32
    at [90mC:\Largescale_Data-Demo\healthcare-data-validation\[39mnode_module
s\[4mplaywright[24m\lib\worker\workerMain.js:326:15
    at [90mC:\Largescale_Data-Demo\healthcare-data-validation\[39mnode_module
s\[4mplaywright[24m\lib\worker\testInfo.js:320:17
    at TimeoutManager.withRunnable [90m(C:\Largescale_Data-Demo\healthcare-dat
a-validation\[39mnode_modules\[4mplaywright[24m\lib\worker\timeoutManager.js
:76:9[90m)[39m
    at TestInfoImpl._runWithTimeout [90m(C:\Largescale_Data-Demo\healthcare-da
ta-validation\[39mnode_modules\[4mplaywright[24m\lib\worker\testInfo.js:318:
34[90m)[39m
    at [90mC:\Largescale_Data-Demo\healthcare-data-validation\[39mnode_module
s\[4mplaywright[24m\lib\worker\workerMain.js:324:22
    at WorkerMain._runTest [90m(C:\Largescale_Data-Demo\healthcare-data-valida
tion\[39mnode_modules\[4mplaywright[24m\lib\worker\workerMain.js:297:5[90m)
[39m
    at WorkerMain.runTestGroup [90m(C:\Largescale_Data-Demo\healthcare-data-va
lidation\[39mnode_modules\[4mplaywright[24m\lib\worker\workerMain.js:203:9[
90m)[39m
    at process.<anonymous> [90m(C:\Largescale_Data-Demo\healthcare-data-valida
tion\[39mnode_modules\[4mplaywright[24m\lib\common\process.js:73:22[90m)[3
9m
[1A[2KCould not read query file: ../sql/target/billing.sql
[1A[2KError persisting query: SyntaxError: Unexpected non-whitespace 
character after JSON at position 69227 (line 1188 column 2)


[1A[2K[chromium] ΓÇ║ tests\e2e\automation.test.ts:394:5 ΓÇ║ Validate Billing Data - Negative Case
[DatabaseConnection] Demo mode: Skipping database disconnection

[1A[2K[chromium] ΓÇ║ tests\e2e\baseline-comparison.test.ts:431:9 ΓÇ║ Enhanced Healthcare Data Validation Framework ΓÇ║ Data Completeness: Detect incomplete field values
    at JSON.parse (<anonymous>)
    at QueryStore.persistQuery [90m(C:\Largescale_Data-Demo\healthcare-data-va
lidation\[39msrc\queryStore.ts:51:35[90m)[39m
    at QueryStore.captureQuery [90m(C:\Largescale_Data-Demo\healthcare-data-va
lidation\[39msrc\queryStore.ts:44:14[90m)[39m
[QueryStore] Captured repository query for patients_source

[1A[2K[chromium] ΓÇ║ tests\e2e\automation.test.ts:394:5 ΓÇ║ Validate Billing Data - Negative Case
    at Repository.fetchTargetData [90m(C:\Largescale_Data-Demo\healthcare-data
-validation\[39msrc\db\repository.ts:28:25[90m)[39m
    at loadTargetData [90m(C:\Largescale_Data-Demo\healthcare-data-validation\
[39mutils\dataLoader.ts:8:23[90m)[39m

========== Query Capture Report ==========
    at Object.executor [90m(C:\Largescale_Data-Demo\healthcare-data-validation
\[39mtests\e2e\baseline-comparison.test.ts:409:59[90m)[39m

[1A[2K[chromium] ΓÇ║ tests\e2e\baseline-comparison.test.ts:431:9 ΓÇ║ Enhanced Healthcare Data Validation Framework ΓÇ║ Data Completeness: Detect incomplete field values
    at runValidationTest [90m(C:\Largescale_Data-Demo\healthcare-data-validati
on\[39mutils\testRunner.ts:19:9[90m)[39m
    at [90mC:\Largescale_Data-Demo\healthcare-data-validation\[39mtests\e2e\b
aseline-comparison.test.ts:403:9
    at [90mC:\Largescale_Data-Demo\healthcare-data-validation\[39mnode_module
s\[4mplaywright[24m\lib\worker\workerMain.js:326:9
    at [90mC:\Largescale_Data-Demo\healthcare-data-validation\[39mnode_module
s\[4mplaywright[24m\lib\worker\testInfo.js:320:11
    at TimeoutManager.withRunnable [90m(C:\Largescale_Data-Demo\healthcare-dat
a-validation\[39mnode_modules\[4mplaywright[24m\lib\worker\timeoutManager.js
:75:14[90m)[39m
    at TestInfoImpl._runWithTimeout [90m(C:\Largescale_Data-Demo\healthcare-da
ta-validation\[39mnode_modules\[4mplaywright[24m\lib\worker\testInfo.js:318:
7[90m)[39m
    at [90mC:\Largescale_Data-Demo\healthcare-data-validation\[39mnode_module
s\[4mplaywright[24m\lib\worker\workerMain.js:324:7
    at WorkerMain._runTest [90m(C:\Largescale_Data-Demo\healthcare-data-valida
tion\[39mnode_modules\[4mplaywright[24m\lib\worker\workerMain.js:297:5[90m)
[39m
    at WorkerMain.runTestGroup [90m(C:\Largescale_Data-Demo\healthcare-data-va
lidation\[39mnode_modules\[4mplaywright[24m\lib\worker\workerMain.js:203:9[
90m)[39m
    at process.<anonymous> [90m(C:\Largescale_Data-Demo\healthcare-data-valida
tion\[39mnode_modules\[4mplaywright[24m\lib\common\process.js:73:22[90m)[3
9m
[Repository] Generated 10 mock records for patients

[1A[2K[chromium] ΓÇ║ tests\e2e\automation.test.ts:394:5 ΓÇ║ Validate Billing Data - Negative Case
[1A[2K[chromium] ΓÇ║ tests\e2e\baseline-comparison.test.ts:431:9 ΓÇ║ 
Enhanced Healthcare Data Validation Framework ΓÇ║ Data Completeness: Detect 
incomplete field values
Could not read query file: ../sql/source/patients.sql
[1A[2KError persisting query: SyntaxError: Unexpected non-whitespace 
character after JSON at position 69227 (line 1188 column 2)
    at JSON.parse (<anonymous>)
{
  "totalQueries": 0,
    at QueryStore.persistQuery [90m(C:\Largescale_Data-Demo\healthcare-data-va
lidation\[39msrc\queryStore.ts:51:35[90m)[39m
  "queriesBySource": {
    "repository": 0,
    at QueryStore.captureQuery [90m(C:\Largescale_Data-Demo\healthcare-data-va
lidation\[39msrc\queryStore.ts:44:14[90m)[39m
    "connection": 0
  },
  "queriesByTable": {},
  "timestamp": "2026-04-09T17:22:59.518Z"
}

[1A[2K
    at Repository.fetchSourceData [90m(C:\Largescale_Data-Demo\healthcare-data
-validation\[39msrc\db\repository.ts:22:25[90m)[39m
========== Validation Report ==========

[1A[2KAnomaly Report

Table: Providers Negative
Rule Violated: Row count mismatch: source has 2, target has 1
Row: {
    at loadSourceData [90m(C:\Largescale_Data-Demo\healthcare-data-validation\
[39mutils\dataLoader.ts:4:23[90m)[39m
    at Object.executor [90m(C:\Largescale_Data-Demo\healthcare-data-validation
\[39mtests\e2e\baseline-comparison.test.ts:437:54[90m)[39m
    at runValidationTest [90m(C:\Largescale_Data-Demo\healthcare-data-validati
on\[39mutils\testRunner.ts:19:23[90m)[39m
    at [90mC:\Largescale_Data-Demo\healthcare-data-validation\[39mtests\e2e\b
aseline-comparison.test.ts:432:32
    at [90mC:\Largescale_Data-Demo\healthcare-data-validation\[39mnode_module
s\[4mplaywright[24m\lib\worker\workerMain.js:326:15
    at [90mC:\Largescale_Data-Demo\healthcare-data-validation\[39mnode_module
s\[4mplaywright[24m\lib\worker\testInfo.js:320:17
    at TimeoutManager.withRunnable [90m(C:\Largescale_Data-Demo\healthcare-dat
a-validation\[39mnode_modules\[4mplaywright[24m\lib\worker\timeoutManager.js
:76:9[90m)[39m
    at TestInfoImpl._runWithTimeout [90m(C:\Largescale_Data-Demo\healthcare-da
ta-validation\[39mnode_modules\[4mplaywright[24m\lib\worker\testInfo.js:318:
34[90m)[39m
    at [90mC:\Largescale_Data-Demo\healthcare-data-validation\[39mnode_module
s\[4mplaywright[24m\lib\worker\workerMain.js:324:22
    at WorkerMain._runTest [90m(C:\Largescale_Data-Demo\healthcare-data-valida
tion\[39mnode_modules\[4mplaywright[24m\lib\worker\workerMain.js:297:5[90m)
[39m
    at WorkerMain.runTestGroup [90m(C:\Largescale_Data-Demo\healthcare-data-va
lidation\[39mnode_modules\[4mplaywright[24m\lib\worker\workerMain.js:203:9[
90m)[39m
    at process.<anonymous> [90m(C:\Largescale_Data-Demo\healthcare-data-valida
tion\[39mnode_modules\[4mplaywright[24m\lib\common\process.js:73:22[90m)[3
9m
  "sourceCount": 2,
  "targetCount": 1
}

Table: Providers Negative
Rule Violated: Data hash mismatch: source hash 400ddc5190285e718c1dff3b72780c0e, target hash 3dc1280beb0d8db0abb44133639e3cb5
Row: {
  "sourceHash": "400ddc5190285e718c1dff3b72780c0e",
  "targetHash": "3dc1280beb0d8db0abb44133639e3cb5"
}

Table: Providers Negative
Rule Violated: source mandatory field provider_id is missing or empty
Row: {
  "id": 1,
  "name": "",
  "specialty": ""
}

Table: Providers Negative
Rule Violated: source mandatory field name is missing or empty
Row: {
  "id": 1,
  "name": "",
  "specialty": ""
}

Table: Providers Negative
Rule Violated: source mandatory field specialty is missing or empty
Row: {
  "id": 1,
  "name": "",
  "specialty": ""
}

Table: Providers Negative
Rule Violated: source mandatory field provider_id is missing or empty
Row: {
  "id": 2,
  "name": "Dr. Smith",
  "specialty": "Cardiology"
}

Table: Providers Negative
Rule Violated: target mandatory field provider_id is missing or empty
Row: {
  "id": 1,
  "name": "Dr. Smith",
  "specialty": "Cardiology"
}

Table: Providers Negative
Rule Violated: source validation failed for name
Row: {
  "id": 1,
  "name": "",
  "specialty": ""
}

Table: Providers Negative
Rule Violated: source validation failed for specialty
Row: {
  "id": 1,
  "name": "",
  "specialty": ""
}

Table: Providers Negative
Rule Violated: Record with ID 2 is missing in target
Row: {
  "id": 2,
  "name": "Dr. Smith",
  "specialty": "Cardiology"
}

Table: Providers Negative
Rule Violated: Missing row: Record with ID 2 exists in source but missing in target
Row: {
  "id": 2,
  "name": "Dr. Smith",
  "specialty": "Cardiology"
}

Table: Visits Negative
Rule Violated: Row count mismatch: source has 2, target has 1
Row: {
  "sourceCount": 2,
  "targetCount": 1
}

Table: Visits Negative
Rule Violated: Data hash mismatch: source hash 25c034d860659b4faafd5a4d1c7a6ca0, target hash 4d041da797c11473ce1d429b65689de4
Row: {
  "sourceHash": "25c034d860659b4faafd5a4d1c7a6ca0",
  "targetHash": "4d041da797c11473ce1d429b65689de4"
}

Table: Visits Negative
Rule Violated: Schema mismatch: column 'patientId' type differs - source: object, target: number
Row: {
  "column": "patientId",
  "sourceType": "object",
  "targetType": "number"
}

Table: Visits Negative
Rule Violated: source mandatory field visit_id is missing or empty
Row: {
  "id": 1,
  "patientId": null,
  "providerId": 1,
  "visitDate": "invalid"
}

Table: Visits Negative
Rule Violated: source mandatory field patient_id is missing or empty
Row: {
  "id": 1,
  "patientId": null,
[1A[2K[chromium] ΓÇ║ tests\e2e\baseline-comparison.test.ts:462:9 ΓÇ║ 
Enhanced Healthcare Data Validation Framework ΓÇ║ Summary Statistics: Data 
volume across tables
Could not read query file: ../sql/source/patients.sql
  "providerId": 1,
[1A[2KError persisting query: SyntaxError: Unexpected non-whitespace 
character after JSON at position 69227 (line 1188 column 2)
  "visitDate": "invalid"
    at JSON.parse (<anonymous>)
}

    at QueryStore.persistQuery [90m(C:\Largescale_Data-Demo\healthcare-data-va
lidation\[39msrc\queryStore.ts:51:35[90m)[39m
Table: Visits Negative
Rule Violated: source mandatory field provider_id is missing or empty
Row: {
  "id": 1,
    at QueryStore.captureQuery [90m(C:\Largescale_Data-Demo\healthcare-data-va
lidation\[39msrc\queryStore.ts:44:14[90m)[39m
    at Repository.fetchSourceData [90m(C:\Largescale_Data-Demo\healthcare-data
-validation\[39msrc\db\repository.ts:22:25[90m)[39m
    at loadSourceData [90m(C:\Largescale_Data-Demo\healthcare-data-validation\
[39mutils\dataLoader.ts:4:23[90m)[39m
    at Object.executor [90m(C:\Largescale_Data-Demo\healthcare-data-validation
\[39mtests\e2e\baseline-comparison.test.ts:472:60[90m)[39m
    at runValidationTest [90m(C:\Largescale_Data-Demo\healthcare-data-validati
on\[39mutils\testRunner.ts:19:23[90m)[39m
    at [90mC:\Largescale_Data-Demo\healthcare-data-validation\[39mtests\e2e\b
aseline-comparison.test.ts:463:32
    at [90mC:\Largescale_Data-Demo\healthcare-data-validation\[39mnode_module
s\[4mplaywright[24m\lib\worker\workerMain.js:326:15
    at [90mC:\Largescale_Data-Demo\healthcare-data-validation\[39mnode_module
s\[4mplaywright[24m\lib\worker\testInfo.js:320:17
    at TimeoutManager.withRunnable [90m(C:\Largescale_Data-Demo\healthcare-dat
a-validation\[39mnode_modules\[4mplaywright[24m\lib\worker\timeoutManager.js
:76:9[90m)[39m
    at TestInfoImpl._runWithTimeout [90m(C:\Largescale_Data-Demo\healthcare-da
ta-validation\[39mnode_modules\[4mplaywright[24m\lib\worker\testInfo.js:318:
34[90m)[39m
    at [90mC:\Largescale_Data-Demo\healthcare-data-validation\[39mnode_module
s\[4mplaywright[24m\lib\worker\workerMain.js:324:22
    at WorkerMain._runTest [90m(C:\Largescale_Data-Demo\healthcare-data-valida
tion\[39mnode_modules\[4mplaywright[24m\lib\worker\workerMain.js:297:5[90m)
[39m
    at WorkerMain.runTestGroup [90m(C:\Largescale_Data-Demo\healthcare-data-va
lidation\[39mnode_modules\[4mplaywright[24m\lib\worker\workerMain.js:203:9[
90m)[39m
    at process.<anonymous> [90m(C:\Largescale_Data-Demo\healthcare-data-valida
tion\[39mnode_modules\[4mplaywright[24m\lib\common\process.js:73:22[90m)[3
9m
[1A[2KCould not read query file: ../sql/target/patients.sql
[1A[2KError persisting query: SyntaxError: Unexpected non-whitespace 
character after JSON at position 69227 (line 1188 column 2)
    at JSON.parse (<anonymous>)
    at QueryStore.persistQuery [90m(C:\Largescale_Data-Demo\healthcare-data-va
lidation\[39msrc\queryStore.ts:51:35[90m)[39m
  "patientId": null,
  "providerId": 1,
  "visitDate": "invalid"
}

Table: Visits Negative
Rule Violated: source mandatory field visit_date is missing or empty
Row: {
  "id": 1,
  "patientId": null,
  "providerId": 1,
  "visitDate": "invalid"
}

Table: Visits Negative
Rule Violated: source mandatory field visit_id is missing or empty
    at QueryStore.captureQuery [90m(C:\Largescale_Data-Demo\healthcare-data-va
lidation\[39msrc\queryStore.ts:44:14[90m)[39m
    at Repository.fetchTargetData [90m(C:\Largescale_Data-Demo\healthcare-data
-validation\[39msrc\db\repository.ts:28:25[90m)[39m
    at loadTargetData [90m(C:\Largescale_Data-Demo\healthcare-data-validation\
[39mutils\dataLoader.ts:8:23[90m)[39m
    at Object.executor [90m(C:\Largescale_Data-Demo\healthcare-data-validation
\[39mtests\e2e\baseline-comparison.test.ts:473:60[90m)[39m
    at runValidationTest [90m(C:\Largescale_Data-Demo\healthcare-data-validati
on\[39mutils\testRunner.ts:19:9[90m)[39m
    at [90mC:\Largescale_Data-Demo\healthcare-data-validation\[39mtests\e2e\b
aseline-comparison.test.ts:463:9
    at [90mC:\Largescale_Data-Demo\healthcare-data-validation\[39mnode_module
s\[4mplaywright[24m\lib\worker\workerMain.js:326:9
    at [90mC:\Largescale_Data-Demo\healthcare-data-validation\[39mnode_module
s\[4mplaywright[24m\lib\worker\testInfo.js:320:11
    at TimeoutManager.withRunnable [90m(C:\Largescale_Data-Demo\healthcare-dat
a-validation\[39mnode_modules\[4mplaywright[24m\lib\worker\timeoutManager.js
:75:14[90m)[39m
    at TestInfoImpl._runWithTimeout [90m(C:\Largescale_Data-Demo\healthcare-da
ta-validation\[39mnode_modules\[4mplaywright[24m\lib\worker\testInfo.js:318:
7[90m)[39m
    at [90mC:\Largescale_Data-Demo\healthcare-data-validation\[39mnode_module
s\[4mplaywright[24m\lib\worker\workerMain.js:324:7
    at WorkerMain._runTest [90m(C:\Largescale_Data-Demo\healthcare-data-valida
tion\[39mnode_modules\[4mplaywright[24m\lib\worker\workerMain.js:297:5[90m)
[39m
    at WorkerMain.runTestGroup [90m(C:\Largescale_Data-Demo\healthcare-data-va
lidation\[39mnode_modules\[4mplaywright[24m\lib\worker\workerMain.js:203:9[
90m)[39m
    at process.<anonymous> [90m(C:\Largescale_Data-Demo\healthcare-data-valida
tion\[39mnode_modules\[4mplaywright[24m\lib\common\process.js:73:22[90m)[3
9m
[1A[2KCould not read query file: ../sql/source/providers.sql
[1A[2KError persisting query: SyntaxError: Unexpected non-whitespace 
character after JSON at position 69227 (line 1188 column 2)
    at JSON.parse (<anonymous>)
    at QueryStore.persistQuery [90m(C:\Largescale_Data-Demo\healthcare-data-va
lidation\[39msrc\queryStore.ts:51:35[90m)[39m
    at QueryStore.captureQuery [90m(C:\Largescale_Data-Demo\healthcare-data-va
lidation\[39msrc\queryStore.ts:44:14[90m)[39m
    at Repository.fetchSourceData [90m(C:\Largescale_Data-Demo\healthcare-data
-validation\[39msrc\db\repository.ts:22:25[90m)[39m
Row: {
  "id": 2,
  "patientId": 1,
  "providerId": 1,
  "visitDate": "2023-01-01"
}

Table: Visits Negative
Rule Violated: source mandatory field patient_id is missing or empty
Row: {
  "id": 2,
  "patientId": 1,
  "providerId": 1,
  "visitDate": "2023-01-01"
}

    at loadSourceData [90m(C:\Largescale_Data-Demo\healthcare-data-validation\
[39mutils\dataLoader.ts:4:23[90m)[39m
    at Object.executor [90m(C:\Largescale_Data-Demo\healthcare-data-validation
\[39mtests\e2e\baseline-comparison.test.ts:472:60[90m)[39m
    at runValidationTest [90m(C:\Largescale_Data-Demo\healthcare-data-validati
on\[39mutils\testRunner.ts:19:9[90m)[39m
    at [90mC:\Largescale_Data-Demo\healthcare-data-validation\[39mtests\e2e\b
aseline-comparison.test.ts:463:9
    at [90mC:\Largescale_Data-Demo\healthcare-data-validation\[39mnode_module
s\[4mplaywright[24m\lib\worker\workerMain.js:326:9
    at [90mC:\Largescale_Data-Demo\healthcare-data-validation\[39mnode_module
s\[4mplaywright[24m\lib\worker\testInfo.js:320:11
    at TimeoutManager.withRunnable [90m(C:\Largescale_Data-Demo\healthcare-dat
a-validation\[39mnode_modules\[4mplaywright[24m\lib\worker\timeoutManager.js
:75:14[90m)[39m
    at TestInfoImpl._runWithTimeout [90m(C:\Largescale_Data-Demo\healthcare-da
ta-validation\[39mnode_modules\[4mplaywright[24m\lib\worker\testInfo.js:318:
7[90m)[39m
    at [90mC:\Largescale_Data-Demo\healthcare-data-validation\[39mnode_module
s\[4mplaywright[24m\lib\worker\workerMain.js:324:7
    at WorkerMain._runTest [90m(C:\Largescale_Data-Demo\healthcare-data-valida
tion\[39mnode_modules\[4mplaywright[24m\lib\worker\workerMain.js:297:5[90m)
[39m
    at WorkerMain.runTestGroup [90m(C:\Largescale_Data-Demo\healthcare-data-va
lidation\[39mnode_modules\[4mplaywright[24m\lib\worker\workerMain.js:203:9[
90m)[39m
    at process.<anonymous> [90m(C:\Largescale_Data-Demo\healthcare-data-valida
tion\[39mnode_modules\[4mplaywright[24m\lib\common\process.js:73:22[90m)[3
9m
[1A[2KCould not read query file: ../sql/target/providers.sql
Table: Visits Negative
Rule Violated: source mandatory field provider_id is missing or empty
Row: {
  "id": 2,
  "patientId": 1,
  "providerId": 1,
  "visitDate": "2023-01-01"
}

Table: Visits Negative
Rule Violated: source mandatory field visit_date is missing or empty
Row: {
  "id": 2,
  "patientId": 1,
  "providerId": 1,
  "visitDate": "2023-01-01"
[1A[2KError persisting query: SyntaxError: Unexpected non-whitespace 
character after JSON at position 69227 (line 1188 column 2)
    at JSON.parse (<anonymous>)
    at QueryStore.persistQuery [90m(C:\Largescale_Data-Demo\healthcare-data-va
lidation\[39msrc\queryStore.ts:51:35[90m)[39m
    at QueryStore.captureQuery [90m(C:\Largescale_Data-Demo\healthcare-data-va
lidation\[39msrc\queryStore.ts:44:14[90m)[39m
    at Repository.fetchTargetData [90m(C:\Largescale_Data-Demo\healthcare-data
-validation\[39msrc\db\repository.ts:28:25[90m)[39m
    at loadTargetData [90m(C:\Largescale_Data-Demo\healthcare-data-validation\
[39mutils\dataLoader.ts:8:23[90m)[39m
    at Object.executor [90m(C:\Largescale_Data-Demo\healthcare-data-validation
\[39mtests\e2e\baseline-comparison.test.ts:473:60[90m)[39m
    at runValidationTest [90m(C:\Largescale_Data-Demo\healthcare-data-validati
on\[39mutils\testRunner.ts:19:9[90m)[39m
    at [90mC:\Largescale_Data-Demo\healthcare-data-validation\[39mtests\e2e\b
aseline-comparison.test.ts:463:9
    at [90mC:\Largescale_Data-Demo\healthcare-data-validation\[39mnode_module
s\[4mplaywright[24m\lib\worker\workerMain.js:326:9
    at [90mC:\Largescale_Data-Demo\healthcare-data-validation\[39mnode_module
s\[4mplaywright[24m\lib\worker\testInfo.js:320:11
    at TimeoutManager.withRunnable [90m(C:\Largescale_Data-Demo\healthcare-dat
a-validation\[39mnode_modules\[4mplaywright[24m\lib\worker\timeoutManager.js
:75:14[90m)[39m
}

Table: Visits Negative
Rule Violated: target mandatory field visit_id is missing or empty
Row: {
  "id": 1,
  "patientId": 1,
  "providerId": 1,
  "visitDate": "2023-01-01"
    at TestInfoImpl._runWithTimeout [90m(C:\Largescale_Data-Demo\healthcare-da
ta-validation\[39mnode_modules\[4mplaywright[24m\lib\worker\testInfo.js:318:
7[90m)[39m
    at [90mC:\Largescale_Data-Demo\healthcare-data-validation\[39mnode_module
s\[4mplaywright[24m\lib\worker\workerMain.js:324:7
    at WorkerMain._runTest [90m(C:\Largescale_Data-Demo\healthcare-data-valida
tion\[39mnode_modules\[4mplaywright[24m\lib\worker\workerMain.js:297:5[90m)
[39m
    at WorkerMain.runTestGroup [90m(C:\Largescale_Data-Demo\healthcare-data-va
lidation\[39mnode_modules\[4mplaywright[24m\lib\worker\workerMain.js:203:9[
90m)[39m
    at process.<anonymous> [90m(C:\Largescale_Data-Demo\healthcare-data-valida
tion\[39mnode_modules\[4mplaywright[24m\lib\common\process.js:73:22[90m)[3
9m
[1A[2KCould not read query file: ../sql/source/visits.sql
[1A[2KError persisting query: SyntaxError: Unexpected non-whitespace 
character after JSON at position 69227 (line 1188 column 2)
    at JSON.parse (<anonymous>)
    at QueryStore.persistQuery [90m(C:\Largescale_Data-Demo\healthcare-data-va
lidation\[39msrc\queryStore.ts:51:35[90m)[39m
    at QueryStore.captureQuery [90m(C:\Largescale_Data-Demo\healthcare-data-va
lidation\[39msrc\queryStore.ts:44:14[90m)[39m
    at Repository.fetchSourceData [90m(C:\Largescale_Data-Demo\healthcare-data
-validation\[39msrc\db\repository.ts:22:25[90m)[39m
}

    at loadSourceData [90m(C:\Largescale_Data-Demo\healthcare-data-validation\
[39mutils\dataLoader.ts:4:23[90m)[39m
    at Object.executor [90m(C:\Largescale_Data-Demo\healthcare-data-validation
\[39mtests\e2e\baseline-comparison.test.ts:472:60[90m)[39m
    at runValidationTest [90m(C:\Largescale_Data-Demo\healthcare-data-validati
on\[39mutils\testRunner.ts:19:9[90m)[39m
Table: Visits Negative
Rule Violated: target mandatory field patient_id is missing or empty
    at [90mC:\Largescale_Data-Demo\healthcare-data-validation\[39mtests\e2e\b
aseline-comparison.test.ts:463:9
Row: {
  "id": 1,
    at [90mC:\Largescale_Data-Demo\healthcare-data-validation\[39mnode_module
s\[4mplaywright[24m\lib\worker\workerMain.js:326:9
  "patientId": 1,
    at [90mC:\Largescale_Data-Demo\healthcare-data-validation\[39mnode_module
s\[4mplaywright[24m\lib\worker\testInfo.js:320:11
    at TimeoutManager.withRunnable [90m(C:\Largescale_Data-Demo\healthcare-dat
a-validation\[39mnode_modules\[4mplaywright[24m\lib\worker\timeoutManager.js
:75:14[90m)[39m
    at TestInfoImpl._runWithTimeout [90m(C:\Largescale_Data-Demo\healthcare-da
ta-validation\[39mnode_modules\[4mplaywright[24m\lib\worker\testInfo.js:318:
7[90m)[39m
    at [90mC:\Largescale_Data-Demo\healthcare-data-validation\[39mnode_module
s\[4mplaywright[24m\lib\worker\workerMain.js:324:7
  "providerId": 1,
  "visitDate": "2023-01-01"
}

Table: Visits Negative
Rule Violated: target mandatory field provider_id is missing or empty
Row: {
  "id": 1,
  "patientId": 1,
  "providerId": 1,
  "visitDate": "2023-01-01"
}

    at WorkerMain._runTest [90m(C:\Largescale_Data-Demo\healthcare-data-valida
tion\[39mnode_modules\[4mplaywright[24m\lib\worker\workerMain.js:297:5[90m)
[39m
    at WorkerMain.runTestGroup [90m(C:\Largescale_Data-Demo\healthcare-data-va
lidation\[39mnode_modules\[4mplaywright[24m\lib\worker\workerMain.js:203:9[
90m)[39m
    at process.<anonymous> [90m(C:\Largescale_Data-Demo\healthcare-data-valida
tion\[39mnode_modules\[4mplaywright[24m\lib\common\process.js:73:22[90m)[3
9m
Table: Visits Negative
Rule Violated: target mandatory field visit_date is missing or empty
Row: {
  "id": 1,
  "patientId": 1,
  "providerId": 1,
  "visitDate": "2023-01-01"
}

Table: Visits Negative
Rule Violated: Record with ID 2 is missing in target
Row: {
  "id": 2,
  "patientId": 1,
  "providerId": 1,
  "visitDate": "2023-01-01"
}

Table: Visits Negative
Rule Violated: Missing row: Record with ID 2 exists in source but missing in target
Row: {
  "id": 2,
  "patientId": 1,
  "providerId": 1,
  "visitDate": "2023-01-01"
}

Table: Medications Negative
Rule Violated: Row count mismatch: source has 2, target has 1
Row: {
  "sourceCount": 2,
  "targetCount": 1
}

Table: Medications Negative
Rule Violated: Data hash mismatch: source hash cac8e47e51e7cfe4ca921b01d4f5ac36, target hash 056fce832031427099e91414306c1b0c
Row: {
  "sourceHash": "cac8e47e51e7cfe4ca921b01d4f5ac36",
  "targetHash": "056fce832031427099e91414306c1b0c"
}

Table: Medications Negative
Rule Violated: source mandatory field medication_id is missing or empty
Row: {
  "id": 1,
  "name": "",
  "dosage": ""
}

Table: Medications Negative
Rule Violated: source mandatory field patient_id is missing or empty
Row: {
  "id": 1,
  "name": "",
  "dosage": ""
}

Table: Medications Negative
Rule Violated: source mandatory field name is missing or empty
Row: {
  "id": 1,
  "name": "",
  "dosage": ""
}

Table: Medications Negative
Rule Violated: source mandatory field dosage is missing or empty
Row: {
  "id": 1,
  "name": "",
  "dosage": ""
}

Table: Medications Negative
Rule Violated: source mandatory field medication_id is missing or empty
Row: {
  "id": 2,
  "name": "Aspirin",
  "dosage": "100mg"
}

Table: Medications Negative
Rule Violated: source mandatory field patient_id is missing or empty
Row: {
  "id": 2,
  "name": "Aspirin",
  "dosage": "100mg"
}

Table: Medications Negative
Rule Violated: target mandatory field medication_id is missing or empty
Row: {
  "id": 1,
  "name": "Aspirin",
  "dosage": "100mg"
}

Table: Medications Negative
Rule Violated: target mandatory field patient_id is missing or empty
Row: {
  "id": 1,
  "name": "Aspirin",
  "dosage": "100mg"
}

Table: Medications Negative
Rule Violated: source validation failed for name
Row: {
  "id": 1,
  "name": "",
  "dosage": ""
}

Table: Medications Negative
Rule Violated: source validation failed for dosage
Row: {
  "id": 1,
  "name": "",
  "dosage": ""
}

Table: Medications Negative
Rule Violated: Record with ID 2 is missing in target
Row: {
  "id": 2,
  "name": "Aspirin",
  "dosage": "100mg"
[1A[2KCould not read query file: ../sql/target/visits.sql
[1A[2KError persisting query: SyntaxError: Unexpected non-whitespace 
character after JSON at position 69227 (line 1188 column 2)
}

Table: Medications Negative
Rule Violated: Missing row: Record with ID 2 exists in source but missing in target
Row: {
  "id": 2,
  "name": "Aspirin",
  "dosage": "100mg"
}

Table: Billing Negative
Rule Violated: Row count mismatch: source has 2, target has 1
Row: {
  "sourceCount": 2,
  "targetCount": 1
}

Table: Billing Negative
Rule Violated: Data hash mismatch: source hash 31d8378724c072951cb24242ebd00ba2, target hash f6dac199c2f3c899f87724c9b86d2f07
    at JSON.parse (<anonymous>)
    at QueryStore.persistQuery [90m(C:\Largescale_Data-Demo\healthcare-data-va
lidation\[39msrc\queryStore.ts:51:35[90m)[39m
    at QueryStore.captureQuery [90m(C:\Largescale_Data-Demo\healthcare-data-va
lidation\[39msrc\queryStore.ts:44:14[90m)[39m
    at Repository.fetchTargetData [90m(C:\Largescale_Data-Demo\healthcare-data
-validation\[39msrc\db\repository.ts:28:25[90m)[39m
    at loadTargetData [90m(C:\Largescale_Data-Demo\healthcare-data-validation\
[39mutils\dataLoader.ts:8:23[90m)[39m
Row: {
  "sourceHash": "31d8378724c072951cb24242ebd00ba2",
  "targetHash": "f6dac199c2f3c899f87724c9b86d2f07"
}

Table: Billing Negative
Rule Violated: Schema mismatch: column 'visitId' type differs - source: object, target: number
Row: {
  "column": "visitId",
  "sourceType": "object",
  "targetType": "number"
}

Table: Billing Negative
Rule Violated: source mandatory field billing_id is missing or empty
Row: {
    at Object.executor [90m(C:\Largescale_Data-Demo\healthcare-data-validation
\[39mtests\e2e\baseline-comparison.test.ts:473:60[90m)[39m
    at runValidationTest [90m(C:\Largescale_Data-Demo\healthcare-data-validati
on\[39mutils\testRunner.ts:19:9[90m)[39m
    at [90mC:\Largescale_Data-Demo\healthcare-data-validation\[39mtests\e2e\b
aseline-comparison.test.ts:463:9
    at [90mC:\Largescale_Data-Demo\healthcare-data-validation\[39mnode_module
s\[4mplaywright[24m\lib\worker\workerMain.js:326:9
    at [90mC:\Largescale_Data-Demo\healthcare-data-validation\[39mnode_module
s\[4mplaywright[24m\lib\worker\testInfo.js:320:11
    at TimeoutManager.withRunnable [90m(C:\Largescale_Data-Demo\healthcare-dat
a-validation\[39mnode_modules\[4mplaywright[24m\lib\worker\timeoutManager.js
:75:14[90m)[39m
    at TestInfoImpl._runWithTimeout [90m(C:\Largescale_Data-Demo\healthcare-da
ta-validation\[39mnode_modules\[4mplaywright[24m\lib\worker\testInfo.js:318:
7[90m)[39m
    at [90mC:\Largescale_Data-Demo\healthcare-data-validation\[39mnode_module
s\[4mplaywright[24m\lib\worker\workerMain.js:324:7
    at WorkerMain._runTest [90m(C:\Largescale_Data-Demo\healthcare-data-valida
tion\[39mnode_modules\[4mplaywright[24m\lib\worker\workerMain.js:297:5[90m)
[39m
    at WorkerMain.runTestGroup [90m(C:\Largescale_Data-Demo\healthcare-data-va
lidation\[39mnode_modules\[4mplaywright[24m\lib\worker\workerMain.js:203:9[
90m)[39m
    at process.<anonymous> [90m(C:\Largescale_Data-Demo\healthcare-data-valida
tion\[39mnode_modules\[4mplaywright[24m\lib\common\process.js:73:22[90m)[3
9m
[1A[2K[chromium] ΓÇ║ tests\e2e\schema-validation.test.ts:502:9 ΓÇ║ Great 
Expectations Schema Validation ΓÇ║ Medications Table Schema ΓÇ║ should compare 
source and target medications schemas
Could not read query file: ../sql/source/medications.sql
[1A[2K[chromium] ΓÇ║ tests\e2e\schema-validation.test.ts:502:9 ΓÇ║ Great 
Expectations Schema Validation ΓÇ║ Medications Table Schema ΓÇ║ should compare 
source and target medications schemas
Error persisting query: SyntaxError: Unexpected non-whitespace character after 
JSON at position 69227 (line 1188 column 2)
  "id": 1,
  "visitId": null,
  "amount": -10
}

Table: Billing Negative
Rule Violated: source mandatory field visit_id is missing or empty
Row: {
  "id": 1,
  "visitId": null,
  "amount": -10
}

Table: Billing Negative
Rule Violated: source mandatory field date is missing or empty
Row: {
    at JSON.parse (<anonymous>)
    at QueryStore.persistQuery [90m(C:\Largescale_Data-Demo\healthcare-data-va
lidation\[39msrc\queryStore.ts:51:35[90m)[39m
    at QueryStore.captureQuery [90m(C:\Largescale_Data-Demo\healthcare-data-va
lidation\[39msrc\queryStore.ts:44:14[90m)[39m
    at Repository.fetchSourceData [90m(C:\Largescale_Data-Demo\healthcare-data
-validation\[39msrc\db\repository.ts:22:25[90m)[39m
    at [90mC:\Largescale_Data-Demo\healthcare-data-validation\[39mtests\e2e\s
chema-validation.test.ts:508:52
    at [90mC:\Largescale_Data-Demo\healthcare-data-validation\[39mnode_module
s\[4mplaywright[24m\lib\worker\workerMain.js:326:15
    at [90mC:\Largescale_Data-Demo\healthcare-data-validation\[39mnode_module
s\[4mplaywright[24m\lib\worker\testInfo.js:320:17
    at TimeoutManager.withRunnable [90m(C:\Largescale_Data-Demo\healthcare-dat
a-validation\[39mnode_modules\[4mplaywright[24m\lib\worker\timeoutManager.js
:76:9[90m)[39m
    at TestInfoImpl._runWithTimeout [90m(C:\Largescale_Data-Demo\healthcare-da
ta-validation\[39mnode_modules\[4mplaywright[24m\lib\worker\testInfo.js:318:
34[90m)[39m
    at [90mC:\Largescale_Data-Demo\healthcare-data-validation\[39mnode_module
s\[4mplaywright[24m\lib\worker\workerMain.js:324:22
    at WorkerMain._runTest [90m(C:\Largescale_Data-Demo\healthcare-data-valida
tion\[39mnode_modules\[4mplaywright[24m\lib\worker\workerMain.js:297:5[90m)
[39m
    at WorkerMain.runTestGroup [90m(C:\Largescale_Data-Demo\healthcare-data-va
lidation\[39mnode_modules\[4mplaywright[24m\lib\worker\workerMain.js:203:9[
90m)[39m
    at process.<anonymous> [90m(C:\Largescale_Data-Demo\healthcare-data-valida
tion\[39mnode_modules\[4mplaywright[24m\lib\common\process.js:73:22[90m)[3
9m
[1A[2K[chromium] ΓÇ║ tests\e2e\baseline-comparison.test.ts:462:9 ΓÇ║ 
Enhanced Healthcare Data Validation Framework ΓÇ║ Summary Statistics: Data 
volume across tables
Could not read query file: ../sql/source/medications.sql
[1A[2K[chromium] ΓÇ║ tests\e2e\baseline-comparison.test.ts:462:9 ΓÇ║ 
Enhanced Healthcare Data Validation Framework ΓÇ║ Summary Statistics: Data 
volume across tables
Error persisting query: SyntaxError: Unexpected non-whitespace character after 
JSON at position 69227 (line 1188 column 2)
    at JSON.parse (<anonymous>)
    at QueryStore.persistQuery [90m(C:\Largescale_Data-Demo\healthcare-data-va
lidation\[39msrc\queryStore.ts:51:35[90m)[39m
    at QueryStore.captureQuery [90m(C:\Largescale_Data-Demo\healthcare-data-va
lidation\[39msrc\queryStore.ts:44:14[90m)[39m
    at Repository.fetchSourceData [90m(C:\Largescale_Data-Demo\healthcare-data
-validation\[39msrc\db\repository.ts:22:25[90m)[39m
    at loadSourceData [90m(C:\Largescale_Data-Demo\healthcare-data-validation\
[39mutils\dataLoader.ts:4:23[90m)[39m
    at Object.executor [90m(C:\Largescale_Data-Demo\healthcare-data-validation
\[39mtests\e2e\baseline-comparison.test.ts:472:60[90m)[39m
  "id": 1,
  "visitId": null,
  "amount": -10
}

Table: Billing Negative
Rule Violated: source mandatory field billing_id is missing or empty
Row: {
  "id": 2,
  "visitId": 1,
  "amount": 100
}
    at runValidationTest [90m(C:\Largescale_Data-Demo\healthcare-data-validati
on\[39mutils\testRunner.ts:19:9[90m)[39m
    at [90mC:\Largescale_Data-Demo\healthcare-data-validation\[39mtests\e2e\b
aseline-comparison.test.ts:463:9
    at [90mC:\Largescale_Data-Demo\healthcare-data-validation\[39mnode_module
s\[4mplaywright[24m\lib\worker\workerMain.js:326:9
    at [90mC:\Largescale_Data-Demo\healthcare-data-validation\[39mnode_module
s\[4mplaywright[24m\lib\worker\testInfo.js:320:11
    at TimeoutManager.withRunnable [90m(C:\Largescale_Data-Demo\healthcare-dat
a-validation\[39mnode_modules\[4mplaywright[24m\lib\worker\timeoutManager.js
:75:14[90m)[39m
    at TestInfoImpl._runWithTimeout [90m(C:\Largescale_Data-Demo\healthcare-da
ta-validation\[39mnode_modules\[4mplaywright[24m\lib\worker\testInfo.js:318:
7[90m)[39m
    at [90mC:\Largescale_Data-Demo\healthcare-data-validation\[39mnode_module
s\[4mplaywright[24m\lib\worker\workerMain.js:324:7
    at WorkerMain._runTest [90m(C:\Largescale_Data-Demo\healthcare-data-valida
tion\[39mnode_modules\[4mplaywright[24m\lib\worker\workerMain.js:297:5[90m)
[39m
    at WorkerMain.runTestGroup [90m(C:\Largescale_Data-Demo\healthcare-data-va
lidation\[39mnode_modules\[4mplaywright[24m\lib\worker\workerMain.js:203:9[
90m)[39m
    at process.<anonymous> [90m(C:\Largescale_Data-Demo\healthcare-data-valida
tion\[39mnode_modules\[4mplaywright[24m\lib\common\process.js:73:22[90m)[3
9m
[1A[2K[chromium] ΓÇ║ tests\e2e\schema-validation.test.ts:502:9 ΓÇ║ Great 
Expectations Schema Validation ΓÇ║ Medications Table Schema ΓÇ║ should compare 
source and target medications schemas
Could not read query file: ../sql/target/medications.sql
[1A[2K[chromium] ΓÇ║ tests\e2e\schema-validation.test.ts:502:9 ΓÇ║ Great 
Expectations Schema Validation ΓÇ║ Medications Table Schema ΓÇ║ should compare 
source and target medications schemas
Error persisting query: SyntaxError: Unexpected non-whitespace character after 
JSON at position 69227 (line 1188 column 2)
    at JSON.parse (<anonymous>)

Table: Billing Negative
Rule Violated: source mandatory field visit_id is missing or empty
Row: {
  "id": 2,
  "visitId": 1,
  "amount": 100
}
    at QueryStore.persistQuery [90m(C:\Largescale_Data-Demo\healthcare-data-va
lidation\[39msrc\queryStore.ts:51:35[90m)[39m
    at QueryStore.captureQuery [90m(C:\Largescale_Data-Demo\healthcare-data-va
lidation\[39msrc\queryStore.ts:44:14[90m)[39m
    at Repository.fetchTargetData [90m(C:\Largescale_Data-Demo\healthcare-data
-validation\[39msrc\db\repository.ts:28:25[90m)[39m
    at [90mC:\Largescale_Data-Demo\healthcare-data-validation\[39mtests\e2e\s
chema-validation.test.ts:509:52
    at [90mC:\Largescale_Data-Demo\healthcare-data-validation\[39mnode_module
s\[4mplaywright[24m\lib\worker\workerMain.js:326:9
    at [90mC:\Largescale_Data-Demo\healthcare-data-validation\[39mnode_module
s\[4mplaywright[24m\lib\worker\testInfo.js:320:11
    at TimeoutManager.withRunnable [90m(C:\Largescale_Data-Demo\healthcare-dat
a-validation\[39mnode_modules\[4mplaywright[24m\lib\worker\timeoutManager.js
:75:14[90m)[39m
    at TestInfoImpl._runWithTimeout [90m(C:\Largescale_Data-Demo\healthcare-da
ta-validation\[39mnode_modules\[4mplaywright[24m\lib\worker\testInfo.js:318:
7[90m)[39m
    at [90mC:\Largescale_Data-Demo\healthcare-data-validation\[39mnode_module
s\[4mplaywright[24m\lib\worker\workerMain.js:324:7
    at WorkerMain._runTest [90m(C:\Largescale_Data-Demo\healthcare-data-valida
tion\[39mnode_modules\[4mplaywright[24m\lib\worker\workerMain.js:297:5[90m)
[39m
    at WorkerMain.runTestGroup [90m(C:\Largescale_Data-Demo\healthcare-data-va
lidation\[39mnode_modules\[4mplaywright[24m\lib\worker\workerMain.js:203:9[
90m)[39m
    at process.<anonymous> [90m(C:\Largescale_Data-Demo\healthcare-data-valida
tion\[39mnode_modules\[4mplaywright[24m\lib\common\process.js:73:22[90m)[3
9m
[1A[2K[chromium] ΓÇ║ tests\e2e\baseline-comparison.test.ts:462:9 ΓÇ║ 
Enhanced Healthcare Data Validation Framework ΓÇ║ Summary Statistics: Data 
volume across tables
Could not read query file: ../sql/target/medications.sql
[1A[2K[chromium] ΓÇ║ tests\e2e\baseline-comparison.test.ts:462:9 ΓÇ║ 
Enhanced Healthcare Data Validation Framework ΓÇ║ Summary Statistics: Data 
volume across tables
Error persisting query: SyntaxError: Unexpected non-whitespace character after 
JSON at position 69227 (line 1188 column 2)
    at JSON.parse (<anonymous>)

Table: Billing Negative
Rule Violated: source mandatory field date is missing or empty
Row: {
  "id": 2,
  "visitId": 1,
  "amount": 100
    at QueryStore.persistQuery [90m(C:\Largescale_Data-Demo\healthcare-data-va
lidation\[39msrc\queryStore.ts:51:35[90m)[39m
    at QueryStore.captureQuery [90m(C:\Largescale_Data-Demo\healthcare-data-va
lidation\[39msrc\queryStore.ts:44:14[90m)[39m
    at Repository.fetchTargetData [90m(C:\Largescale_Data-Demo\healthcare-data
-validation\[39msrc\db\repository.ts:28:25[90m)[39m
    at loadTargetData [90m(C:\Largescale_Data-Demo\healthcare-data-validation\
[39mutils\dataLoader.ts:8:23[90m)[39m
    at Object.executor [90m(C:\Largescale_Data-Demo\healthcare-data-validation
\[39mtests\e2e\baseline-comparison.test.ts:473:60[90m)[39m
    at runValidationTest [90m(C:\Largescale_Data-Demo\healthcare-data-validati
on\[39mutils\testRunner.ts:19:9[90m)[39m
    at [90mC:\Largescale_Data-Demo\healthcare-data-validation\[39mtests\e2e\b
aseline-comparison.test.ts:463:9
    at [90mC:\Largescale_Data-Demo\healthcare-data-validation\[39mnode_module
s\[4mplaywright[24m\lib\worker\workerMain.js:326:9
    at [90mC:\Largescale_Data-Demo\healthcare-data-validation\[39mnode_module
s\[4mplaywright[24m\lib\worker\testInfo.js:320:11
    at TimeoutManager.withRunnable [90m(C:\Largescale_Data-Demo\healthcare-dat
a-validation\[39mnode_modules\[4mplaywright[24m\lib\worker\timeoutManager.js
:75:14[90m)[39m
    at TestInfoImpl._runWithTimeout [90m(C:\Largescale_Data-Demo\healthcare-da
ta-validation\[39mnode_modules\[4mplaywright[24m\lib\worker\testInfo.js:318:
7[90m)[39m
    at [90mC:\Largescale_Data-Demo\healthcare-data-validation\[39mnode_module
s\[4mplaywright[24m\lib\worker\workerMain.js:324:7
    at WorkerMain._runTest [90m(C:\Largescale_Data-Demo\healthcare-data-valida
tion\[39mnode_modules\[4mplaywright[24m\lib\worker\workerMain.js:297:5[90m)
[39m
    at WorkerMain.runTestGroup [90m(C:\Largescale_Data-Demo\healthcare-data-va
lidation\[39mnode_modules\[4mplaywright[24m\lib\worker\workerMain.js:203:9[
90m)[39m
    at process.<anonymous> [90m(C:\Largescale_Data-Demo\healthcare-data-valida
tion\[39mnode_modules\[4mplaywright[24m\lib\common\process.js:73:22[90m)[3
9m
[1A[2K[chromium] ΓÇ║ tests\e2e\schema-validation.test.ts:502:9 ΓÇ║ Great 
Expectations Schema Validation ΓÇ║ Medications Table Schema ΓÇ║ should compare 
source and target medications schemas
Python was not found; run without arguments to install from the Microsoft 
Store, or disable this shortcut from Settings > Apps > Advanced app settings > 
App execution aliases.
}

[1A[2K[chromium] ΓÇ║ tests\e2e\schema-validation.test.ts:502:9 ΓÇ║ Great 
Expectations Schema Validation ΓÇ║ Medications Table Schema ΓÇ║ should compare 
source and target medications schemas
GE Schema Validator Error: Python was not found; run without arguments to 
install from the Microsoft Store, or disable this shortcut from Settings > 
Apps > Advanced app settings > App execution aliases.
Table: Billing Negative

[1A[2K[chromium] ΓÇ║ tests\e2e\baseline-comparison.test.ts:462:9 ΓÇ║ 
Enhanced Healthcare Data Validation Framework ΓÇ║ Summary Statistics: Data 
volume across tables
Rule Violated: target mandatory field billing_id is missing or empty
Could not read query file: ../sql/source/billing.sql
Row: {
[1A[2K[chromium] ΓÇ║ tests\e2e\schema-validation.test.ts:502:9 ΓÇ║ Great 
Expectations Schema Validation ΓÇ║ Medications Table Schema ΓÇ║ should compare 
source and target medications schemas
Schema comparison incomplete for medications: {
  error: [33mtrue[39m,
  message: [32m'Python was not found; run without arguments to install from 
the Microsoft Store, or disable this shortcut from Settings > Apps > Advanced 
app settings > App execution aliases.\r\n'[39m,
  "id": 1,
  "visitId": 1,
  "amount": 100
}

Table: Billing Negative
Rule Violated: target mandatory field visit_id is missing or empty
Row: {
  "id": 1,
  "visitId": 1,
  "amount": 100
}

Table: Billing Negative
  table: [32m'medications'[39m,
  valid: [33mfalse[39m,
  errors: [
    [32m'Python was not found; run without arguments to install from the 
Microsoft Store, or disable this shortcut from Settings > Apps > Advanced app 
settings > App execution aliases.\r\n'[39m
Rule Violated: target mandatory field date is missing or empty
Row: {
  "id": 1,
  ],
  "visitId": 1,
  "amount": 100
  warnings: [],
  summary: {
}

    column_count_match: [33mfalse[39m,
    all_mandatory_present: [33mfalse[39m,
Table: Billing Negative
Rule Violated: source validation failed for amount
Row: {
  "id": 1,
    type_mismatches: [33m0[39m,
    extra_columns: [],
    missing_columns: []
  "visitId": null,
  "amount": -10
  }
}
[1A[2K[chromium] ΓÇ║ tests\e2e\baseline-comparison.test.ts:462:9 ΓÇ║ 
Enhanced Healthcare Data Validation Framework ΓÇ║ Summary Statistics: Data 
volume across tables
Error persisting query: SyntaxError: Unexpected non-whitespace character after 
JSON at position 69227 (line 1188 column 2)
    at JSON.parse (<anonymous>)
    at QueryStore.persistQuery [90m(C:\Largescale_Data-Demo\healthcare-data-va
lidation\[39msrc\queryStore.ts:51:35[90m)[39m
    at QueryStore.captureQuery [90m(C:\Largescale_Data-Demo\healthcare-data-va
lidation\[39msrc\queryStore.ts:44:14[90m)[39m
    at Repository.fetchSourceData [90m(C:\Largescale_Data-Demo\healthcare-data
-validation\[39msrc\db\repository.ts:22:25[90m)[39m
    at loadSourceData [90m(C:\Largescale_Data-Demo\healthcare-data-validation\
[39mutils\dataLoader.ts:4:23[90m)[39m
    at Object.executor [90m(C:\Largescale_Data-Demo\healthcare-data-validation
\[39mtests\e2e\baseline-comparison.test.ts:472:60[90m)[39m
    at runValidationTest [90m(C:\Largescale_Data-Demo\healthcare-data-validati
on\[39mutils\testRunner.ts:19:9[90m)[39m
    at [90mC:\Largescale_Data-Demo\healthcare-data-validation\[39mtests\e2e\b
aseline-comparison.test.ts:463:9
    at [90mC:\Largescale_Data-Demo\healthcare-data-validation\[39mnode_module
s\[4mplaywright[24m\lib\worker\workerMain.js:326:9
    at [90mC:\Largescale_Data-Demo\healthcare-data-validation\[39mnode_module
s\[4mplaywright[24m\lib\worker\testInfo.js:320:11
}
    at TimeoutManager.withRunnable [90m(C:\Largescale_Data-Demo\healthcare-dat
a-validation\[39mnode_modules\[4mplaywright[24m\lib\worker\timeoutManager.js
:75:14[90m)[39m

    at TestInfoImpl._runWithTimeout [90m(C:\Largescale_Data-Demo\healthcare-da
ta-validation\[39mnode_modules\[4mplaywright[24m\lib\worker\testInfo.js:318:
7[90m)[39m
    at [90mC:\Largescale_Data-Demo\healthcare-data-validation\[39mnode_module
s\[4mplaywright[24m\lib\worker\workerMain.js:324:7
Table: Billing Negative
    at WorkerMain._runTest [90m(C:\Largescale_Data-Demo\healthcare-data-valida
tion\[39mnode_modules\[4mplaywright[24m\lib\worker\workerMain.js:297:5[90m)
[39m
    at WorkerMain.runTestGroup [90m(C:\Largescale_Data-Demo\healthcare-data-va
lidation\[39mnode_modules\[4mplaywright[24m\lib\worker\workerMain.js:203:9[
90m)[39m
Rule Violated: Record with ID 2 is missing in target
Row: {
  "id": 2,
    at process.<anonymous> [90m(C:\Largescale_Data-Demo\healthcare-data-valida
tion\[39mnode_modules\[4mplaywright[24m\lib\common\process.js:73:22[90m)[3
9m
[1A[2KCould not read query file: ../sql/target/billing.sql
[1A[2KError persisting query: SyntaxError: Unexpected non-whitespace 
character after JSON at position 69227 (line 1188 column 2)
    at JSON.parse (<anonymous>)
    at QueryStore.persistQuery [90m(C:\Largescale_Data-Demo\healthcare-data-va
lidation\[39msrc\queryStore.ts:51:35[90m)[39m
    at QueryStore.captureQuery [90m(C:\Largescale_Data-Demo\healthcare-data-va
lidation\[39msrc\queryStore.ts:44:14[90m)[39m
    at Repository.fetchTargetData [90m(C:\Largescale_Data-Demo\healthcare-data
-validation\[39msrc\db\repository.ts:28:25[90m)[39m
    at loadTargetData [90m(C:\Largescale_Data-Demo\healthcare-data-validation\
[39mutils\dataLoader.ts:8:23[90m)[39m
    at Object.executor [90m(C:\Largescale_Data-Demo\healthcare-data-validation
\[39mtests\e2e\baseline-comparison.test.ts:473:60[90m)[39m
    at runValidationTest [90m(C:\Largescale_Data-Demo\healthcare-data-validati
on\[39mutils\testRunner.ts:19:9[90m)[39m
  "visitId": 1,
  "amount": 100
}

    at [90mC:\Largescale_Data-Demo\healthcare-data-validation\[39mtests\e2e\b
aseline-comparison.test.ts:463:9
    at [90mC:\Largescale_Data-Demo\healthcare-data-validation\[39mnode_module
s\[4mplaywright[24m\lib\worker\workerMain.js:326:9
Table: Billing Negative
    at [90mC:\Largescale_Data-Demo\healthcare-data-validation\[39mnode_module
s\[4mplaywright[24m\lib\worker\testInfo.js:320:11
Rule Violated: Missing row: Record with ID 2 exists in source but missing in target
Row: {
    at TimeoutManager.withRunnable [90m(C:\Largescale_Data-Demo\healthcare-dat
a-validation\[39mnode_modules\[4mplaywright[24m\lib\worker\timeoutManager.js
:75:14[90m)[39m
  "id": 2,
    at TestInfoImpl._runWithTimeout [90m(C:\Largescale_Data-Demo\healthcare-da
ta-validation\[39mnode_modules\[4mplaywright[24m\lib\worker\testInfo.js:318:
7[90m)[39m
    at [90mC:\Largescale_Data-Demo\healthcare-data-validation\[39mnode_module
s\[4mplaywright[24m\lib\worker\workerMain.js:324:7
    at WorkerMain._runTest [90m(C:\Largescale_Data-Demo\healthcare-data-valida
tion\[39mnode_modules\[4mplaywright[24m\lib\worker\workerMain.js:297:5[90m)
[39m
  "visitId": 1,
  "amount": 100
}



[1A[2K[44/52] [chromium] ΓÇ║ tests\e2e\baseline-comparison.test.ts:462:9 ΓÇ║ Enhanced Healthcare Data Validation Framework ΓÇ║ Summary Statistics: Data volume across tables


    at WorkerMain.runTestGroup [90m(C:\Largescale_Data-Demo\healthcare-data-va
lidation\[39mnode_modules\[4mplaywright[24m\lib\worker\workerMain.js:203:9[
90m)[39m
    at process.<anonymous> [90m(C:\Largescale_Data-Demo\healthcare-data-valida
tion\[39mnode_modules\[4mplaywright[24m\lib\common\process.js:73:22[90m)[3
9m
[1A[2K[QueryStore] Captured repository query for patients_source

[1A[2K[Repository] Generated 10 mock records for patients



[1A[2K[DatabaseConnection] Initialized in DEMO MODE ONLY

[1A[2K[QueryStore] Captured repository query for patients_target



[1A[2K[QueryStore] Captured repository query for providers_source

[1A[2K[Repository] Generated 5 mock records for providers



[1A[2K[45/52] [chromium] ΓÇ║ tests\e2e\schema-validation.test.ts:502:9 ΓÇ║ Great Expectations Schema Validation ΓÇ║ Medications Table Schema ΓÇ║ should compare source and target medications schemas
[1A[2K[QueryStore] Captured repository query for providers_target



[1A[2K[chromium] ΓÇ║ tests\e2e\schema-validation.test.ts:502:9 ΓÇ║ Great Expectations Schema Validation ΓÇ║ Medications Table Schema ΓÇ║ should compare source and target medications schemas
[Schema Validation Tests] Initializing

[1A[2K[chromium] ΓÇ║ tests\e2e\baseline-comparison.test.ts:462:9 ΓÇ║ Enhanced Healthcare Data Validation Framework ΓÇ║ Summary Statistics: Data volume across tables
[QueryStore] Captured repository query for visits_source

[1A[2K[chromium] ΓÇ║ tests\e2e\schema-validation.test.ts:502:9 ΓÇ║ Great Expectations Schema Validation ΓÇ║ Medications Table Schema ΓÇ║ should compare source and target medications schemas
[DatabaseConnection] Demo mode: Skipping database connection

[1A[2K[chromium] ΓÇ║ tests\e2e\baseline-comparison.test.ts:462:9 ΓÇ║ Enhanced Healthcare Data Validation Framework ΓÇ║ Summary Statistics: Data volume across tables
[Repository] Generated 20 mock records for visits




[1A[2K[chromium] ΓÇ║ tests\e2e\baseline-comparison.test.ts:462:9 ΓÇ║ Enhanced Healthcare Data Validation Framework ΓÇ║ Summary Statistics: Data volume across tables
[QueryStore] Captured repository query for visits_target



[1A[2K[chromium] ΓÇ║ tests\e2e\schema-validation.test.ts:502:9 ΓÇ║ Great Expectations Schema Validation ΓÇ║ Medications Table Schema ΓÇ║ should compare source and target medications schemas
[QueryStore] Captured repository query for medications_source


[1A[2K[chromium] ΓÇ║ tests\e2e\schema-validation.test.ts:502:9 ΓÇ║ Great Expectations Schema Validation ΓÇ║ Medications Table Schema ΓÇ║ should compare source and target medications schemas
[Repository] Generated 15 mock records for medications

[1A[2K[chromium] ΓÇ║ tests\e2e\baseline-comparison.test.ts:462:9 ΓÇ║ Enhanced Healthcare Data Validation Framework ΓÇ║ Summary Statistics: Data volume across tables
[QueryStore] Captured repository query for medications_source


[1A[2K[chromium] ΓÇ║ tests\e2e\baseline-comparison.test.ts:462:9 ΓÇ║ Enhanced Healthcare Data Validation Framework ΓÇ║ Summary Statistics: Data volume across tables
[Repository] Generated 15 mock records for medications
[1A[2K[chromium] ΓÇ║ tests\e2e\baseline-comparison.test.ts:506:9 ΓÇ║ 
Enhanced Healthcare Data Validation Framework ΓÇ║ Schema Consistency: Source 
and target fields should align
Could not read query file: ../sql/source/patients.sql
[1A[2KError persisting query: SyntaxError: Unexpected non-whitespace 
character after JSON at position 69227 (line 1188 column 2)
    at JSON.parse (<anonymous>)
    at QueryStore.persistQuery [90m(C:\Largescale_Data-Demo\healthcare-data-va
lidation\[39msrc\queryStore.ts:51:35[90m)[39m
    at QueryStore.captureQuery [90m(C:\Largescale_Data-Demo\healthcare-data-va
lidation\[39msrc\queryStore.ts:44:14[90m)[39m
    at Repository.fetchSourceData [90m(C:\Largescale_Data-Demo\healthcare-data
-validation\[39msrc\db\repository.ts:22:25[90m)[39m
    at loadSourceData [90m(C:\Largescale_Data-Demo\healthcare-data-validation\
[39mutils\dataLoader.ts:4:23[90m)[39m



[1A[2K[chromium] ΓÇ║ tests\e2e\schema-validation.test.ts:502:9 ΓÇ║ Great Expectations Schema Validation ΓÇ║ Medications Table Schema ΓÇ║ should compare source and target medications schemas
[QueryStore] Captured repository query for medications_target


    at Object.executor [90m(C:\Largescale_Data-Demo\healthcare-data-validation
\[39mtests\e2e\baseline-comparison.test.ts:516:60[90m)[39m
    at runValidationTest [90m(C:\Largescale_Data-Demo\healthcare-data-validati
on\[39mutils\testRunner.ts:19:23[90m)[39m
    at [90mC:\Largescale_Data-Demo\healthcare-data-validation\[39mtests\e2e\b
aseline-comparison.test.ts:507:32
    at [90mC:\Largescale_Data-Demo\healthcare-data-validation\[39mnode_module
s\[4mplaywright[24m\lib\worker\workerMain.js:326:15

[1A[2K[chromium] ΓÇ║ tests\e2e\baseline-comparison.test.ts:462:9 ΓÇ║ Enhanced Healthcare Data Validation Framework ΓÇ║ Summary Statistics: Data volume across tables
[QueryStore] Captured repository query for medications_target
    at [90mC:\Largescale_Data-Demo\healthcare-data-validation\[39mnode_module
s\[4mplaywright[24m\lib\worker\testInfo.js:320:17

    at TimeoutManager.withRunnable [90m(C:\Largescale_Data-Demo\healthcare-dat
a-validation\[39mnode_modules\[4mplaywright[24m\lib\worker\timeoutManager.js
:76:9[90m)[39m

    at TestInfoImpl._runWithTimeout [90m(C:\Largescale_Data-Demo\healthcare-da
ta-validation\[39mnode_modules\[4mplaywright[24m\lib\worker\testInfo.js:318:
34[90m)[39m
    at [90mC:\Largescale_Data-Demo\healthcare-data-validation\[39mnode_module
s\[4mplaywright[24m\lib\worker\workerMain.js:324:22


    at WorkerMain._runTest [90m(C:\Largescale_Data-Demo\healthcare-data-valida
tion\[39mnode_modules\[4mplaywright[24m\lib\worker\workerMain.js:297:5[90m)
[39m
    at WorkerMain.runTestGroup [90m(C:\Largescale_Data-Demo\healthcare-data-va
lidation\[39mnode_modules\[4mplaywright[24m\lib\worker\workerMain.js:203:9[
90m)[39m
    at process.<anonymous> [90m(C:\Largescale_Data-Demo\healthcare-data-valida
tion\[39mnode_modules\[4mplaywright[24m\lib\common\process.js:73:22[90m)[3
9m

[1A[2KCould not read query file: ../sql/target/patients.sql
[1A[2KError persisting query: SyntaxError: Unexpected non-whitespace 
character after JSON at position 69227 (line 1188 column 2)
    at JSON.parse (<anonymous>)
    at QueryStore.persistQuery [90m(C:\Largescale_Data-Demo\healthcare-data-va
lidation\[39msrc\queryStore.ts:51:35[90m)[39m
[1A[2K[chromium] ΓÇ║ tests\e2e\schema-validation.test.ts:502:9 ΓÇ║ Great Expectations Schema Validation ΓÇ║ Medications Table Schema ΓÇ║ should compare source and target medications schemas
Medications Schema Comparison: {
  table: [32m'medications'[39m,
  source_schema: {
    table: [32m'medications'[39m,
    at QueryStore.captureQuery [90m(C:\Largescale_Data-Demo\healthcare-data-va
lidation\[39msrc\queryStore.ts:44:14[90m)[39m
    at Repository.fetchTargetData [90m(C:\Largescale_Data-Demo\healthcare-data
-validation\[39msrc\db\repository.ts:28:25[90m)[39m
    at loadTargetData [90m(C:\Largescale_Data-Demo\healthcare-data-validation\
[39mutils\dataLoader.ts:8:23[90m)[39m
    valid: [33mfalse[39m,
    errors: [ [32m'Schema validation unavailable'[39m ],
    warnings: [],
    summary: {
      column_count_match: [33mfalse[39m,
      all_mandatory_present: [33mfalse[39m,
    at Object.executor [90m(C:\Largescale_Data-Demo\healthcare-data-validation
\[39mtests\e2e\baseline-comparison.test.ts:517:60[90m)[39m
    at runValidationTest [90m(C:\Largescale_Data-Demo\healthcare-data-validati
on\[39mutils\testRunner.ts:19:9[90m)[39m
    at [90mC:\Largescale_Data-Demo\healthcare-data-validation\[39mtests\e2e\b
aseline-comparison.test.ts:507:9
      type_mismatches: [33m0[39m,
      extra_columns: [],
      missing_columns: []
    at [90mC:\Largescale_Data-Demo\healthcare-data-validation\[39mnode_module
s\[4mplaywright[24m\lib\worker\workerMain.js:326:9
    at [90mC:\Largescale_Data-Demo\healthcare-data-validation\[39mnode_module
s\[4mplaywright[24m\lib\worker\testInfo.js:320:11
    }
    at TimeoutManager.withRunnable [90m(C:\Largescale_Data-Demo\healthcare-dat
a-validation\[39mnode_modules\[4mplaywright[24m\lib\worker\timeoutManager.js
:75:14[90m)[39m
  },
  target_schema: {
    table: [32m'medications'[39m,
    valid: [33mfalse[39m,
    errors: [ [32m'Schema validation unavailable'[39m ],
    warnings: [],
    summary: {
      column_count_match: [33mfalse[39m,
      all_mandatory_present: [33mfalse[39m,
      type_mismatches: [33m0[39m,
    at TestInfoImpl._runWithTimeout [90m(C:\Largescale_Data-Demo\healthcare-da
ta-validation\[39mnode_modules\[4mplaywright[24m\lib\worker\testInfo.js:318:
7[90m)[39m
    at [90mC:\Largescale_Data-Demo\healthcare-data-validation\[39mnode_module
s\[4mplaywright[24m\lib\worker\workerMain.js:324:7
    at WorkerMain._runTest [90m(C:\Largescale_Data-Demo\healthcare-data-valida
tion\[39mnode_modules\[4mplaywright[24m\lib\worker\workerMain.js:297:5[90m)
[39m
    at WorkerMain.runTestGroup [90m(C:\Largescale_Data-Demo\healthcare-data-va
lidation\[39mnode_modules\[4mplaywright[24m\lib\worker\workerMain.js:203:9[
90m)[39m
    at process.<anonymous> [90m(C:\Largescale_Data-Demo\healthcare-data-valida
tion\[39mnode_modules\[4mplaywright[24m\lib\common\process.js:73:22[90m)[3
9m
[1A[2KCould not read query file: ../sql/source/providers.sql
[1A[2KError persisting query: SyntaxError: Unexpected non-whitespace 
character after JSON at position 69227 (line 1188 column 2)
    at JSON.parse (<anonymous>)
      extra_columns: [],
      missing_columns: []
    }
  },
  schema_compatible: [33mfalse[39m,
  differences: [ [32m'Schema comparison incomplete'[39m ],
  summary: {
    column_count_match: [33mfalse[39m,
    all_mandatory_present: [33mfalse[39m,
    type_mismatches: [33m0[39m,
    extra_columns: [],
    missing_columns: []
    at QueryStore.persistQuery [90m(C:\Largescale_Data-Demo\healthcare-data-va
lidation\[39msrc\queryStore.ts:51:35[90m)[39m
    at QueryStore.captureQuery [90m(C:\Largescale_Data-Demo\healthcare-data-va
lidation\[39msrc\queryStore.ts:44:14[90m)[39m
    at Repository.fetchSourceData [90m(C:\Largescale_Data-Demo\healthcare-data
-validation\[39msrc\db\repository.ts:22:25[90m)[39m
    at loadSourceData [90m(C:\Largescale_Data-Demo\healthcare-data-validation\
[39mutils\dataLoader.ts:4:23[90m)[39m
    at Object.executor [90m(C:\Largescale_Data-Demo\healthcare-data-validation
\[39mtests\e2e\baseline-comparison.test.ts:516:60[90m)[39m
    at runValidationTest [90m(C:\Largescale_Data-Demo\healthcare-data-validati
on\[39mutils\testRunner.ts:19:9[90m)[39m
    at [90mC:\Largescale_Data-Demo\healthcare-data-validation\[39mtests\e2e\b
aseline-comparison.test.ts:507:9
  }
    at [90mC:\Largescale_Data-Demo\healthcare-data-validation\[39mnode_module
s\[4mplaywright[24m\lib\worker\workerMain.js:326:9
    at [90mC:\Largescale_Data-Demo\healthcare-data-validation\[39mnode_module
s\[4mplaywright[24m\lib\worker\testInfo.js:320:11
    at TimeoutManager.withRunnable [90m(C:\Largescale_Data-Demo\healthcare-dat
a-validation\[39mnode_modules\[4mplaywright[24m\lib\worker\timeoutManager.js
:75:14[90m)[39m
    at TestInfoImpl._runWithTimeout [90m(C:\Largescale_Data-Demo\healthcare-da
ta-validation\[39mnode_modules\[4mplaywright[24m\lib\worker\testInfo.js:318:
7[90m)[39m
    at [90mC:\Largescale_Data-Demo\healthcare-data-validation\[39mnode_module
s\[4mplaywright[24m\lib\worker\workerMain.js:324:7
    at WorkerMain._runTest [90m(C:\Largescale_Data-Demo\healthcare-data-valida
tion\[39mnode_modules\[4mplaywright[24m\lib\worker\workerMain.js:297:5[90m)
[39m
    at WorkerMain.runTestGroup [90m(C:\Largescale_Data-Demo\healthcare-data-va
lidation\[39mnode_modules\[4mplaywright[24m\lib\worker\workerMain.js:203:9[
90m)[39m
    at process.<anonymous> [90m(C:\Largescale_Data-Demo\healthcare-data-valida
tion\[39mnode_modules\[4mplaywright[24m\lib\common\process.js:73:22[90m)[3
9m
[1A[2KCould not read query file: ../sql/target/providers.sql
[1A[2KError persisting query: SyntaxError: Unexpected non-whitespace 
character after JSON at position 69227 (line 1188 column 2)
    at JSON.parse (<anonymous>)
    at QueryStore.persistQuery [90m(C:\Largescale_Data-Demo\healthcare-data-va
lidation\[39msrc\queryStore.ts:51:35[90m)[39m
    at QueryStore.captureQuery [90m(C:\Largescale_Data-Demo\healthcare-data-va
lidation\[39msrc\queryStore.ts:44:14[90m)[39m
    at Repository.fetchTargetData [90m(C:\Largescale_Data-Demo\healthcare-data
-validation\[39msrc\db\repository.ts:28:25[90m)[39m
    at loadTargetData [90m(C:\Largescale_Data-Demo\healthcare-data-validation\
[39mutils\dataLoader.ts:8:23[90m)[39m
}

[1A[2K[chromium] ΓÇ║ tests\e2e\baseline-comparison.test.ts:462:9 ΓÇ║ Enhanced Healthcare Data Validation Framework ΓÇ║ Summary Statistics: Data volume across tables
[QueryStore] Captured repository query for billing_source

[1A[2K[Repository] Generated 20 mock records for billing



[1A[2K[QueryStore] Captured repository query for billing_target

[1A[2K
≡ƒôè Data Volume Summary:

[1A[2K   patients: source=10, target=10, match=10 (100.0%)
    at Object.executor [90m(C:\Largescale_Data-Demo\healthcare-data-validation
\[39mtests\e2e\baseline-comparison.test.ts:517:60[90m)[39m
    at runValidationTest [90m(C:\Largescale_Data-Demo\healthcare-data-validati
on\[39mutils\testRunner.ts:19:9[90m)[39m
    at [90mC:\Largescale_Data-Demo\healthcare-data-validation\[39mtests\e2e\b
aseline-comparison.test.ts:507:9

[1A[2K   providers: source=5, target=5, match=5 (100.0%)

    at [90mC:\Largescale_Data-Demo\healthcare-data-validation\[39mnode_module
s\[4mplaywright[24m\lib\worker\workerMain.js:326:9
    at [90mC:\Largescale_Data-Demo\healthcare-data-validation\[39mnode_module
s\[4mplaywright[24m\lib\worker\testInfo.js:320:11
    at TimeoutManager.withRunnable [90m(C:\Largescale_Data-Demo\healthcare-dat
a-validation\[39mnode_modules\[4mplaywright[24m\lib\worker\timeoutManager.js
:75:14[90m)[39m
    at TestInfoImpl._runWithTimeout [90m(C:\Largescale_Data-Demo\healthcare-da
ta-validation\[39mnode_modules\[4mplaywright[24m\lib\worker\testInfo.js:318:
7[90m)[39m
    at [90mC:\Largescale_Data-Demo\healthcare-data-validation\[39mnode_module
s\[4mplaywright[24m\lib\worker\workerMain.js:324:7
    at WorkerMain._runTest [90m(C:\Largescale_Data-Demo\healthcare-data-valida
tion\[39mnode_modules\[4mplaywright[24m\lib\worker\workerMain.js:297:5[90m)
[39m
    at WorkerMain.runTestGroup [90m(C:\Largescale_Data-Demo\healthcare-data-va
lidation\[39mnode_modules\[4mplaywright[24m\lib\worker\workerMain.js:203:9[
90m)[39m
    at process.<anonymous> [90m(C:\Largescale_Data-Demo\healthcare-data-valida
tion\[39mnode_modules\[4mplaywright[24m\lib\common\process.js:73:22[90m)[3
9m
[1A[2KCould not read query file: ../sql/source/visits.sql
[1A[2K[chromium] ΓÇ║ tests\e2e\schema-validation.test.ts:502:9 ΓÇ║ Great Expectations Schema Validation ΓÇ║ Medications Table Schema ΓÇ║ should compare source and target medications schemas
[DatabaseConnection] Demo mode: Skipping database disconnection
[1A[2KError persisting query: SyntaxError: Unexpected non-whitespace 
character after JSON at position 69227 (line 1188 column 2)
    at JSON.parse (<anonymous>)
    at QueryStore.persistQuery [90m(C:\Largescale_Data-Demo\healthcare-data-va
lidation\[39msrc\queryStore.ts:51:35[90m)[39m
    at QueryStore.captureQuery [90m(C:\Largescale_Data-Demo\healthcare-data-va
lidation\[39msrc\queryStore.ts:44:14[90m)[39m
    at Repository.fetchSourceData [90m(C:\Largescale_Data-Demo\healthcare-data
-validation\[39msrc\db\repository.ts:22:25[90m)[39m

[1A[2K[chromium] ΓÇ║ tests\e2e\baseline-comparison.test.ts:462:9 ΓÇ║ Enhanced Healthcare Data Validation Framework ΓÇ║ Summary Statistics: Data volume across tables
    at loadSourceData [90m(C:\Largescale_Data-Demo\healthcare-data-validation\
[39mutils\dataLoader.ts:4:23[90m)[39m
    at Object.executor [90m(C:\Largescale_Data-Demo\healthcare-data-validation
\[39mtests\e2e\baseline-comparison.test.ts:516:60[90m)[39m
    at runValidationTest [90m(C:\Largescale_Data-Demo\healthcare-data-validati
on\[39mutils\testRunner.ts:19:9[90m)[39m
   visits: source=20, target=22, match=20 (100.0%)

[1A[2K   medications: source=15, target=16, match=15 (100.0%)
    at [90mC:\Largescale_Data-Demo\healthcare-data-validation\[39mtests\e2e\b
aseline-comparison.test.ts:507:9

    at [90mC:\Largescale_Data-Demo\healthcare-data-validation\[39mnode_module
s\[4mplaywright[24m\lib\worker\workerMain.js:326:9
    at [90mC:\Largescale_Data-Demo\healthcare-data-validation\[39mnode_module
s\[4mplaywright[24m\lib\worker\testInfo.js:320:11
    at TimeoutManager.withRunnable [90m(C:\Largescale_Data-Demo\healthcare-dat
a-validation\[39mnode_modules\[4mplaywright[24m\lib\worker\timeoutManager.js
:75:14[90m)[39m
    at TestInfoImpl._runWithTimeout [90m(C:\Largescale_Data-Demo\healthcare-da
ta-validation\[39mnode_modules\[4mplaywright[24m\lib\worker\testInfo.js:318:
7[90m)[39m
    at [90mC:\Largescale_Data-Demo\healthcare-data-validation\[39mnode_module
s\[4mplaywright[24m\lib\worker\workerMain.js:324:7
[1A[2K   billing: source=20, target=20, match=20 (100.0%)

[1A[2K[chromium] ΓÇ║ tests\e2e\schema-validation.test.ts:502:9 ΓÇ║ Great Expectations Schema Validation ΓÇ║ Medications Table Schema ΓÇ║ should compare source and target medications schemas

Γ£à Schema Validation Report generated: reports/schema-validation-report.html
    at WorkerMain._runTest [90m(C:\Largescale_Data-Demo\healthcare-data-valida
tion\[39mnode_modules\[4mplaywright[24m\lib\worker\workerMain.js:297:5[90m)
[39m
    at WorkerMain.runTestGroup [90m(C:\Largescale_Data-Demo\healthcare-data-va
lidation\[39mnode_modules\[4mplaywright[24m\lib\worker\workerMain.js:203:9[
90m)[39m
    at process.<anonymous> [90m(C:\Largescale_Data-Demo\healthcare-data-valida
tion\[39mnode_modules\[4mplaywright[24m\lib\common\process.js:73:22[90m)[3
9m
[1A[2KCould not read query file: ../sql/target/visits.sql
[1A[2KError persisting query: SyntaxError: Unexpected non-whitespace 
character after JSON at position 69227 (line 1188 column 2)
    at JSON.parse (<anonymous>)
    at QueryStore.persistQuery [90m(C:\Largescale_Data-Demo\healthcare-data-va
lidation\[39msrc\queryStore.ts:51:35[90m)[39m
    at QueryStore.captureQuery [90m(C:\Largescale_Data-Demo\healthcare-data-va
lidation\[39msrc\queryStore.ts:44:14[90m)[39m
    at Repository.fetchTargetData [90m(C:\Largescale_Data-Demo\healthcare-data
-validation\[39msrc\db\repository.ts:28:25[90m)[39m

[1A[2K  18) [chromium] ΓÇ║ tests\e2e\schema-validation.test.ts:502:9 ΓÇ║ Great Expectations Schema Validation ΓÇ║ Medications Table Schema ΓÇ║ should compare source and target medications schemas 
    at loadTargetData [90m(C:\Largescale_Data-Demo\healthcare-data-validation\
[39mutils\dataLoader.ts:8:23[90m)[39m

    Error: [2mexpect([22m[31mreceived[39m[2m).[22mtoBe[2m([22m[32mexpected[39m[2m) // Object.is equality[22m

    Expected: [32mtrue[39m
    at Object.executor [90m(C:\Largescale_Data-Demo\healthcare-data-validation
\[39mtests\e2e\baseline-comparison.test.ts:517:60[90m)[39m
    Received: [31mfalse[39m

    at runValidationTest [90m(C:\Largescale_Data-Demo\healthcare-data-validati
on\[39mutils\testRunner.ts:19:9[90m)[39m
    at [90mC:\Largescale_Data-Demo\healthcare-data-validation\[39mtests\e2e\b
aseline-comparison.test.ts:507:9
    at [90mC:\Largescale_Data-Demo\healthcare-data-validation\[39mnode_module
s\[4mplaywright[24m\lib\worker\workerMain.js:326:9
    at [90mC:\Largescale_Data-Demo\healthcare-data-validation\[39mnode_module
s\[4mplaywright[24m\lib\worker\testInfo.js:320:11
    at TimeoutManager.withRunnable [90m(C:\Largescale_Data-Demo\healthcare-dat
a-validation\[39mnode_modules\[4mplaywright[24m\lib\worker\timeoutManager.js
:75:14[90m)[39m
    at TestInfoImpl._runWithTimeout [90m(C:\Largescale_Data-Demo\healthcare-da
ta-validation\[39mnode_modules\[4mplaywright[24m\lib\worker\testInfo.js:318:
7[90m)[39m
    at [90mC:\Largescale_Data-Demo\healthcare-data-validation\[39mnode_module
s\[4mplaywright[24m\lib\worker\workerMain.js:324:7
    at WorkerMain._runTest [90m(C:\Largescale_Data-Demo\healthcare-data-valida
tion\[39mnode_modules\[4mplaywright[24m\lib\worker\workerMain.js:297:5[90m)
[39m
    at WorkerMain.runTestGroup [90m(C:\Largescale_Data-Demo\healthcare-data-va
lidation\[39mnode_modules\[4mplaywright[24m\lib\worker\workerMain.js:203:9[
90m)[39m
    at process.<anonymous> [90m(C:\Largescale_Data-Demo\healthcare-data-valida
tion\[39mnode_modules\[4mplaywright[24m\lib\common\process.js:73:22[90m)[3
9m
[1A[2KCould not read query file: ../sql/source/medications.sql
      539 |         // Assertions - use null coalescing for safety
      540 |         expect(result.table).toBe('medications');
[1A[2KError persisting query: SyntaxError: Unexpected non-whitespace 
character after JSON at position 69227 (line 1188 column 2)
    > 541 |         expect(sourceValid && targetValid).toBe(true);
          |                                            ^
    at JSON.parse (<anonymous>)
    at QueryStore.persistQuery [90m(C:\Largescale_Data-Demo\healthcare-data-va
lidation\[39msrc\queryStore.ts:51:35[90m)[39m
    at QueryStore.captureQuery [90m(C:\Largescale_Data-Demo\healthcare-data-va
lidation\[39msrc\queryStore.ts:44:14[90m)[39m
    at Repository.fetchSourceData [90m(C:\Largescale_Data-Demo\healthcare-data
-validation\[39msrc\db\repository.ts:22:25[90m)[39m
    at loadSourceData [90m(C:\Largescale_Data-Demo\healthcare-data-validation\
[39mutils\dataLoader.ts:4:23[90m)[39m
    at Object.executor [90m(C:\Largescale_Data-Demo\healthcare-data-validation
\[39mtests\e2e\baseline-comparison.test.ts:516:60[90m)[39m
    at runValidationTest [90m(C:\Largescale_Data-Demo\healthcare-data-validati
on\[39mutils\testRunner.ts:19:9[90m)[39m
    at [90mC:\Largescale_Data-Demo\healthcare-data-validation\[39mtests\e2e\b
aseline-comparison.test.ts:507:9
    at [90mC:\Largescale_Data-Demo\healthcare-data-validation\[39mnode_module
s\[4mplaywright[24m\lib\worker\workerMain.js:326:9
    at [90mC:\Largescale_Data-Demo\healthcare-data-validation\[39mnode_module
s\[4mplaywright[24m\lib\worker\testInfo.js:320:11
    at TimeoutManager.withRunnable [90m(C:\Largescale_Data-Demo\healthcare-dat
a-validation\[39mnode_modules\[4mplaywright[24m\lib\worker\timeoutManager.js
:75:14[90m)[39m
      542 |
      543 |         const duration = Date.now() - startTime;
      544 |         testResultsCollector.addResult({
        at C:\Largescale_Data-Demo\healthcare-data-validation\tests\e2e\schema-validation.test.ts:541:44

    Error Context: test-results\schema-validation-Great-Ex-a98ff--target-medications-schemas-chromium\error-context.md
    at TestInfoImpl._runWithTimeout [90m(C:\Largescale_Data-Demo\healthcare-da
ta-validation\[39mnode_modules\[4mplaywright[24m\lib\worker\testInfo.js:318:
7[90m)[39m
    at [90mC:\Largescale_Data-Demo\healthcare-data-validation\[39mnode_module
s\[4mplaywright[24m\lib\worker\workerMain.js:324:7

    Error Context: test-results\schema-validation-Great-Ex-a98ff--target-medications-schemas-chromium\error-context.md
    at WorkerMain._runTest [90m(C:\Largescale_Data-Demo\healthcare-data-valida
tion\[39mnode_modules\[4mplaywright[24m\lib\worker\workerMain.js:297:5[90m)
[39m
    at WorkerMain.runTestGroup [90m(C:\Largescale_Data-Demo\healthcare-data-va
lidation\[39mnode_modules\[4mplaywright[24m\lib\worker\workerMain.js:203:9[
90m)[39m

    at process.<anonymous> [90m(C:\Largescale_Data-Demo\healthcare-data-valida
tion\[39mnode_modules\[4mplaywright[24m\lib\common\process.js:73:22[90m)[3
9m
    Error Context: test-results\schema-validation-Great-Ex-a98ff--target-medications-schemas-chromium\error-context.md
[1A[2KCould not read query file: ../sql/target/medications.sql
[1A[2KError persisting query: SyntaxError: Unexpected non-whitespace 
character after JSON at position 69227 (line 1188 column 2)

    at JSON.parse (<anonymous>)
    at QueryStore.persistQuery [90m(C:\Largescale_Data-Demo\healthcare-data-va
lidation\[39msrc\queryStore.ts:51:35[90m)[39m

[1A[2K[46/52] [chromium] ΓÇ║ tests\e2e\baseline-comparison.test.ts:506:9 ΓÇ║ Enhanced Healthcare Data Validation Framework ΓÇ║ Schema Consistency: Source and target fields should align


    at QueryStore.captureQuery [90m(C:\Largescale_Data-Demo\healthcare-data-va
lidation\[39msrc\queryStore.ts:44:14[90m)[39m
    at Repository.fetchTargetData [90m(C:\Largescale_Data-Demo\healthcare-data
-validation\[39msrc\db\repository.ts:28:25[90m)[39m
    at loadTargetData [90m(C:\Largescale_Data-Demo\healthcare-data-validation\
[39mutils\dataLoader.ts:8:23[90m)[39m
    at Object.executor [90m(C:\Largescale_Data-Demo\healthcare-data-validation
\[39mtests\e2e\baseline-comparison.test.ts:517:60[90m)[39m
    at runValidationTest [90m(C:\Largescale_Data-Demo\healthcare-data-validati
on\[39mutils\testRunner.ts:19:9[90m)[39m
    at [90mC:\Largescale_Data-Demo\healthcare-data-validation\[39mtests\e2e\b
aseline-comparison.test.ts:507:9
    at [90mC:\Largescale_Data-Demo\healthcare-data-validation\[39mnode_module
s\[4mplaywright[24m\lib\worker\workerMain.js:326:9
[1A[2K[QueryStore] Captured repository query for patients_source

[1A[2K[Repository] Generated 10 mock records for patients



[1A[2K[QueryStore] Captured repository query for patients_target



[1A[2K[QueryStore] Captured repository query for providers_source
    at [90mC:\Largescale_Data-Demo\healthcare-data-validation\[39mnode_module
s\[4mplaywright[24m\lib\worker\testInfo.js:320:11
    at TimeoutManager.withRunnable [90m(C:\Largescale_Data-Demo\healthcare-dat
a-validation\[39mnode_modules\[4mplaywright[24m\lib\worker\timeoutManager.js
:75:14[90m)[39m

[1A[2K[Repository] Generated 5 mock records for providers


    at TestInfoImpl._runWithTimeout [90m(C:\Largescale_Data-Demo\healthcare-da
ta-validation\[39mnode_modules\[4mplaywright[24m\lib\worker\testInfo.js:318:
7[90m)[39m

    at [90mC:\Largescale_Data-Demo\healthcare-data-validation\[39mnode_module
s\[4mplaywright[24m\lib\worker\workerMain.js:324:7
[1A[2K[QueryStore] Captured repository query for providers_target
    at WorkerMain._runTest [90m(C:\Largescale_Data-Demo\healthcare-data-valida
tion\[39mnode_modules\[4mplaywright[24m\lib\worker\workerMain.js:297:5[90m)
[39m

    at WorkerMain.runTestGroup [90m(C:\Largescale_Data-Demo\healthcare-data-va
lidation\[39mnode_modules\[4mplaywright[24m\lib\worker\workerMain.js:203:9[
90m)[39m
    at process.<anonymous> [90m(C:\Largescale_Data-Demo\healthcare-data-valida
tion\[39mnode_modules\[4mplaywright[24m\lib\common\process.js:73:22[90m)[3
9m


[1A[2K[QueryStore] Captured repository query for visits_source

[1A[2K[Repository] Generated 20 mock records for visits
[1A[2KCould not read query file: ../sql/source/billing.sql
[1A[2KError persisting query: SyntaxError: Unexpected non-whitespace 
character after JSON at position 69227 (line 1188 column 2)
    at JSON.parse (<anonymous>)
    at QueryStore.persistQuery [90m(C:\Largescale_Data-Demo\healthcare-data-va
lidation\[39msrc\queryStore.ts:51:35[90m)[39m
    at QueryStore.captureQuery [90m(C:\Largescale_Data-Demo\healthcare-data-va
lidation\[39msrc\queryStore.ts:44:14[90m)[39m


    at Repository.fetchSourceData [90m(C:\Largescale_Data-Demo\healthcare-data
-validation\[39msrc\db\repository.ts:22:25[90m)[39m
    at loadSourceData [90m(C:\Largescale_Data-Demo\healthcare-data-validation\
[39mutils\dataLoader.ts:4:23[90m)[39m
    at Object.executor [90m(C:\Largescale_Data-Demo\healthcare-data-validation
\[39mtests\e2e\baseline-comparison.test.ts:516:60[90m)[39m
    at runValidationTest [90m(C:\Largescale_Data-Demo\healthcare-data-validati
on\[39mutils\testRunner.ts:19:9[90m)[39m
    at [90mC:\Largescale_Data-Demo\healthcare-data-validation\[39mtests\e2e\b
aseline-comparison.test.ts:507:9
    at [90mC:\Largescale_Data-Demo\healthcare-data-validation\[39mnode_module
s\[4mplaywright[24m\lib\worker\workerMain.js:326:9

    at [90mC:\Largescale_Data-Demo\healthcare-data-validation\[39mnode_module
s\[4mplaywright[24m\lib\worker\testInfo.js:320:11
[1A[2K[QueryStore] Captured repository query for visits_target
    at TimeoutManager.withRunnable [90m(C:\Largescale_Data-Demo\healthcare-dat
a-validation\[39mnode_modules\[4mplaywright[24m\lib\worker\timeoutManager.js
:75:14[90m)[39m



[1A[2K[QueryStore] Captured repository query for medications_source

[1A[2K[Repository] Generated 15 mock records for medications
    at TestInfoImpl._runWithTimeout [90m(C:\Largescale_Data-Demo\healthcare-da
ta-validation\[39mnode_modules\[4mplaywright[24m\lib\worker\testInfo.js:318:
7[90m)[39m

    at [90mC:\Largescale_Data-Demo\healthcare-data-validation\[39mnode_module
s\[4mplaywright[24m\lib\worker\workerMain.js:324:7
    at WorkerMain._runTest [90m(C:\Largescale_Data-Demo\healthcare-data-valida
tion\[39mnode_modules\[4mplaywright[24m\lib\worker\workerMain.js:297:5[90m)
[39m
    at WorkerMain.runTestGroup [90m(C:\Largescale_Data-Demo\healthcare-data-va
lidation\[39mnode_modules\[4mplaywright[24m\lib\worker\workerMain.js:203:9[
90m)[39m
    at process.<anonymous> [90m(C:\Largescale_Data-Demo\healthcare-data-valida
tion\[39mnode_modules\[4mplaywright[24m\lib\common\process.js:73:22[90m)[3
9m
[1A[2KCould not read query file: ../sql/target/billing.sql


[1A[2K[QueryStore] Captured repository query for medications_target



[1A[2K[QueryStore] Captured repository query for billing_source

[1A[2K[Repository] Generated 20 mock records for billing
[1A[2KError persisting query: SyntaxError: Unexpected non-whitespace 
character after JSON at position 69227 (line 1188 column 2)
    at JSON.parse (<anonymous>)
    at QueryStore.persistQuery [90m(C:\Largescale_Data-Demo\healthcare-data-va
lidation\[39msrc\queryStore.ts:51:35[90m)[39m
    at QueryStore.captureQuery [90m(C:\Largescale_Data-Demo\healthcare-data-va
lidation\[39msrc\queryStore.ts:44:14[90m)[39m


    at Repository.fetchTargetData [90m(C:\Largescale_Data-Demo\healthcare-data
-validation\[39msrc\db\repository.ts:28:25[90m)[39m

    at loadTargetData [90m(C:\Largescale_Data-Demo\healthcare-data-validation\
[39mutils\dataLoader.ts:8:23[90m)[39m
    at Object.executor [90m(C:\Largescale_Data-Demo\healthcare-data-validation
\[39mtests\e2e\baseline-comparison.test.ts:517:60[90m)[39m
[1A[2K[QueryStore] Captured repository query for billing_target
    at runValidationTest [90m(C:\Largescale_Data-Demo\healthcare-data-validati
on\[39mutils\testRunner.ts:19:9[90m)[39m
    at [90mC:\Largescale_Data-Demo\healthcare-data-validation\[39mtests\e2e\b
aseline-comparison.test.ts:507:9




[1A[2K[DatabaseConnection] Demo mode: Skipping database disconnection

[1A[2K  19) [chromium] ΓÇ║ tests\e2e\baseline-comparison.test.ts:506:9 ΓÇ║ Enhanced Healthcare Data Validation Framework ΓÇ║ Schema Consistency: Source and target fields should align 
    at [90mC:\Largescale_Data-Demo\healthcare-data-validation\[39mnode_module
s\[4mplaywright[24m\lib\worker\workerMain.js:326:9
    at [90mC:\Largescale_Data-Demo\healthcare-data-validation\[39mnode_module
s\[4mplaywright[24m\lib\worker\testInfo.js:320:11
    at TimeoutManager.withRunnable [90m(C:\Largescale_Data-Demo\healthcare-dat
a-validation\[39mnode_modules\[4mplaywright[24m\lib\worker\timeoutManager.js
:75:14[90m)[39m
    at TestInfoImpl._runWithTimeout [90m(C:\Largescale_Data-Demo\healthcare-da
ta-validation\[39mnode_modules\[4mplaywright[24m\lib\worker\testInfo.js:318:
7[90m)[39m

    Error: [2mexpect([22m[31mreceived[39m[2m).[22mtoBe[2m([22m[32mexpected[39m[2m) // Object.is equality[22m
    at [90mC:\Largescale_Data-Demo\healthcare-data-validation\[39mnode_module
s\[4mplaywright[24m\lib\worker\workerMain.js:324:7
    at WorkerMain._runTest [90m(C:\Largescale_Data-Demo\healthcare-data-valida
tion\[39mnode_modules\[4mplaywright[24m\lib\worker\workerMain.js:297:5[90m)
[39m

    at WorkerMain.runTestGroup [90m(C:\Largescale_Data-Demo\healthcare-data-va
lidation\[39mnode_modules\[4mplaywright[24m\lib\worker\workerMain.js:203:9[
90m)[39m
    at process.<anonymous> [90m(C:\Largescale_Data-Demo\healthcare-data-valida
tion\[39mnode_modules\[4mplaywright[24m\lib\common\process.js:73:22[90m)[3
9m
[1A[2KSchema mismatches detected:
[1A[2K  patients: source=[dob, gender, name, patient_id], target=[dob, 
extra_target_column, gender, name, patient_id]
[1A[2K  billing: source=[amount, billing_id, date, visit_id], 
target=[amount, billing_id, visit_id]
    Expected: [32m0[39m
    Received: [31m2[39m

      537 |                 });
      538 |
    > 539 |                 expect(mismatches.length).toBe(0);
          |                                           ^
      540 |             }
      541 |         });
      542 |     });
        at Object.executor (C:\Largescale_Data-Demo\healthcare-data-validation\tests\e2e\baseline-comparison.test.ts:539:43)
        at runValidationTest (C:\Largescale_Data-Demo\healthcare-data-validation\utils\testRunner.ts:19:9)
        at C:\Largescale_Data-Demo\healthcare-data-validation\tests\e2e\baseline-comparison.test.ts:507:9

    Error Context: test-results\baseline-comparison-Enhanc-400ef--target-fields-should-align-chromium\error-context.md

    Error Context: test-results\baseline-comparison-Enhanc-400ef--target-fields-should-align-chromium\error-context.md


[1A[2K[DatabaseConnection] Initialized in DEMO MODE ONLY

[1A[2K[47/52] [chromium] ΓÇ║ tests\e2e\schema-validation.test.ts:575:9 ΓÇ║ Great Expectations Schema Validation ΓÇ║ Medications Table Schema ΓÇ║ should verify type consistency across source and target
[1A[2K[chromium] ΓÇ║ tests\e2e\schema-validation.test.ts:575:9 ΓÇ║ Great Expectations Schema Validation ΓÇ║ Medications Table Schema ΓÇ║ should verify type consistency across source and target
[Schema Validation Tests] Initializing

[1A[2K[DatabaseConnection] Demo mode: Skipping database connection

[1A[2KCould not read query file: ../sql/source/medications.sql

[1A[2KError persisting query: SyntaxError: Unexpected non-whitespace 
character after JSON at position 69227 (line 1188 column 2)
    at JSON.parse (<anonymous>)
    at QueryStore.persistQuery [90m(C:\Largescale_Data-Demo\healthcare-data-va
lidation\[39msrc\queryStore.ts:51:35[90m)[39m
    at QueryStore.captureQuery [90m(C:\Largescale_Data-Demo\healthcare-data-va
lidation\[39msrc\queryStore.ts:44:14[90m)[39m
    at Repository.fetchSourceData [90m(C:\Largescale_Data-Demo\healthcare-data
-validation\[39msrc\db\repository.ts:22:25[90m)[39m
    at [90mC:\Largescale_Data-Demo\healthcare-data-validation\[39mtests\e2e\s
chema-validation.test.ts:581:52
    at [90mC:\Largescale_Data-Demo\healthcare-data-validation\[39mnode_module
s\[4mplaywright[24m\lib\worker\workerMain.js:326:15
    at [90mC:\Largescale_Data-Demo\healthcare-data-validation\[39mnode_module
s\[4mplaywright[24m\lib\worker\testInfo.js:320:17

    at TimeoutManager.withRunnable [90m(C:\Largescale_Data-Demo\healthcare-dat
a-validation\[39mnode_modules\[4mplaywright[24m\lib\worker\timeoutManager.js
:76:9[90m)[39m
    at TestInfoImpl._runWithTimeout [90m(C:\Largescale_Data-Demo\healthcare-da
ta-validation\[39mnode_modules\[4mplaywright[24m\lib\worker\testInfo.js:318:
34[90m)[39m
    at [90mC:\Largescale_Data-Demo\healthcare-data-validation\[39mnode_module
s\[4mplaywright[24m\lib\worker\workerMain.js:324:22
    at WorkerMain._runTest [90m(C:\Largescale_Data-Demo\healthcare-data-valida
tion\[39mnode_modules\[4mplaywright[24m\lib\worker\workerMain.js:297:5[90m)
[39m
    at WorkerMain.runTestGroup [90m(C:\Largescale_Data-Demo\healthcare-data-va
lidation\[39mnode_modules\[4mplaywright[24m\lib\worker\workerMain.js:203:9[
90m)[39m
    at process.<anonymous> [90m(C:\Largescale_Data-Demo\healthcare-data-valida
tion\[39mnode_modules\[4mplaywright[24m\lib\common\process.js:73:22[90m)[3
9m
[1A[2K[QueryStore] Captured repository query for medications_source

[1A[2K[Repository] Generated 15 mock records for medications
[1A[2KCould not read query file: ../sql/target/medications.sql
[1A[2KError persisting query: SyntaxError: Unexpected non-whitespace 
character after JSON at position 69227 (line 1188 column 2)
    at JSON.parse (<anonymous>)



[1A[2K[QueryStore] Captured repository query for medications_target

    at QueryStore.persistQuery [90m(C:\Largescale_Data-Demo\healthcare-data-va
lidation\[39msrc\queryStore.ts:51:35[90m)[39m
    at QueryStore.captureQuery [90m(C:\Largescale_Data-Demo\healthcare-data-va
lidation\[39msrc\queryStore.ts:44:14[90m)[39m
    at Repository.fetchTargetData [90m(C:\Largescale_Data-Demo\healthcare-data
-validation\[39msrc\db\repository.ts:28:25[90m)[39m
    at [90mC:\Largescale_Data-Demo\healthcare-data-validation\[39mtests\e2e\s
chema-validation.test.ts:582:52
    at [90mC:\Largescale_Data-Demo\healthcare-data-validation\[39mnode_module
s\[4mplaywright[24m\lib\worker\workerMain.js:326:9
    at [90mC:\Largescale_Data-Demo\healthcare-data-validation\[39mnode_module
s\[4mplaywright[24m\lib\worker\testInfo.js:320:11
    at TimeoutManager.withRunnable [90m(C:\Largescale_Data-Demo\healthcare-dat
a-validation\[39mnode_modules\[4mplaywright[24m\lib\worker\timeoutManager.js
:75:14[90m)[39m
    at TestInfoImpl._runWithTimeout [90m(C:\Largescale_Data-Demo\healthcare-da
ta-validation\[39mnode_modules\[4mplaywright[24m\lib\worker\testInfo.js:318:
7[90m)[39m
    at [90mC:\Largescale_Data-Demo\healthcare-data-validation\[39mnode_module
s\[4mplaywright[24m\lib\worker\workerMain.js:324:7
    at WorkerMain._runTest [90m(C:\Largescale_Data-Demo\healthcare-data-valida
tion\[39mnode_modules\[4mplaywright[24m\lib\worker\workerMain.js:297:5[90m)
[39m
    at WorkerMain.runTestGroup [90m(C:\Largescale_Data-Demo\healthcare-data-va
lidation\[39mnode_modules\[4mplaywright[24m\lib\worker\workerMain.js:203:9[
90m)[39m
    at process.<anonymous> [90m(C:\Largescale_Data-Demo\healthcare-data-valida
tion\[39mnode_modules\[4mplaywright[24m\lib\common\process.js:73:22[90m)[3
9m
[1A[2KPython was not found; run without arguments to install from the 
Microsoft Store, or disable this shortcut from Settings > Apps > Advanced app 
settings > App execution aliases.


[1A[2KGE Schema Validator Error: Python was not found; run without arguments 
to install from the Microsoft Store, or disable this shortcut from Settings > 
Apps > Advanced app settings > App execution aliases.


[1A[2KSchema comparison incomplete for medications: {
  error: [33mtrue[39m,
  message: [32m'Python was not found; run without arguments to install from 
the Microsoft Store, or disable this shortcut from Settings > Apps > Advanced 
app settings > App execution aliases.\r\n'[39m,
  table: [32m'medications'[39m,
  valid: [33mfalse[39m,
  errors: [
    [32m'Python was not found; run without arguments to install from the 
Microsoft Store, or disable this shortcut from Settings > Apps > Advanced app 
settings > App execution aliases.\r\n'[39m
  ],
  warnings: [],
  summary: {
    column_count_match: [33mfalse[39m,
    all_mandatory_present: [33mfalse[39m,
    type_mismatches: [33m0[39m,
    extra_columns: [],
    missing_columns: []
  }
}
[1A[2K[48/52] [chromium] ΓÇ║ tests\e2e\schema-validation.test.ts:645:9 ΓÇ║ Great Expectations Schema Validation ΓÇ║ Medications Table Schema ΓÇ║ should detect removed columns (if any)
[1A[2K[chromium] ΓÇ║ tests\e2e\schema-validation.test.ts:645:9 ΓÇ║ Great 
Expectations Schema Validation ΓÇ║ Medications Table Schema ΓÇ║ should detect 
removed columns (if any)

Could not read query file: ../sql/source/medications.sql
[1A[2KError persisting query: SyntaxError: Unexpected non-whitespace 
character after JSON at position 69227 (line 1188 column 2)
    at JSON.parse (<anonymous>)
    at QueryStore.persistQuery [90m(C:\Largescale_Data-Demo\healthcare-data-va
lidation\[39msrc\queryStore.ts:51:35[90m)[39m
    at QueryStore.captureQuery [90m(C:\Largescale_Data-Demo\healthcare-data-va
lidation\[39msrc\queryStore.ts:44:14[90m)[39m
    at Repository.fetchSourceData [90m(C:\Largescale_Data-Demo\healthcare-data
-validation\[39msrc\db\repository.ts:22:25[90m)[39m
    at [90mC:\Largescale_Data-Demo\healthcare-data-validation\[39mtests\e2e\s
chema-validation.test.ts:651:52
    at [90mC:\Largescale_Data-Demo\healthcare-data-validation\[39mnode_module
s\[4mplaywright[24m\lib\worker\workerMain.js:326:15
    at [90mC:\Largescale_Data-Demo\healthcare-data-validation\[39mnode_module
s\[4mplaywright[24m\lib\worker\testInfo.js:320:17
    at TimeoutManager.withRunnable [90m(C:\Largescale_Data-Demo\healthcare-dat
a-validation\[39mnode_modules\[4mplaywright[24m\lib\worker\timeoutManager.js
:76:9[90m)[39m
    at TestInfoImpl._runWithTimeout [90m(C:\Largescale_Data-Demo\healthcare-da
ta-validation\[39mnode_modules\[4mplaywright[24m\lib\worker\testInfo.js:318:
34[90m)[39m
    at [90mC:\Largescale_Data-Demo\healthcare-data-validation\[39mnode_module
s\[4mplaywright[24m\lib\worker\workerMain.js:324:22
    at WorkerMain._runTest [90m(C:\Largescale_Data-Demo\healthcare-data-valida
tion\[39mnode_modules\[4mplaywright[24m\lib\worker\workerMain.js:297:5[90m)
[39m
    at WorkerMain.runTestGroup [90m(C:\Largescale_Data-Demo\healthcare-data-va
lidation\[39mnode_modules\[4mplaywright[24m\lib\worker\workerMain.js:203:9[
90m)[39m
    at process.<anonymous> [90m(C:\Largescale_Data-Demo\healthcare-data-valida
tion\[39mnode_modules\[4mplaywright[24m\lib\common\process.js:73:22[90m)[3
9m

[1A[2K[QueryStore] Captured repository query for medications_source

[1A[2K[Repository] Generated 15 mock records for medications

[1A[2KCould not read query file: ../sql/target/medications.sql


[1A[2KError persisting query: SyntaxError: Unexpected non-whitespace 
character after JSON at position 69227 (line 1188 column 2)
[1A[2K[QueryStore] Captured repository query for medications_target
    at JSON.parse (<anonymous>)

    at QueryStore.persistQuery [90m(C:\Largescale_Data-Demo\healthcare-data-va
lidation\[39msrc\queryStore.ts:51:35[90m)[39m
    at QueryStore.captureQuery [90m(C:\Largescale_Data-Demo\healthcare-data-va
lidation\[39msrc\queryStore.ts:44:14[90m)[39m
    at Repository.fetchTargetData [90m(C:\Largescale_Data-Demo\healthcare-data
-validation\[39msrc\db\repository.ts:28:25[90m)[39m
    at [90mC:\Largescale_Data-Demo\healthcare-data-validation\[39mtests\e2e\s
chema-validation.test.ts:652:52
    at [90mC:\Largescale_Data-Demo\healthcare-data-validation\[39mnode_module
s\[4mplaywright[24m\lib\worker\workerMain.js:326:9
    at [90mC:\Largescale_Data-Demo\healthcare-data-validation\[39mnode_module
s\[4mplaywright[24m\lib\worker\testInfo.js:320:11
    at TimeoutManager.withRunnable [90m(C:\Largescale_Data-Demo\healthcare-dat
a-validation\[39mnode_modules\[4mplaywright[24m\lib\worker\timeoutManager.js
:75:14[90m)[39m
    at TestInfoImpl._runWithTimeout [90m(C:\Largescale_Data-Demo\healthcare-da
ta-validation\[39mnode_modules\[4mplaywright[24m\lib\worker\testInfo.js:318:
7[90m)[39m
    at [90mC:\Largescale_Data-Demo\healthcare-data-validation\[39mnode_module
s\[4mplaywright[24m\lib\worker\workerMain.js:324:7
    at WorkerMain._runTest [90m(C:\Largescale_Data-Demo\healthcare-data-valida
tion\[39mnode_modules\[4mplaywright[24m\lib\worker\workerMain.js:297:5[90m)
[39m
    at WorkerMain.runTestGroup [90m(C:\Largescale_Data-Demo\healthcare-data-va
lidation\[39mnode_modules\[4mplaywright[24m\lib\worker\workerMain.js:203:9[
90m)[39m
    at process.<anonymous> [90m(C:\Largescale_Data-Demo\healthcare-data-valida
tion\[39mnode_modules\[4mplaywright[24m\lib\common\process.js:73:22[90m)[3
9m
[1A[2KPython was not found; run without arguments to install from the 
Microsoft Store, or disable this shortcut from Settings > Apps > Advanced app 
settings > App execution aliases.

[1A[2KGE Schema Validator Error: Python was not found; run without arguments 
to install from the Microsoft Store, or disable this shortcut from Settings > 
Apps > Advanced app settings > App execution aliases.


[1A[2KSchema comparison incomplete for medications: {
  error: [33mtrue[39m,
  message: [32m'Python was not found; run without arguments to install from 
the Microsoft Store, or disable this shortcut from Settings > Apps > Advanced 
app settings > App execution aliases.\r\n'[39m,
  table: [32m'medications'[39m,
  valid: [33mfalse[39m,
  errors: [

    [32m'Python was not found; run without arguments to install from the 
Microsoft Store, or disable this shortcut from Settings > Apps > Advanced app 
settings > App execution aliases.\r\n'[39m
  ],
  warnings: [],
  summary: {
    column_count_match: [33mfalse[39m,
    all_mandatory_present: [33mfalse[39m,
    type_mismatches: [33m0[39m,
    extra_columns: [],
    missing_columns: []
  }
}
[1A[2KRemoved columns detection: []

[1A[2K[49/52] [chromium] ΓÇ║ tests\e2e\schema-validation.test.ts:713:9 ΓÇ║ Great Expectations Schema Validation ΓÇ║ Schema Validation Error Handling ΓÇ║ should handle empty data gracefully
[1A[2K[50/52] [chromium] ΓÇ║ tests\e2e\schema-validation.test.ts:760:9 ΓÇ║ Great Expectations Schema Validation ΓÇ║ Schema Validation Error Handling ΓÇ║ should reject unsupported table names
[1A[2K[51/52] [chromium] ΓÇ║ tests\e2e\schema-validation.test.ts:789:9 ΓÇ║ Great Expectations Schema Validation ΓÇ║ Schema Validation Error Handling ΓÇ║ should handle invalid data types in comparison
[1A[2K[52/52] [chromium] ΓÇ║ tests\e2e\schema-validation.test.ts:820:9 ΓÇ║ Great Expectations Schema Validation ΓÇ║ Schema Validation Summary ΓÇ║ should provide comprehensive schema summary for all supported tables
[1A[2K[chromium] ΓÇ║ tests\e2e\schema-validation.test.ts:820:9 ΓÇ║ Great 
Expectations Schema Validation ΓÇ║ Schema Validation Summary ΓÇ║ should 
provide comprehensive schema summary for all supported tables

Could not read query file: ../sql/source/patients.sql

[1A[2KError persisting query: SyntaxError: Unexpected non-whitespace 
character after JSON at position 69227 (line 1188 column 2)
    at JSON.parse (<anonymous>)
    at QueryStore.persistQuery [90m(C:\Largescale_Data-Demo\healthcare-data-va
lidation\[39msrc\queryStore.ts:51:35[90m)[39m
    at QueryStore.captureQuery [90m(C:\Largescale_Data-Demo\healthcare-data-va
lidation\[39msrc\queryStore.ts:44:14[90m)[39m
    at Repository.fetchSourceData [90m(C:\Largescale_Data-Demo\healthcare-data
-validation\[39msrc\db\repository.ts:22:25[90m)[39m
    at [90mC:\Largescale_Data-Demo\healthcare-data-validation\[39mtests\e2e\s
chema-validation.test.ts:830:49
    at [90mC:\Largescale_Data-Demo\healthcare-data-validation\[39mnode_module
s\[4mplaywright[24m\lib\worker\workerMain.js:326:15
    at [90mC:\Largescale_Data-Demo\healthcare-data-validation\[39mnode_module
s\[4mplaywright[24m\lib\worker\testInfo.js:320:17
    at TimeoutManager.withRunnable [90m(C:\Largescale_Data-Demo\healthcare-dat
a-validation\[39mnode_modules\[4mplaywright[24m\lib\worker\timeoutManager.js
:76:9[90m)[39m
    at TestInfoImpl._runWithTimeout [90m(C:\Largescale_Data-Demo\healthcare-da
ta-validation\[39mnode_modules\[4mplaywright[24m\lib\worker\testInfo.js:318:
34[90m)[39m
    at [90mC:\Largescale_Data-Demo\healthcare-data-validation\[39mnode_module
s\[4mplaywright[24m\lib\worker\workerMain.js:324:22
    at WorkerMain._runTest [90m(C:\Largescale_Data-Demo\healthcare-data-valida
tion\[39mnode_modules\[4mplaywright[24m\lib\worker\workerMain.js:297:5[90m)
[39m
    at WorkerMain.runTestGroup [90m(C:\Largescale_Data-Demo\healthcare-data-va
lidation\[39mnode_modules\[4mplaywright[24m\lib\worker\workerMain.js:203:9[
90m)[39m
    at process.<anonymous> [90m(C:\Largescale_Data-Demo\healthcare-data-valida
tion\[39mnode_modules\[4mplaywright[24m\lib\common\process.js:73:22[90m)[3
9m
[1A[2K[QueryStore] Captured repository query for patients_source

[1A[2K[Repository] Generated 10 mock records for patients

[1A[2KCould not read query file: ../sql/target/patients.sql


[1A[2KError persisting query: SyntaxError: Unexpected non-whitespace 
character after JSON at position 69227 (line 1188 column 2)
    at JSON.parse (<anonymous>)
    at QueryStore.persistQuery [90m(C:\Largescale_Data-Demo\healthcare-data-va
lidation\[39msrc\queryStore.ts:51:35[90m)[39m
    at QueryStore.captureQuery [90m(C:\Largescale_Data-Demo\healthcare-data-va
lidation\[39msrc\queryStore.ts:44:14[90m)[39m
    at Repository.fetchTargetData [90m(C:\Largescale_Data-Demo\healthcare-data
-validation\[39msrc\db\repository.ts:28:25[90m)[39m
    at [90mC:\Largescale_Data-Demo\healthcare-data-validation\[39mtests\e2e\s
chema-validation.test.ts:831:49
    at [90mC:\Largescale_Data-Demo\healthcare-data-validation\[39mnode_module
s\[4mplaywright[24m\lib\worker\workerMain.js:326:9
    at [90mC:\Largescale_Data-Demo\healthcare-data-validation\[39mnode_module
s\[4mplaywright[24m\lib\worker\testInfo.js:320:11
[1A[2K[QueryStore] Captured repository query for patients_target
    at TimeoutManager.withRunnable [90m(C:\Largescale_Data-Demo\healthcare-dat
a-validation\[39mnode_modules\[4mplaywright[24m\lib\worker\timeoutManager.js
:75:14[90m)[39m
    at TestInfoImpl._runWithTimeout [90m(C:\Largescale_Data-Demo\healthcare-da
ta-validation\[39mnode_modules\[4mplaywright[24m\lib\worker\testInfo.js:318:
7[90m)[39m

    at [90mC:\Largescale_Data-Demo\healthcare-data-validation\[39mnode_module
s\[4mplaywright[24m\lib\worker\workerMain.js:324:7
    at WorkerMain._runTest [90m(C:\Largescale_Data-Demo\healthcare-data-valida
tion\[39mnode_modules\[4mplaywright[24m\lib\worker\workerMain.js:297:5[90m)
[39m
    at WorkerMain.runTestGroup [90m(C:\Largescale_Data-Demo\healthcare-data-va
lidation\[39mnode_modules\[4mplaywright[24m\lib\worker\workerMain.js:203:9[
90m)[39m
    at process.<anonymous> [90m(C:\Largescale_Data-Demo\healthcare-data-valida
tion\[39mnode_modules\[4mplaywright[24m\lib\common\process.js:73:22[90m)[3
9m
[1A[2KPython was not found; run without arguments to install from the 
Microsoft Store, or disable this shortcut from Settings > Apps > Advanced app 
settings > App execution aliases.


[1A[2KGE Schema Validator Error: Python was not found; run without arguments 
to install from the Microsoft Store, or disable this shortcut from Settings > 
Apps > Advanced app settings > App execution aliases.

[1A[2KSchema comparison incomplete for patients: {
  error: [33mtrue[39m,
  message: [32m'Python was not found; run without arguments to install from 
the Microsoft Store, or disable this shortcut from Settings > Apps > Advanced 
app settings > App execution aliases.\r\n'[39m,
  table: [32m'patients'[39m,
  valid: [33mfalse[39m,
  errors: [
    [32m'Python was not found; run without arguments to install from the 
Microsoft Store, or disable this shortcut from Settings > Apps > Advanced app 
settings > App execution aliases.\r\n'[39m
  ],
  warnings: [],
  summary: {
    column_count_match: [33mfalse[39m,
    all_mandatory_present: [33mfalse[39m,
    type_mismatches: [33m0[39m,
    extra_columns: [],
    missing_columns: []
  }
}

[1A[2KCould not read query file: ../sql/source/medications.sql

[1A[2KError persisting query: SyntaxError: Unexpected non-whitespace 
character after JSON at position 69227 (line 1188 column 2)
    at JSON.parse (<anonymous>)
    at QueryStore.persistQuery [90m(C:\Largescale_Data-Demo\healthcare-data-va
lidation\[39msrc\queryStore.ts:51:35[90m)[39m
    at QueryStore.captureQuery [90m(C:\Largescale_Data-Demo\healthcare-data-va
lidation\[39msrc\queryStore.ts:44:14[90m)[39m
    at Repository.fetchSourceData [90m(C:\Largescale_Data-Demo\healthcare-data
-validation\[39msrc\db\repository.ts:22:25[90m)[39m
    at [90mC:\Largescale_Data-Demo\healthcare-data-validation\[39mtests\e2e\s
chema-validation.test.ts:830:49
    at [90mC:\Largescale_Data-Demo\healthcare-data-validation\[39mnode_module
s\[4mplaywright[24m\lib\worker\workerMain.js:326:9
    at [90mC:\Largescale_Data-Demo\healthcare-data-validation\[39mnode_module
s\[4mplaywright[24m\lib\worker\testInfo.js:320:11
    at TimeoutManager.withRunnable [90m(C:\Largescale_Data-Demo\healthcare-dat
a-validation\[39mnode_modules\[4mplaywright[24m\lib\worker\timeoutManager.js
:75:14[90m)[39m
    at TestInfoImpl._runWithTimeout [90m(C:\Largescale_Data-Demo\healthcare-da
ta-validation\[39mnode_modules\[4mplaywright[24m\lib\worker\testInfo.js:318:
7[90m)[39m
    at [90mC:\Largescale_Data-Demo\healthcare-data-validation\[39mnode_module
s\[4mplaywright[24m\lib\worker\workerMain.js:324:7
    at WorkerMain._runTest [90m(C:\Largescale_Data-Demo\healthcare-data-valida
tion\[39mnode_modules\[4mplaywright[24m\lib\worker\workerMain.js:297:5[90m)
[39m
    at WorkerMain.runTestGroup [90m(C:\Largescale_Data-Demo\healthcare-data-va
lidation\[39mnode_modules\[4mplaywright[24m\lib\worker\workerMain.js:203:9[
90m)[39m
    at process.<anonymous> [90m(C:\Largescale_Data-Demo\healthcare-data-valida
tion\[39mnode_modules\[4mplaywright[24m\lib\common\process.js:73:22[90m)[3
9m

[1A[2K[QueryStore] Captured repository query for medications_source

[1A[2K[Repository] Generated 15 mock records for medications

[1A[2KCould not read query file: ../sql/target/medications.sql


[1A[2KError persisting query: SyntaxError: Unexpected non-whitespace 
character after JSON at position 69227 (line 1188 column 2)
    at JSON.parse (<anonymous>)
    at QueryStore.persistQuery [90m(C:\Largescale_Data-Demo\healthcare-data-va
lidation\[39msrc\queryStore.ts:51:35[90m)[39m
    at QueryStore.captureQuery [90m(C:\Largescale_Data-Demo\healthcare-data-va
lidation\[39msrc\queryStore.ts:44:14[90m)[39m
    at Repository.fetchTargetData [90m(C:\Largescale_Data-Demo\healthcare-data
-validation\[39msrc\db\repository.ts:28:25[90m)[39m
    at [90mC:\Largescale_Data-Demo\healthcare-data-validation\[39mtests\e2e\s
chema-validation.test.ts:831:49
    at [90mC:\Largescale_Data-Demo\healthcare-data-validation\[39mnode_module
s\[4mplaywright[24m\lib\worker\workerMain.js:326:9
[1A[2K[QueryStore] Captured repository query for medications_target
    at [90mC:\Largescale_Data-Demo\healthcare-data-validation\[39mnode_module
s\[4mplaywright[24m\lib\worker\testInfo.js:320:11
    at TimeoutManager.withRunnable [90m(C:\Largescale_Data-Demo\healthcare-dat
a-validation\[39mnode_modules\[4mplaywright[24m\lib\worker\timeoutManager.js
:75:14[90m)[39m

    at TestInfoImpl._runWithTimeout [90m(C:\Largescale_Data-Demo\healthcare-da
ta-validation\[39mnode_modules\[4mplaywright[24m\lib\worker\testInfo.js:318:
7[90m)[39m
    at [90mC:\Largescale_Data-Demo\healthcare-data-validation\[39mnode_module
s\[4mplaywright[24m\lib\worker\workerMain.js:324:7
    at WorkerMain._runTest [90m(C:\Largescale_Data-Demo\healthcare-data-valida
tion\[39mnode_modules\[4mplaywright[24m\lib\worker\workerMain.js:297:5[90m)
[39m
    at WorkerMain.runTestGroup [90m(C:\Largescale_Data-Demo\healthcare-data-va
lidation\[39mnode_modules\[4mplaywright[24m\lib\worker\workerMain.js:203:9[
90m)[39m
    at process.<anonymous> [90m(C:\Largescale_Data-Demo\healthcare-data-valida
tion\[39mnode_modules\[4mplaywright[24m\lib\common\process.js:73:22[90m)[3
9m
[1A[2KPython was not found; run without arguments to install from the 
Microsoft Store, or disable this shortcut from Settings > Apps > Advanced app 
settings > App execution aliases.

[1A[2KGE Schema Validator Error: Python was not found; run without arguments 
to install from the Microsoft Store, or disable this shortcut from Settings > 
Apps > Advanced app settings > App execution aliases.


[1A[2KSchema comparison incomplete for medications: {
  error: [33mtrue[39m,
  message: [32m'Python was not found; run without arguments to install from 
the Microsoft Store, or disable this shortcut from Settings > Apps > Advanced 
app settings > App execution aliases.\r\n'[39m,
  table: [32m'medications'[39m,
  valid: [33mfalse[39m,
  errors: [

    [32m'Python was not found; run without arguments to install from the 
Microsoft Store, or disable this shortcut from Settings > Apps > Advanced app 
settings > App execution aliases.\r\n'[39m
  ],
  warnings: [],
  summary: {
    column_count_match: [33mfalse[39m,
    all_mandatory_present: [33mfalse[39m,
    type_mismatches: [33m0[39m,
    extra_columns: [],
    missing_columns: []
  }
}
[1A[2KSchema Validation Summary:

[1A[2KΓöîΓöÇΓöÇΓöÇΓöÇΓöÇΓöÇΓöÇΓöÇΓöÇΓö¼ΓöÇΓöÇΓöÇΓöÇΓöÇΓöÇΓöÇΓöÇΓöÇΓöÇΓöÇΓöÇΓöÇΓöÇΓöÇΓö¼ΓöÇΓöÇΓöÇΓöÇΓöÇΓöÇΓöÇΓöÇΓöÇΓöÇΓöÇΓöÇΓöÇΓöÇΓöÇΓö¼ΓöÇΓöÇΓöÇΓöÇΓöÇΓöÇΓöÇΓöÇΓöÇΓöÇΓöÇΓöÇΓö¼ΓöÇΓöÇΓöÇΓöÇΓöÇΓöÇΓöÇΓöÇΓöÇΓöÇΓöÇΓöÇΓöÇΓöÇΓöÇΓöÇΓöÇΓöÇΓöÇΓöÇΓöÇΓöÇΓöÇΓöÇΓöÇΓöÇΓöÇΓöÇΓöÇΓöÇΓöÇΓöÇΓöÇΓöÇΓöÇΓöÇΓöÉ
Γöé (index) Γöé table         Γöé schemas_match Γöé both_valid Γöé differences                        Γöé
Γö£ΓöÇΓöÇΓöÇΓöÇΓöÇΓöÇΓöÇΓöÇΓöÇΓö╝ΓöÇΓöÇΓöÇΓöÇΓöÇΓöÇΓöÇΓöÇΓöÇΓöÇΓöÇΓöÇΓöÇΓöÇΓöÇΓö╝ΓöÇΓöÇΓöÇΓöÇΓöÇΓöÇΓöÇΓöÇΓöÇΓöÇΓöÇΓöÇΓöÇΓöÇΓöÇΓö╝ΓöÇΓöÇΓöÇΓöÇΓöÇΓöÇΓöÇΓöÇΓöÇΓöÇΓöÇΓöÇΓö╝ΓöÇΓöÇΓöÇΓöÇΓöÇΓöÇΓöÇΓöÇΓöÇΓöÇΓöÇΓöÇΓöÇΓöÇΓöÇΓöÇΓöÇΓöÇΓöÇΓöÇΓöÇΓöÇΓöÇΓöÇΓöÇΓöÇΓöÇΓöÇΓöÇΓöÇΓöÇΓöÇΓöÇΓöÇΓöÇΓöÇΓöñ
Γöé 0       Γöé [32m'patients'[39m    Γöé [33mfalse[39m         Γöé [33mfalse[39m      Γöé [ [32m'Schema comparison incomplete'[39m ] Γöé
Γöé 1       Γöé [32m'medications'[39m Γöé [33mfalse[39m         Γöé [33mfalse[39m      Γöé [ [32m'Schema comparison incomplete'[39m ] Γöé
ΓööΓöÇΓöÇΓöÇΓöÇΓöÇΓöÇΓöÇΓöÇΓöÇΓö┤ΓöÇΓöÇΓöÇΓöÇΓöÇΓöÇΓöÇΓöÇΓöÇΓöÇΓöÇΓöÇΓöÇΓöÇΓöÇΓö┤ΓöÇΓöÇΓöÇΓöÇΓöÇΓöÇΓöÇΓöÇΓöÇΓöÇΓöÇΓöÇΓöÇΓöÇΓöÇΓö┤ΓöÇΓöÇΓöÇΓöÇΓöÇΓöÇΓöÇΓöÇΓöÇΓöÇΓöÇΓöÇΓö┤ΓöÇΓöÇΓöÇΓöÇΓöÇΓöÇΓöÇΓöÇΓöÇΓöÇΓöÇΓöÇΓöÇΓöÇΓöÇΓöÇΓöÇΓöÇΓöÇΓöÇΓöÇΓöÇΓöÇΓöÇΓöÇΓöÇΓöÇΓöÇΓöÇΓöÇΓöÇΓöÇΓöÇΓöÇΓöÇΓöÇΓöÿ

[1A[2K[DatabaseConnection] Demo mode: Skipping database disconnection

[1A[2K
Γ£à Schema Validation Report generated: reports/schema-validation-report.html


ΓòÉΓòÉΓòÉΓòÉΓòÉΓòÉΓòÉΓòÉΓòÉΓòÉΓòÉΓòÉΓòÉΓòÉΓòÉΓòÉΓòÉΓòÉΓòÉΓòÉΓòÉΓòÉΓòÉΓòÉΓòÉΓòÉΓòÉΓòÉΓòÉΓòÉΓòÉΓòÉΓòÉΓòÉΓòÉΓòÉΓòÉΓòÉΓòÉΓòÉΓòÉΓòÉΓòÉΓòÉΓòÉΓòÉΓòÉΓòÉΓòÉΓòÉΓòÉΓòÉΓòÉΓòÉΓòÉΓòÉΓòÉΓòÉΓòÉΓòÉΓòÉΓòÉΓòÉΓòÉΓòÉΓòÉΓòÉΓòÉΓòÉΓòÉΓòÉΓòÉΓòÉΓòÉΓòÉΓòÉΓòÉΓòÉΓòÉΓòÉ
≡ƒôè GLOBAL TEARDOWN: GENERATING UNIFIED TEST REPORT
ΓòÉΓòÉΓòÉΓòÉΓòÉΓòÉΓòÉΓòÉΓòÉΓòÉΓòÉΓòÉΓòÉΓòÉΓòÉΓòÉΓòÉΓòÉΓòÉΓòÉΓòÉΓòÉΓòÉΓòÉΓòÉΓòÉΓòÉΓòÉΓòÉΓòÉΓòÉΓòÉΓòÉΓòÉΓòÉΓòÉΓòÉΓòÉΓòÉΓòÉΓòÉΓòÉΓòÉΓòÉΓòÉΓòÉΓòÉΓòÉΓòÉΓòÉΓòÉΓòÉΓòÉΓòÉΓòÉΓòÉΓòÉΓòÉΓòÉΓòÉΓòÉΓòÉΓòÉΓòÉΓòÉΓòÉΓòÉΓòÉΓòÉΓòÉΓòÉΓòÉΓòÉΓòÉΓòÉΓòÉΓòÉΓòÉΓòÉΓòÉ

≡ƒôê TEST SUMMARY
Γö£ΓöÇ Total Tests: 49
Γö£ΓöÇ Γ£à Passed: 32
Γö£ΓöÇ Γ¥î Failed: 17
ΓööΓöÇ ΓÅ▒∩╕Å  Total Duration: 3.78s

ΓÜá∩╕Å  FAILED TESTS DETAILS:
   1. Validate patients target table schema
      Error: [object Object]
   2. Transformation: Calculate overall success rate
      Error: [object Object]
   3. Validate Billing: Dependencies, Amount Validation & Schema
      Error: Error: expect(received).toBe(expected) // Object.is equality

Expected: true
Received: false
    at 
   4. Transformation: Field mapping validation - Patients
      Error: [object Object]
   5. Validate Patients Data - Mandatory Fields & Consistency
      Error: [object Object]
   6. Transformation: Field mapping validation - Visits
      Error: [object Object]
   7. Validate Visits Data - Mandatory Fields & Negative Patterns
ΓÜá∩╕Å Could not load query log for report generation: SyntaxError: Unexpected 
non-whitespace character after JSON at position 69227 (line 1188 column 2)
    at JSON.parse (<anonymous>)
    at globalTeardown (C:\Largescale_Data-Demo\healthcare-data-validation\src\g
lobal-teardown.ts:69:31)
    at Object.teardown [as setup] (C:\Largescale_Data-Demo\healthcare-data-vali
dation\node_modules\playwright\lib\runner\tasks.js:190:13)
      Error: [object Object]
   8. Validate medications source table schema
      Error: [object Object]
   9. Validate Patients: Schema, Mandatory Fields & Domain Rules
      Error: Error: expect(received).toBe(expected) // Object.is equality

Expected: true
    at taskLoop (C:\Largescale_Data-Demo\healthcare-data-validation\node_module
s\playwright\lib\runner\taskRunner.js:62:11)
    at TaskRunner.runDeferCleanup (C:\Largescale_Data-Demo\healthcare-data-vali
dation\node_modules\playwright\lib\runner\taskRunner.js:78:5)
Received: false
    at 
   10. Compare source and target medications schemas
      Error: [object Object]
   11. Compare source and target patients schemas
    at TaskRunner.run (C:\Largescale_Data-Demo\healthcare-data-validation\node_
modules\playwright\lib\runner\taskRunner.js:43:28)
    at runTasks (C:\Largescale_Data-Demo\healthcare-data-validation\node_module
s\playwright\lib\runner\tasks.js:80:18)
    at runAllTestsWithConfig (C:\Largescale_Data-Demo\healthcare-data-validatio
n\node_modules\playwright\lib\runner\testRunner.js:388:18)
    at runTests (C:\Largescale_Data-Demo\healthcare-data-validation\node_module
s\playwright\lib\testActions.js:96:18)
    at i.<anonymous> (C:\Largescale_Data-Demo\healthcare-data-validation\node_m
odules\playwright\lib\program.js:56:7)
      Error: [object Object]
   12. Validate Medications Data - Mandatory Fields & Negative Patterns
      Error: [object Object]
   13. Validate Patients Data - Negative Case
      Error: [object Object]
   14. Schema Consistency: Source and target fields should align
      Error: Error: expect(received).toBe(expected) // Object.is equality

Expected: 0
Received: 2
    at Object.
   15. Validate Billing Data - Mandatory Fields & Amount Validation
      Error: [object Object]
   16. Validate medications target table schema
      Error: [object Object]
   17. Validate patients source table schema
      Error: [object Object]

≡ƒôï TESTS BY SUITE:
   Γ¥î schema-validation: 8/14 passed
   Γ¥î transformation: 9/12 passed
   Γ¥î baseline-comparison: 10/13 passed
   Γ¥î automation: 5/10 passed

ΓòÉΓòÉΓòÉΓòÉΓòÉΓòÉΓòÉΓòÉΓòÉΓòÉΓòÉΓòÉΓòÉΓòÉΓòÉΓòÉΓòÉΓòÉΓòÉΓòÉΓòÉΓòÉΓòÉΓòÉΓòÉΓòÉΓòÉΓòÉΓòÉΓòÉΓòÉΓòÉΓòÉΓòÉΓòÉΓòÉΓòÉΓòÉΓòÉΓòÉΓòÉΓòÉΓòÉΓòÉΓòÉΓòÉΓòÉΓòÉΓòÉΓòÉΓòÉΓòÉΓòÉΓòÉΓòÉΓòÉΓòÉΓòÉΓòÉΓòÉΓòÉΓòÉΓòÉΓòÉΓòÉΓòÉΓòÉΓòÉΓòÉΓòÉΓòÉΓòÉΓòÉΓòÉΓòÉΓòÉΓòÉΓòÉΓòÉΓòÉ
Γ£à Unified HTML report generated: reports/report.html
ΓòÉΓòÉΓòÉΓòÉΓòÉΓòÉΓòÉΓòÉΓòÉΓòÉΓòÉΓòÉΓòÉΓòÉΓòÉΓòÉΓòÉΓòÉΓòÉΓòÉΓòÉΓòÉΓòÉΓòÉΓòÉΓòÉΓòÉΓòÉΓòÉΓòÉΓòÉΓòÉΓòÉΓòÉΓòÉΓòÉΓòÉΓòÉΓòÉΓòÉΓòÉΓòÉΓòÉΓòÉΓòÉΓòÉΓòÉΓòÉΓòÉΓòÉΓòÉΓòÉΓòÉΓòÉΓòÉΓòÉΓòÉΓòÉΓòÉΓòÉΓòÉΓòÉΓòÉΓòÉΓòÉΓòÉΓòÉΓòÉΓòÉΓòÉΓòÉΓòÉΓòÉΓòÉΓòÉΓòÉΓòÉΓòÉΓòÉΓòÉ

[1A[2K  19 failed
    [chromium] ΓÇ║ tests\e2e\automation.test.ts:39:5 ΓÇ║ Validate Patients Data - Mandatory Fields & Consistency 
    [chromium] ΓÇ║ tests\e2e\automation.test.ts:160:5 ΓÇ║ Validate Visits Data - Mandatory Fields & Negative Patterns 
    [chromium] ΓÇ║ tests\e2e\automation.test.ts:194:5 ΓÇ║ Validate Medications Data - Mandatory Fields & Negative Patterns 
    [chromium] ΓÇ║ tests\e2e\automation.test.ts:228:5 ΓÇ║ Validate Billing Data - Mandatory Fields & Amount Validation 
    [chromium] ΓÇ║ tests\e2e\automation.test.ts:262:5 ΓÇ║ Validate Patients Data - Negative Case ΓöÇΓöÇΓöÇΓöÇΓöÇΓöÇΓöÇ
    [chromium] ΓÇ║ tests\e2e\baseline-comparison.test.ts:40:9 ΓÇ║ Enhanced Healthcare Data Validation Framework ΓÇ║ Validate Patients: Schema, Mandatory Fields & Domain Rules 
    [chromium] ΓÇ║ tests\e2e\baseline-comparison.test.ts:189:9 ΓÇ║ Enhanced Healthcare Data Validation Framework ΓÇ║ Validate Billing: Dependencies, Amount Validation & Schema 
    [chromium] ΓÇ║ tests\e2e\baseline-comparison.test.ts:228:9 ΓÇ║ Enhanced Healthcare Data Validation Framework ΓÇ║ Partitioned Comparison: Validate Data by Date Ranges 
    [chromium] ΓÇ║ tests\e2e\baseline-comparison.test.ts:266:9 ΓÇ║ Enhanced Healthcare Data Validation Framework ΓÇ║ Automated Diff Detection: Missing & Extra Records 
    [chromium] ΓÇ║ tests\e2e\baseline-comparison.test.ts:506:9 ΓÇ║ Enhanced Healthcare Data Validation Framework ΓÇ║ Schema Consistency: Source and target fields should align 
    [chromium] ΓÇ║ tests\e2e\schema-validation.test.ts:38:9 ΓÇ║ Great Expectations Schema Validation ΓÇ║ Patients Table Schema ΓÇ║ should validate patients source table schema 
    [chromium] ΓÇ║ tests\e2e\schema-validation.test.ts:103:9 ΓÇ║ Great Expectations Schema Validation ΓÇ║ Patients Table Schema ΓÇ║ should validate patients target table schema 
    [chromium] ΓÇ║ tests\e2e\schema-validation.test.ts:167:9 ΓÇ║ Great Expectations Schema Validation ΓÇ║ Patients Table Schema ΓÇ║ should compare source and target patients schemas 
    [chromium] ΓÇ║ tests\e2e\schema-validation.test.ts:373:9 ΓÇ║ Great Expectations Schema Validation ΓÇ║ Medications Table Schema ΓÇ║ should validate medications source table schema 
    [chromium] ΓÇ║ tests\e2e\schema-validation.test.ts:438:9 ΓÇ║ Great Expectations Schema Validation ΓÇ║ Medications Table Schema ΓÇ║ should validate medications target table schema 
    [chromium] ΓÇ║ tests\e2e\schema-validation.test.ts:502:9 ΓÇ║ Great Expectations Schema Validation ΓÇ║ Medications Table Schema ΓÇ║ should compare source and target medications schemas 
    [chromium] ΓÇ║ tests\e2e\transformation.test.ts:63:9 ΓÇ║ Data Transformation & Truncation ΓÇ║ Transformation: Field mapping validation - Patients 
    [chromium] ΓÇ║ tests\e2e\transformation.test.ts:110:9 ΓÇ║ Data Transformation & Truncation ΓÇ║ Transformation: Field mapping validation - Visits 
    [chromium] ΓÇ║ tests\e2e\transformation.test.ts:419:9 ΓÇ║ Data Transformation & Truncation ΓÇ║ Transformation: Calculate overall success rate 
  33 passed (21.5s)

[36m  Serving HTML report at http://localhost:50746. Press Ctrl+C to quit.[39m
